Component: ARM Compiler 5.06 update 6 (build 750) Tool: armlink [4d35ed]

==============================================================================

Section Cross References

    startup_stm32h750xx.o(RESET) refers to startup_stm32h750xx.o(STACK) for __initial_sp
    startup_stm32h750xx.o(RESET) refers to startup_stm32h750xx.o(.text) for Reset_Handler
    startup_stm32h750xx.o(RESET) refers to stm32h7xx_it.o(i.NMI_Handler) for NMI_Handler
    startup_stm32h750xx.o(RESET) refers to stm32h7xx_it.o(i.HardFault_Handler) for HardFault_Handler
    startup_stm32h750xx.o(RESET) refers to stm32h7xx_it.o(i.MemManage_Handler) for MemManage_Handler
    startup_stm32h750xx.o(RESET) refers to stm32h7xx_it.o(i.BusFault_Handler) for BusFault_Handler
    startup_stm32h750xx.o(RESET) refers to stm32h7xx_it.o(i.UsageFault_Handler) for UsageFault_Handler
    startup_stm32h750xx.o(RESET) refers to stm32h7xx_it.o(i.SVC_Handler) for SVC_Handler
    startup_stm32h750xx.o(RESET) refers to stm32h7xx_it.o(i.DebugMon_Handler) for DebugMon_Handler
    startup_stm32h750xx.o(RESET) refers to stm32h7xx_it.o(i.PendSV_Handler) for PendSV_Handler
    startup_stm32h750xx.o(RESET) refers to stm32h7xx_it.o(i.SysTick_Handler) for SysTick_Handler
    startup_stm32h750xx.o(.text) refers to system_stm32h7xx.o(i.SystemInit) for SystemInit
    startup_stm32h750xx.o(.text) refers to entry.o(.ARM.Collect$$$$00000000) for __main
    main.o(i.SystemClock_Config) refers to memseta.o(.text) for __aeabi_memclr4
    main.o(i.SystemClock_Config) refers to stm32h7xx_hal_pwr_ex.o(i.HAL_PWREx_ConfigSupply) for HAL_PWREx_ConfigSupply
    main.o(i.SystemClock_Config) refers to stm32h7xx_hal_rcc.o(i.HAL_RCC_OscConfig) for HAL_RCC_OscConfig
    main.o(i.SystemClock_Config) refers to stm32h7xx_hal_rcc.o(i.HAL_RCC_ClockConfig) for HAL_RCC_ClockConfig
    main.o(i.clearMemory) refers to memseta.o(.text) for __aeabi_memclr
    main.o(i.main) refers to stm32h7xx_hal.o(i.HAL_Init) for HAL_Init
    main.o(i.main) refers to main.o(i.SystemClock_Config) for SystemClock_Config
    main.o(i.main) refers to gpio.o(i.MX_GPIO_Init) for MX_GPIO_Init
    main.o(i.main) refers to usart.o(i.MX_UART4_Init) for MX_UART4_Init
    main.o(i.main) refers to bsp_usart.o(i.putstr) for putstr
    main.o(i.main) refers to aes_process.o(i.aes_pro) for aes_pro
    main.o(i.main) refers to shell.o(i.shell) for shell
    main.o(i.process_data_blocks) refers to stm32h7xx_hal_cryp.o(i.HAL_CRYP_Encrypt) for HAL_CRYP_Encrypt
    main.o(i.process_data_blocks) refers to printf8.o(i.__0printf$8) for __2printf
    main.o(i.process_data_blocks) refers to stm32h7xx_hal_cryp.o(i.HAL_CRYP_Decrypt) for HAL_CRYP_Decrypt
    main.o(i.process_data_blocks) refers to stm32h7xx_hal.o(i.HAL_Delay) for HAL_Delay
    main.o(i.process_data_blocks) refers to cryp.o(.bss) for hcryp
    gpio.o(i.MX_GPIO_Init) refers to memseta.o(.text) for __aeabi_memclr4
    gpio.o(i.MX_GPIO_Init) refers to stm32h7xx_hal_gpio.o(i.HAL_GPIO_WritePin) for HAL_GPIO_WritePin
    gpio.o(i.MX_GPIO_Init) refers to stm32h7xx_hal_gpio.o(i.HAL_GPIO_Init) for HAL_GPIO_Init
    crc.o(i.MX_CRC_Init) refers to stm32h7xx_hal_crc.o(i.HAL_CRC_Init) for HAL_CRC_Init
    crc.o(i.MX_CRC_Init) refers to main.o(i.Error_Handler) for Error_Handler
    crc.o(i.MX_CRC_Init) refers to crc.o(.bss) for .bss
    cryp.o(i.MX_CRYP_Init) refers to stm32h7xx_hal_cryp.o(i.HAL_CRYP_Init) for HAL_CRYP_Init
    cryp.o(i.MX_CRYP_Init) refers to main.o(i.Error_Handler) for Error_Handler
    cryp.o(i.MX_CRYP_Init) refers to cryp.o(.bss) for .bss
    cryp.o(i.MX_CRYP_Init) refers to cryp.o(.constdata) for .constdata
    fmc.o(i.HAL_FMC_MspInit) refers to memseta.o(.text) for __aeabi_memclr4
    fmc.o(i.HAL_FMC_MspInit) refers to stm32h7xx_hal_rcc_ex.o(i.HAL_RCCEx_PeriphCLKConfig) for HAL_RCCEx_PeriphCLKConfig
    fmc.o(i.HAL_FMC_MspInit) refers to main.o(i.Error_Handler) for Error_Handler
    fmc.o(i.HAL_FMC_MspInit) refers to stm32h7xx_hal_gpio.o(i.HAL_GPIO_Init) for HAL_GPIO_Init
    fmc.o(i.HAL_FMC_MspInit) refers to fmc.o(.data) for .data
    fmc.o(i.HAL_SDRAM_MspDeInit) refers to stm32h7xx_hal_gpio.o(i.HAL_GPIO_DeInit) for HAL_GPIO_DeInit
    fmc.o(i.HAL_SDRAM_MspDeInit) refers to fmc.o(.data) for .data
    fmc.o(i.HAL_SDRAM_MspInit) refers to fmc.o(i.HAL_FMC_MspInit) for HAL_FMC_MspInit
    fmc.o(i.MX_FMC_Init) refers to memseta.o(.text) for __aeabi_memclr4
    fmc.o(i.MX_FMC_Init) refers to stm32h7xx_hal_sdram.o(i.HAL_SDRAM_Init) for HAL_SDRAM_Init
    fmc.o(i.MX_FMC_Init) refers to main.o(i.Error_Handler) for Error_Handler
    fmc.o(i.MX_FMC_Init) refers to fmc.o(.bss) for .bss
    quadspi.o(i.HAL_QSPI_MspDeInit) refers to stm32h7xx_hal_gpio.o(i.HAL_GPIO_DeInit) for HAL_GPIO_DeInit
    quadspi.o(i.HAL_QSPI_MspInit) refers to memseta.o(.text) for __aeabi_memclr4
    quadspi.o(i.HAL_QSPI_MspInit) refers to stm32h7xx_hal_rcc_ex.o(i.HAL_RCCEx_PeriphCLKConfig) for HAL_RCCEx_PeriphCLKConfig
[...]
    CMOX_CTA_PROTECTED_DATA6                 0x08007d54   Section        0  cmox_aesfast_encrypt.c.o(CMOX_CTA_PROTECTED_DATA)
    CMOX_CTA_PROTECTED_DATA6                 0x08008154   Section        0  cmox_aes_common.c.o(CMOX_CTA_PROTECTED_DATA)
    CMOX_CTA_PROTECTED_DATA7                 0x08008254   Section        0  cmox_aes_common.c.o(CMOX_CTA_PROTECTED_DATA)
    .data                                    0x20000000   Section       12  stm32h7xx_hal.o(.data)
    .data                                    0x2000000c   Section        8  system_stm32h7xx.o(.data)
    .data                                    0x20000014   Section       16  bsp_qspi.o(.data)
    stm32_flash                              0x20000014   Data          16  bsp_qspi.o(.data)
    .data                                    0x20000024   Section       32  boot.o(.data)
    buttonState                              0x20000024   Data           1  boot.o(.data)
    longPressDetected                        0x20000025   Data           1  boot.o(.data)
    pressTime                                0x20000030   Data           4  boot.o(.data)
    .data                                    0x20000044   Section        4  shell.o(.data)
    finsh_prompt_custom                      0x20000044   Data           4  shell.o(.data)
    .data                                    0x20000048   Section       40  command.o(.data)
    g_commands                               0x20000048   Data          40  command.o(.data)
    .data                                    0x20000070   Section       16  cmd_help.o(.data)
    .data                                    0x20000080   Section       16  cmd_clear.o(.data)
    .data                                    0x20000090   Section       16  cmd_crc32.o(.data)
    .data                                    0x200000a0   Section       16  cmd_flash.o(.data)
    .data                                    0x200000b0   Section       16  cmd_go.o(.data)
    .data                                    0x200000c0   Section       16  cmd_reboot.o(.data)
    .data                                    0x200000d0   Section        3  cmd_setenv.o(.data)
    .data                                    0x200000d4   Section       16  cmd_setenv.o(.data)
    .data                                    0x200000e4   Section       16  cmd_setenv.o(.data)
    .data                                    0x200000f4   Section     1536  crctab.o(.data)
    .data                                    0x200006f4   Section       16  mrz.o(.data)
    .data                                    0x20000704   Section       17  zm.o(.data)
    digits                                   0x20000704   Data          17  zm.o(.data)
    .data                                    0x20000715   Section       21  zreadline.o(.data)
    canistr                                  0x20000715   Data          21  zreadline.o(.data)
    .data                                    0x2000072c   Section        4  aes_process.o(.data)
    .data                                    0x20000730   Section        4  stdout.o(.data)
    .data                                    0x20000734   Section        4  stderr.o(.data)
    .bss                                     0x20000738   Section       36  crc.o(.bss)
    .bss                                     0x2000075c   Section      148  usart.o(.bss)
    .bss                                     0x200007f0   Section      492  shell.o(.bss)
    .bss                                     0x200009dc   Section     1452  lrz.o(.bss)
    name_static                              0x200009dc   Data          20  lrz.o(.bss)
    g_rz                                     0x200009f0   Data        1432  lrz.o(.bss)
    .bss                                     0x20000f88   Section      320  zm.o(.bss)
    g_zm                                     0x20000f88   Data         320  zm.o(.bss)
    .bss                                     0x200010c8   Section       24  zreadline.o(.bss)
    g_zr                                     0x200010c8   Data          24  zreadline.o(.bss)
    .bss                                     0x200010e0   Section       12  file.o(.bss)
    g_rcv_st                                 0x200010e0   Data          12  file.o(.bss)
    .bss                                     0x200010ec   Section      404  aes_process.o(.bss)
    .bss7                                    0x20001280   Section        0  cmox_init.c.o(.bss)
    STACK                                    0x20001282   Section    32768  startup_stm32h750xx.o(STACK)

    Global Symbols

    Symbol Name                              Value     Ov Type        Size  Object(Section)

    BuildAttributes$$THM_ISAv4$E$P$D$K$B$S$7EM$VFPv5_D16$PE$PLD8$A:L22UL41UL21$X:L11$S22US41US21$IEEE1$IW$USESV6$~STKCKD$USESV7$~SHL$OTIME$ROPI$EBA8$MICROLIB$REQ8$PRES8$EABIv2 0x00000000   Number         0  anon$$obj.o ABSOLUTE
    __ARM_use_no_argv                        0x00000000   Number         0  main.o ABSOLUTE
    _printf_a                                0x00000000   Number         0  stubs.o ABSOLUTE
    _printf_c                                0x00000000   Number         0  stubs.o ABSOLUTE
    _printf_charcount                        0x00000000   Number         0  stubs.o ABSOLUTE
    _printf_d                                0x00000000   Number         0  stubs.o ABSOLUTE
    _printf_e                                0x00000000   Number         0  stubs.o ABSOLUTE
    _printf_f                                0x00000000   Number         0  stubs.o ABSOLUTE
    _printf_flags                            0x00000000   Number         0  stubs.o ABSOLUTE
    _printf_fp_dec                           0x00000000   Number         0  stubs.o ABSOLUTE
    _printf_fp_hex                           0x00000000   Number         0  stubs.o ABSOLUTE
    _printf_g                                0x00000000   Number         0  stubs.o ABSOLUTE
    _printf_i                                0x00000000   Number         0  stubs.o ABSOLUTE
    _printf_int_dec                          0x00000000   Number         0  stubs.o ABSOLUTE
    _printf_l                                0x00000000   Number         0  stubs.o ABSOLUTE
    _printf_lc                               0x00000000   Number         0  stubs.o ABSOLUTE
    _printf_ll                               0x00000000   Number         0  stubs.o ABSOLUTE
    _printf_lld                              0x00000000   Number         0  stubs.o ABSOLUTE
    _printf_lli                              0x00000000   Number         0  stubs.o ABSOLUTE
    _printf_llo                              0x00000000   Number         0  stubs.o ABSOLUTE
    _printf_llu                              0x00000000   Number         0  stubs.o ABSOLUTE
    _printf_llx                              0x00000000   Number         0  stubs.o ABSOLUTE
    _printf_longlong_dec                     0x00000000   Number         0  stubs.o ABSOLUTE
    _printf_longlong_hex                     0x00000000   Number         0  stubs.o ABSOLUTE
    _printf_longlong_oct                     0x00000000   Number         0  stubs.o ABSOLUTE
    _printf_ls                               0x00000000   Number         0  stubs.o ABSOLUTE
    _printf_mbtowc                           0x00000000   Number         0  stubs.o ABSOLUTE
    _printf_n                                0x00000000   Number         0  stubs.o ABSOLUTE
    _printf_o                                0x00000000   Number         0  stubs.o ABSOLUTE
    _printf_p                                0x00000000   Number         0  stubs.o ABSOLUTE
    _printf_percent                          0x00000000   Number         0  stubs.o ABSOLUTE
    _printf_pre_padding                      0x00000000   Number         0  stubs.o ABSOLUTE
    _printf_return_value                     0x00000000   Number         0  stubs.o ABSOLUTE
    _printf_s                                0x00000000   Number         0  stubs.o ABSOLUTE
    _printf_sizespec                         0x00000000   Number         0  stubs.o ABSOLUTE
    _printf_str                              0x00000000   Number         0  stubs.o ABSOLUTE
    _printf_truncate_signed                  0x00000000   Number         0  stubs.o ABSOLUTE
    _printf_truncate_unsigned                0x00000000   Number         0  stubs.o ABSOLUTE
    _printf_u                                0x00000000   Number         0  stubs.o ABSOLUTE
    _printf_wc                               0x00000000   Number         0  stubs.o ABSOLUTE
    _printf_wctomb                           0x00000000   Number         0  stubs.o ABSOLUTE
    _printf_widthprec                        0x00000000   Number         0  stubs.o ABSOLUTE
    _printf_x                                0x00000000   Number         0  stubs.o ABSOLUTE
    __cpp_initialize__aeabi_                  - Undefined Weak Reference
    __cxa_finalize                            - Undefined Weak Reference
    _clock_init                               - Undefined Weak Reference
    _microlib_exit                            - Undefined Weak Reference
    _scanf_longlong                           - Undefined Weak Reference
    _scanf_real                               - Undefined Weak Reference
    _scanf_string                             - Undefined Weak Reference
    __Vectors_Size                           0x00000298   Number         0  startup_stm32h750xx.o ABSOLUTE
    __Vectors                                0x08000000   Data           4  startup_stm32h750xx.o(RESET)
    __Vectors_End                            0x08000298   Data           0  startup_stm32h750xx.o(RESET)
    __main                                   0x08000299   Thumb Code     0  entry.o(.ARM.Collect$$$$00000000)
    _main_stk                                0x08000299   Thumb Code     0  entry2.o(.ARM.Collect$$$$00000001)
    _main_scatterload                        0x0800029d   Thumb Code     0  entry5.o(.ARM.Collect$$$$00000004)
    __main_after_scatterload                 0x080002a1   Thumb Code     0  entry5.o(.ARM.Collect$$$$00000004)
    _main_clock                              0x080002a1   Thumb Code     0  entry7b.o(.ARM.Collect$$$$00000008)
    _main_cpp_init                           0x080002a1   Thumb Code     0  entry8b.o(.ARM.Collect$$$$0000000A)
    _main_init                               0x080002a1   Thumb Code     0  entry9a.o(.ARM.Collect$$$$0000000B)
    __rt_final_cpp                           0x080002a9   Thumb Code     0  entry10a.o(.ARM.Collect$$$$0000000D)
    __rt_final_exit                          0x080002a9   Thumb Code     0  entry11a.o(.ARM.Collect$$$$0000000F)
    Reset_Handler                            0x080002ad   Thumb Code     8  startup_stm32h750xx.o(.text)
    ADC3_IRQHandler                          0x080002c7   Thumb Code     0  startup_stm32h750xx.o(.text)
    ADC_IRQHandler                           0x080002c7   Thumb Code     0  startup_stm32h750xx.o(.text)
    BDMA_Channel0_IRQHandler                 0x080002c7   Thumb Code     0  startup_stm32h750xx.o(.text)
    BDMA_Channel1_IRQHandler                 0x080002c7   Thumb Code     0  startup_stm32h750xx.o(.text)
    BDMA_Channel2_IRQHandler                 0x080002c7   Thumb Code     0  startup_stm32h750xx.o(.text)
    BDMA_Channel3_IRQHandler                 0x080002c7   Thumb Code     0  startup_stm32h750xx.o(.text)
    BDMA_Channel4_IRQHandler                 0x080002c7   Thumb Code     0  startup_stm32h750xx.o(.text)
    BDMA_Channel5_IRQHandler                 0x080002c7   Thumb Code     0  startup_stm32h750xx.o(.text)
    BDMA_Channel6_IRQHandler                 0x080002c7   Thumb Code     0  startup_stm32h750xx.o(.text)
    BDMA_Channel7_IRQHandler                 0x080002c7   Thumb Code     0  startup_stm32h750xx.o(.text)
    CEC_IRQHandler                           0x080002c7   Thumb Code     0  startup_stm32h750xx.o(.text)
    COMP1_IRQHandler                         0x080002c7   Thumb Code     0  startup_stm32h750xx.o(.text)
    CRS_IRQHandler                           0x080002c7   Thumb Code     0  startup_stm32h750xx.o(.text)
    CRYP_IRQHandler                          0x080002c7   Thumb Code     0  startup_stm32h750xx.o(.text)
    DCMI_IRQHandler                          0x080002c7   Thumb Code     0  startup_stm32h750xx.o(.text)
    DFSDM1_FLT0_IRQHandler                   0x080002c7   Thumb Code     0  startup_stm32h750xx.o(.text)
    DFSDM1_FLT1_IRQHandler                   0x080002c7   Thumb Code     0  startup_stm32h750xx.o(.text)
    DFSDM1_FLT2_IRQHandler                   0x080002c7   Thumb Code     0  startup_stm32h750xx.o(.text)
    DFSDM1_FLT3_IRQHandler                   0x080002c7   Thumb Code     0  startup_stm32h750xx.o(.text)
    DMA1_Stream0_IRQHandler                  0x080002c7   Thumb Code     0  startup_stm32h750xx.o(.text)
    DMA1_Stream1_IRQHandler                  0x080002c7   Thumb Code     0  startup_stm32h750xx.o(.text)
    DMA1_Stream2_IRQHandler                  0x080002c7   Thumb Code     0  startup_stm32h750xx.o(.text)
    DMA1_Stream3_IRQHandler                  0x080002c7   Thumb Code     0  startup_stm32h750xx.o(.text)
    DMA1_Stream4_IRQHandler                  0x080002c7   Thumb Code     0  startup_stm32h750xx.o(.text)
    DMA1_Stream5_IRQHandler                  0x080002c7   Thumb Code     0  startup_stm32h750xx.o(.text)
    DMA1_Stream6_IRQHandler                  0x080002c7   Thumb Code     0  startup_stm32h750xx.o(.text)
    DMA1_Stream7_IRQHandler                  0x080002c7   Thumb Code     0  startup_stm32h750xx.o(.text)
    DMA2D_IRQHandler                         0x080002c7   Thumb Code     0  startup_stm32h750xx.o(.text)
    DMA2_Stream0_IRQHandler                  0x080002c7   Thumb Code     0  startup_stm32h750xx.o(.text)
    DMA2_Stream1_IRQHandler                  0x080002c7   Thumb Code     0  startup_stm32h750xx.o(.text)
    DMA2_Stream2_IRQHandler                  0x080002c7   Thumb Code     0  startup_stm32h750xx.o(.text)
    DMA2_Stream3_IRQHandler                  0x080002c7   Thumb Code     0  startup_stm32h750xx.o(.text)
    DMA2_Stream4_IRQHandler                  0x080002c7   Thumb Code     0  startup_stm32h750xx.o(.text)
    DMA2_Stream5_IRQHandler                  0x080002c7   Thumb Code     0  startup_stm32h750xx.o(.text)
    DMA2_Stream6_IRQHandler                  0x080002c7   Thumb Code     0  startup_stm32h750xx.o(.text)
    DMA2_Stream7_IRQHandler                  0x080002c7   Thumb Code     0  startup_stm32h750xx.o(.text)
    DMAMUX1_OVR_IRQHandler                   0x080002c7   Thumb Code     0  startup_stm32h750xx.o(.text)
    DMAMUX2_OVR_IRQHandler                   0x080002c7   Thumb Code     0  startup_stm32h750xx.o(.text)
    ECC_IRQHandler                           0x080002c7   Thumb Code     0  startup_stm32h750xx.o(.text)
    ETH_IRQHandler                           0x080002c7   Thumb Code     0  startup_stm32h750xx.o(.text)
    ETH_WKUP_IRQHandler                      0x080002c7   Thumb Code     0  startup_stm32h750xx.o(.text)
    EXTI0_IRQHandler                         0x080002c7   Thumb Code     0  startup_stm32h750xx.o(.text)
    EXTI15_10_IRQHandler                     0x080002c7   Thumb Code     0  startup_stm32h750xx.o(.text)
    EXTI1_IRQHandler                         0x080002c7   Thumb Code     0  startup_stm32h750xx.o(.text)
    EXTI2_IRQHandler                         0x080002c7   Thumb Code     0  startup_stm32h750xx.o(.text)
    EXTI3_IRQHandler                         0x080002c7   Thumb Code     0  startup_stm32h750xx.o(.text)
    EXTI4_IRQHandler                         0x080002c7   Thumb Code     0  startup_stm32h750xx.o(.text)
    EXTI9_5_IRQHandler                       0x080002c7   Thumb Code     0  startup_stm32h750xx.o(.text)
    FDCAN1_IT0_IRQHandler                    0x080002c7   Thumb Code     0  startup_stm32h750xx.o(.text)
    FDCAN1_IT1_IRQHandler                    0x080002c7   Thumb Code     0  startup_stm32h750xx.o(.text)
    FDCAN2_IT0_IRQHandler                    0x080002c7   Thumb Code     0  startup_stm32h750xx.o(.text)
    FDCAN2_IT1_IRQHandler                    0x080002c7   Thumb Code     0  startup_stm32h750xx.o(.text)
    FDCAN_CAL_IRQHandler                     0x080002c7   Thumb Code     0  startup_stm32h750xx.o(.text)
    FLASH_IRQHandler                         0x080002c7   Thumb Code     0  startup_stm32h750xx.o(.text)
    FMC_IRQHandler                           0x080002c7   Thumb Code     0  startup_stm32h750xx.o(.text)
    FPU_IRQHandler                           0x080002c7   Thumb Code     0  startup_stm32h750xx.o(.text)
    HASH_RNG_IRQHandler                      0x080002c7   Thumb Code     0  startup_stm32h750xx.o(.text)
    HRTIM1_FLT_IRQHandler                    0x080002c7   Thumb Code     0  startup_stm32h750xx.o(.text)
    HRTIM1_Master_IRQHandler                 0x080002c7   Thumb Code     0  startup_stm32h750xx.o(.text)
    HRTIM1_TIMA_IRQHandler                   0x080002c7   Thumb Code     0  startup_stm32h750xx.o(.text)
    HRTIM1_TIMB_IRQHandler                   0x080002c7   Thumb Code     0  startup_stm32h750xx.o(.text)
    HRTIM1_TIMC_IRQHandler                   0x080002c7   Thumb Code     0  startup_stm32h750xx.o(.text)
    HRTIM1_TIMD_IRQHandler                   0x080002c7   Thumb Code     0  startup_stm32h750xx.o(.text)
    HRTIM1_TIME_IRQHandler                   0x080002c7   Thumb Code     0  startup_stm32h750xx.o(.text)
    HSEM1_IRQHandler                         0x080002c7   Thumb Code     0  startup_stm32h750xx.o(.text)
    I2C1_ER_IRQHandler                       0x080002c7   Thumb Code     0  startup_stm32h750xx.o(.text)
    I2C1_EV_IRQHandler                       0x080002c7   Thumb Code     0  startup_stm32h750xx.o(.text)
    I2C2_ER_IRQHandler                       0x080002c7   Thumb Code     0  startup_stm32h750xx.o(.text)
    I2C2_EV_IRQHandler                       0x080002c7   Thumb Code     0  startup_stm32h750xx.o(.text)
    I2C3_ER_IRQHandler                       0x080002c7   Thumb Code     0  startup_stm32h750xx.o(.text)
    I2C3_EV_IRQHandler                       0x080002c7   Thumb Code     0  startup_stm32h750xx.o(.text)
    I2C4_ER_IRQHandler                       0x080002c7   Thumb Code     0  startup_stm32h750xx.o(.text)
    I2C4_EV_IRQHandler                       0x080002c7   Thumb Code     0  startup_stm32h750xx.o(.text)
    JPEG_IRQHandler                          0x080002c7   Thumb Code     0  startup_stm32h750xx.o(.text)
    LPTIM1_IRQHandler                        0x080002c7   Thumb Code     0  startup_stm32h750xx.o(.text)
    LPTIM2_IRQHandler                        0x080002c7   Thumb Code     0  startup_stm32h750xx.o(.text)
    LPTIM3_IRQHandler                        0x080002c7   Thumb Code     0  startup_stm32h750xx.o(.text)
    LPTIM4_IRQHandler                        0x080002c7   Thumb Code     0  startup_stm32h750xx.o(.text)
    LPTIM5_IRQHandler                        0x080002c7   Thumb Code     0  startup_stm32h750xx.o(.text)
    LPUART1_IRQHandler                       0x080002c7   Thumb Code     0  startup_stm32h750xx.o(.text)
    LTDC_ER_IRQHandler                       0x080002c7   Thumb Code     0  startup_stm32h750xx.o(.text)
    LTDC_IRQHandler                          0x080002c7   Thumb Code     0  startup_stm32h750xx.o(.text)
    MDIOS_IRQHandler                         0x080002c7   Thumb Code     0  startup_stm32h750xx.o(.text)
    MDIOS_WKUP_IRQHandler                    0x080002c7   Thumb Code     0  startup_stm32h750xx.o(.text)
    MDMA_IRQHandler                          0x080002c7   Thumb Code     0  startup_stm32h750xx.o(.text)
    OTG_FS_EP1_IN_IRQHandler                 0x080002c7   Thumb Code     0  startup_stm32h750xx.o(.text)
    OTG_FS_EP1_OUT_IRQHandler                0x080002c7   Thumb Code     0  startup_stm32h750xx.o(.text)
    OTG_FS_IRQHandler                        0x080002c7   Thumb Code     0  startup_stm32h750xx.o(.text)
    OTG_FS_WKUP_IRQHandler                   0x080002c7   Thumb Code     0  startup_stm32h750xx.o(.text)
    OTG_HS_EP1_IN_IRQHandler                 0x080002c7   Thumb Code     0  startup_stm32h750xx.o(.text)
    OTG_HS_EP1_OUT_IRQHandler                0x080002c7   Thumb Code     0  startup_stm32h750xx.o(.text)
    OTG_HS_IRQHandler                        0x080002c7   Thumb Code     0  startup_stm32h750xx.o(.text)
    OTG_HS_WKUP_IRQHandler                   0x080002c7   Thumb Code     0  startup_stm32h750xx.o(.text)
    PVD_AVD_IRQHandler                       0x080002c7   Thumb Code     0  startup_stm32h750xx.o(.text)
    QUADSPI_IRQHandler                       0x080002c7   Thumb Code     0  startup_stm32h750xx.o(.text)
    RCC_IRQHandler                           0x080002c7   Thumb Code     0  startup_stm32h750xx.o(.text)
    RTC_Alarm_IRQHandler                     0x080002c7   Thumb Code     0  startup_stm32h750xx.o(.text)
    RTC_WKUP_IRQHandler                      0x080002c7   Thumb Code     0  startup_stm32h750xx.o(.text)
    SAI1_IRQHandler                          0x080002c7   Thumb Code     0  startup_stm32h750xx.o(.text)
    SAI2_IRQHandler                          0x080002c7   Thumb Code     0  startup_stm32h750xx.o(.text)
    SAI3_IRQHandler                          0x080002c7   Thumb Code     0  startup_stm32h750xx.o(.text)
    SAI4_IRQHandler                          0x080002c7   Thumb Code     0  startup_stm32h750xx.o(.text)
    SDMMC1_IRQHandler                        0x080002c7   Thumb Code     0  startup_stm32h750xx.o(.text)
    SDMMC2_IRQHandler                        0x080002c7   Thumb Code     0  startup_stm32h750xx.o(.text)
    SPDIF_RX_IRQHandler                      0x080002c7   Thumb Code     0  startup_stm32h750xx.o(.text)
    SPI1_IRQHandler                          0x080002c7   Thumb Code     0  startup_stm32h750xx.o(.text)
    SPI2_IRQHandler                          0x080002c7   Thumb Code     0  startup_stm32h750xx.o(.text)
    SPI3_IRQHandler                          0x080002c7   Thumb Code     0  startup_stm32h750xx.o(.text)
    SPI4_IRQHandler                          0x080002c7   Thumb Code     0  startup_stm32h750xx.o(.text)
    SPI5_IRQHandler                          0x080002c7   Thumb Code     0  startup_stm32h750xx.o(.text)
    SPI6_IRQHandler                          0x080002c7   Thumb Code     0  startup_stm32h750xx.o(.text)
    SWPMI1_IRQHandler                        0x080002c7   Thumb Code     0  startup_stm32h750xx.o(.text)
    TAMP_STAMP_IRQHandler                    0x080002c7   Thumb Code     0  startup_stm32h750xx.o(.text)
    TIM15_IRQHandler                         0x080002c7   Thumb Code     0  startup_stm32h750xx.o(.text)
    TIM16_IRQHandler                         0x080002c7   Thumb Code     0  startup_stm32h750xx.o(.text)
    TIM17_IRQHandler                         0x080002c7   Thumb Code     0  startup_stm32h750xx.o(.text)
    TIM1_BRK_IRQHandler                      0x080002c7   Thumb Code     0  startup_stm32h750xx.o(.text)
    TIM1_CC_IRQHandler                       0x080002c7   Thumb Code     0  startup_stm32h750xx.o(.text)
    TIM1_TRG_COM_IRQHandler                  0x080002c7   Thumb Code     0  startup_stm32h750xx.o(.text)
    TIM1_UP_IRQHandler                       0x080002c7   Thumb Code     0  startup_stm32h750xx.o(.text)
    TIM2_IRQHandler                          0x080002c7   Thumb Code     0  startup_stm32h750xx.o(.text)
    TIM3_IRQHandler                          0x080002c7   Thumb Code     0  startup_stm32h750xx.o(.text)
    TIM4_IRQHandler                          0x080002c7   Thumb Code     0  startup_stm32h750xx.o(.text)
    TIM5_IRQHandler                          0x080002c7   Thumb Code     0  startup_stm32h750xx.o(.text)
    TIM6_DAC_IRQHandler                      0x080002c7   Thumb Code     0  startup_stm32h750xx.o(.text)
    TIM7_IRQHandler                          0x080002c7   Thumb Code     0  startup_stm32h750xx.o(.text)
    TIM8_BRK_TIM12_IRQHandler                0x080002c7   Thumb Code     0  startup_stm32h750xx.o(.text)
    TIM8_CC_IRQHandler                       0x080002c7   Thumb Code     0  startup_stm32h750xx.o(.text)
    TIM8_TRG_COM_TIM14_IRQHandler            0x080002c7   Thumb Code     0  startup_stm32h750xx.o(.text)
    TIM8_UP_TIM13_IRQHandler                 0x080002c7   Thumb Code     0  startup_stm32h750xx.o(.text)
    UART4_IRQHandler                         0x080002c7   Thumb Code     0  startup_stm32h750xx.o(.text)
    UART5_IRQHandler                         0x080002c7   Thumb Code     0  startup_stm32h750xx.o(.text)
    UART7_IRQHandler                         0x080002c7   Thumb Code     0  startup_stm32h750xx.o(.text)
    UART8_IRQHandler                         0x080002c7   Thumb Code     0  startup_stm32h750xx.o(.text)
    USART1_IRQHandler                        0x080002c7   Thumb Code     0  startup_stm32h750xx.o(.text)
    USART2_IRQHandler                        0x080002c7   Thumb Code     0  startup_stm32h750xx.o(.text)
    USART3_IRQHandler                        0x080002c7   Thumb Code     0  startup_stm32h750xx.o(.text)
    USART6_IRQHandler                        0x080002c7   Thumb Code     0  startup_stm32h750xx.o(.text)
    WAKEUP_PIN_IRQHandler                    0x080002c7   Thumb Code     0  startup_stm32h750xx.o(.text)
    WWDG_IRQHandler                          0x080002c7   Thumb Code     0  startup_stm32h750xx.o(.text)
    cmox_cbc_getByCipher                     0x08000351   Thumb Code    10  cmox_cbc_common.c.o(.text)
    cmox_cbc_cleanup                         0x0800035d   Thumb Code    32  cmox_cbc_common.c.o(.text)
    cmox_cbc_init                            0x0800037d   Thumb Code    36  cmox_cbc_common.c.o(.text)
    cmox_cbc_setKey                          0x080003a1   Thumb Code    40  cmox_cbc_common.c.o(.text)
    cmox_cbc_setIV                           0x080003c9   Thumb Code    52  cmox_cbc_common.c.o(.text)
    cmox_cbc_construct                       0x080003fd   Thumb Code    10  cmox_cbc_common.c.o(.text)
    cmox_cipher_cleanup                      0x08000409   Thumb Code    16  cmox_cipher.c.o(.text)
    cmox_cipher_init                         0x08000419   Thumb Code    16  cmox_cipher.c.o(.text)
    cmox_cipher_setKey                       0x08000429   Thumb Code    28  cmox_cipher.c.o(.text)
    cmox_cipher_setIV                        0x08000445   Thumb Code    28  cmox_cipher.c.o(.text)
    cmox_cipher_append                       0x08000461   Thumb Code    48  cmox_cipher.c.o(.text)
    cmox_cipher_encrypt                      0x08000491   Thumb Code    88  cmox_cipher.c.o(.text)
    cmox_cipher_decrypt                      0x080004e9   Thumb Code    88  cmox_cipher.c.o(.text)
    cmox_cipher_innerCompute                 0x08000541   Thumb Code   100  cmox_cipher.c.o(.text)
    cmox_initialize                          0x080005a5   Thumb Code   128  cmox_init.c.o(.text)
    cmox_finalize                            0x08000625   Thumb Code     4  cmox_init.c.o(.text)
    cmox_cbcDecrypt_construct                0x08000dd9   Thumb Code    16  cmox_cbc_decrypt.c.o(.text)
    cmox_cbcEncrypt_construct                0x08001165   Thumb Code    16  cmox_cbc_encrypt.c.o(.text)
    cmox_cipherMode_init                     0x08001175   Thumb Code    14  cmox_cipher_modes.c.o(.text)
    cmox_cipherMode_setKey                   0x08001185   Thumb Code   968  cmox_cipher_modes.c.o(.text)
    cmox_cipherMode_setIV                    0x0800154d   Thumb Code    56  cmox_cipher_modes.c.o(.text)
    cmox_cipher_setTagLen_empty              0x08001585   Thumb Code     6  cmox_cipher_modes.c.o(.text)
    cmox_cipher_setPayloadLen_empty          0x0800158b   Thumb Code     6  cmox_cipher_modes.c.o(.text)
    cmox_cipher_setADLen_empty               0x08001591   Thumb Code     6  cmox_cipher_modes.c.o(.text)
    cmox_cipher_appendAD_empty               0x08001597   Thumb Code     6  cmox_cipher_modes.c.o(.text)
    cmox_cipher_generateTag_empty            0x0800159d   Thumb Code     8  cmox_cipher_modes.c.o(.text)
    cmox_cipher_verifyTag_empty              0x080015a5   Thumb Code     8  cmox_cipher_modes.c.o(.text)
    cmox_aesSmall_keySchedule                0x080015ad   Thumb Code   276  cmox_aes_common.c.o(.text)
    convert_block_2_words                    0x080016c1   Thumb Code    40  cmox_cipher_utils.c.o(.text)
    convert_block_2_bytes                    0x080016e9   Thumb Code    46  cmox_cipher_utils.c.o(.text)
    xor_blocks                               0x08001717   Thumb Code    26  cmox_cipher_utils.c.o(.text)
    copy_block                               0x08001731   Thumb Code    18  cmox_cipher_utils.c.o(.text)
    __aeabi_uldivmod                         0x08001743   Thumb Code    98  uldiv.o(.text)
    __rt_ctype_table                         0x080017a5   Thumb Code     4  ctype_o.o(.text)
    isspace                                  0x080017ad   Thumb Code    18  isspace_o.o(.text)
    tolower                                  0x080017bf   Thumb Code    12  tolower.o(.text)
    ___aeabi_memcpy8$move                    0x080017cb   Thumb Code     0  memmovea.o(.text)
    __aeabi_memcpy                           0x080017cb   Thumb Code    64  memmovea.o(.text)
    __aeabi_memcpy4                          0x080017cb   Thumb Code     0  memmovea.o(.text)
    __aeabi_memmove                          0x080017cb   Thumb Code     0  memmovea.o(.text)
    __aeabi_memmove4                         0x080017cb   Thumb Code     0  memmovea.o(.text)
    __aeabi_memmove8                         0x080017cb   Thumb Code     0  memmovea.o(.text)
    __aeabi_memset                           0x0800180b   Thumb Code    14  memseta.o(.text)
    __aeabi_memset4                          0x0800180b   Thumb Code     0  memseta.o(.text)
    __aeabi_memset8                          0x0800180b   Thumb Code     0  memseta.o(.text)
    __aeabi_memclr                           0x08001819   Thumb Code     4  memseta.o(.text)
    __aeabi_memclr4                          0x08001819   Thumb Code     0  memseta.o(.text)
    __aeabi_memclr8                          0x08001819   Thumb Code     0  memseta.o(.text)
    _memset$wrapper                          0x0800181d   Thumb Code    18  memseta.o(.text)
    strlen                                   0x0800182f   Thumb Code    14  strlen.o(.text)
    strcmp                                   0x0800183d   Thumb Code    28  strcmp.o(.text)
    memcmp                                   0x08001859   Thumb Code    26  memcmp.o(.text)
    strcpy                                   0x08001873   Thumb Code    18  strcpy.o(.text)
    strrchr                                  0x08001885   Thumb Code    32  strrchr.o(.text)
    strpbrk                                  0x080018a5   Thumb Code    32  strpbrk.o(.text)
    __0sscanf                                0x080018c5   Thumb Code    48  __0sscanf.o(.text)
    _scanf_int                               0x080018fd   Thumb Code   332  _scanf_int.o(.text)
    __aeabi_llsl                             0x08001a49   Thumb Code    30  llshl.o(.text)
    _ll_shift_l                              0x08001a49   Thumb Code     0  llshl.o(.text)
    __aeabi_llsr                             0x08001a67   Thumb Code    32  llushr.o(.text)
    _ll_ushift_r                             0x08001a67   Thumb Code     0  llushr.o(.text)
    _chval                                   0x08001a87   Thumb Code    28  _chval.o(.text)
    __vfscanf_char                           0x08001ab1   Thumb Code    20  scanf_char.o(.text)
    _sgetc                                   0x08001acd   Thumb Code    30  _sgetc.o(.text)
    _sbackspace                              0x08001aeb   Thumb Code    34  _sgetc.o(.text)
    __scatterload                            0x08001b0d   Thumb Code    28  init.o(.text)
    __scatterload_rt2                        0x08001b0d   Thumb Code     0  init.o(.text)
    __vfscanf                                0x08001b31   Thumb Code   808  _scanf.o(.text)
    __decompress                             0x08001e5d   Thumb Code     0  __dczerorl2.o(.text)
    __decompress1                            0x08001e5d   Thumb Code    86  __dczerorl2.o(.text)
    BusFault_Handler                         0x08001eb3   Thumb Code     2  stm32h7xx_it.o(i.BusFault_Handler)
    DeInit_all_bsp_and_IRQ                   0x08001f4d   Thumb Code   194  boot.o(i.DeInit_all_bsp_and_IRQ)
    DebugMon_Handler                         0x0800202d   Thumb Code     2  stm32h7xx_it.o(i.DebugMon_Handler)
    Error_Handler                            0x0800202f   Thumb Code     4  main.o(i.Error_Handler)
    HAL_CRC_Calculate                        0x08002033   Thumb Code    76  stm32h7xx_hal_crc.o(i.HAL_CRC_Calculate)
    HAL_CRC_MspDeInit                        0x08002081   Thumb Code    20  crc.o(i.HAL_CRC_MspDeInit)
    HAL_GPIO_DeInit                          0x0800209d   Thumb Code   324  stm32h7xx_hal_gpio.o(i.HAL_GPIO_DeInit)
    HAL_GPIO_Init                            0x0800220d   Thumb Code   506  stm32h7xx_hal_gpio.o(i.HAL_GPIO_Init)
    HAL_GPIO_WritePin                        0x08002439   Thumb Code    10  stm32h7xx_hal_gpio.o(i.HAL_GPIO_WritePin)
    HAL_GetREVID                             0x08002445   Thumb Code     8  stm32h7xx_hal.o(i.HAL_GetREVID)
    HAL_GetTick                              0x08002451   Thumb Code     6  stm32h7xx_hal.o(i.HAL_GetTick)
    HAL_IncTick                              0x0800245d   Thumb Code    12  stm32h7xx_hal.o(i.HAL_IncTick)
    HAL_Init                                 0x0800246d   Thumb Code    74  stm32h7xx_hal.o(i.HAL_Init)
    HAL_InitTick                             0x080024c9   Thumb Code    56  stm32h7xx_hal.o(i.HAL_InitTick)
    HAL_MspInit                              0x08002509   Thumb Code    22  stm32h7xx_hal_msp.o(i.HAL_MspInit)
    HAL_NVIC_SetPriority                     0x08002525   Thumb Code    60  stm32h7xx_hal_cortex.o(i.HAL_NVIC_SetPriority)
    HAL_NVIC_SetPriorityGrouping             0x08002565   Thumb Code    28  stm32h7xx_hal_cortex.o(i.HAL_NVIC_SetPriorityGrouping)
    HAL_PWREx_ConfigSupply                   0x08002589   Thumb Code    78  stm32h7xx_hal_pwr_ex.o(i.HAL_PWREx_ConfigSupply)
    HAL_RCCEx_GetD3PCLK1Freq                 0x080025dd   Thumb Code    26  stm32h7xx_hal_rcc_ex.o(i.HAL_RCCEx_GetD3PCLK1Freq)
    HAL_RCCEx_GetPLL2ClockFreq               0x08002601   Thumb Code   296  stm32h7xx_hal_rcc_ex.o(i.HAL_RCCEx_GetPLL2ClockFreq)
    HAL_RCCEx_GetPLL3ClockFreq               0x08002745   Thumb Code   296  stm32h7xx_hal_rcc_ex.o(i.HAL_RCCEx_GetPLL3ClockFreq)
    HAL_RCCEx_PeriphCLKConfig                0x08002889   Thumb Code  2472  stm32h7xx_hal_rcc_ex.o(i.HAL_RCCEx_PeriphCLKConfig)
    HAL_RCC_ClockConfig                      0x08003235   Thumb Code   580  stm32h7xx_hal_rcc.o(i.HAL_RCC_ClockConfig)
    HAL_RCC_GetHCLKFreq                      0x08003491   Thumb Code    52  stm32h7xx_hal_rcc.o(i.HAL_RCC_GetHCLKFreq)
    HAL_RCC_GetPCLK1Freq                     0x080034d5   Thumb Code    26  stm32h7xx_hal_rcc.o(i.HAL_RCC_GetPCLK1Freq)
    HAL_RCC_GetPCLK2Freq                     0x080034f9   Thumb Code    26  stm32h7xx_hal_rcc.o(i.HAL_RCC_GetPCLK2Freq)
    HAL_RCC_GetSysClockFreq                  0x0800351d   Thumb Code   278  stm32h7xx_hal_rcc.o(i.HAL_RCC_GetSysClockFreq)
    HAL_RCC_OscConfig                        0x08003655   Thumb Code  1410  stm32h7xx_hal_rcc.o(i.HAL_RCC_OscConfig)
    HAL_SYSTICK_Config                       0x08003bd7   Thumb Code    38  stm32h7xx_hal_cortex.o(i.HAL_SYSTICK_Config)
    HAL_UARTEx_DisableFifoMode               0x08003bfd   Thumb Code    64  stm32h7xx_hal_uart_ex.o(i.HAL_UARTEx_DisableFifoMode)
    HAL_UARTEx_SetRxFifoThreshold            0x08003c3d   Thumb Code    76  stm32h7xx_hal_uart_ex.o(i.HAL_UARTEx_SetRxFifoThreshold)
    HAL_UARTEx_SetTxFifoThreshold            0x08003c89   Thumb Code    76  stm32h7xx_hal_uart_ex.o(i.HAL_UARTEx_SetTxFifoThreshold)
    HAL_UART_Init                            0x08003cd5   Thumb Code   106  stm32h7xx_hal_uart.o(i.HAL_UART_Init)
    HAL_UART_MspDeInit                       0x08003d41   Thumb Code    44  usart.o(i.HAL_UART_MspDeInit)
    HAL_UART_MspInit                         0x08003d7d   Thumb Code   158  usart.o(i.HAL_UART_MspInit)
    HAL_UART_Receive                         0x08003e2d   Thumb Code   232  stm32h7xx_hal_uart.o(i.HAL_UART_Receive)
    HAL_UART_Transmit                        0x08003f15   Thumb Code   176  stm32h7xx_hal_uart.o(i.HAL_UART_Transmit)
    HardFault_Handler                        0x08003fc5   Thumb Code     2  stm32h7xx_it.o(i.HardFault_Handler)
    MX_GPIO_Init                             0x08003fc9   Thumb Code   284  gpio.o(i.MX_GPIO_Init)
    MX_UART4_Init                            0x080040f5   Thumb Code    94  usart.o(i.MX_UART4_Init)
    MemManage_Handler                        0x0800415d   Thumb Code     2  stm32h7xx_it.o(i.MemManage_Handler)
    NMI_Handler                              0x0800415f   Thumb Code     2  stm32h7xx_it.o(i.NMI_Handler)
    PendSV_Handler                           0x08004161   Thumb Code     2  stm32h7xx_it.o(i.PendSV_Handler)
    SVC_Handler                              0x080043a5   Thumb Code     2  stm32h7xx_it.o(i.SVC_Handler)
    SysTick_Handler                          0x080043a7   Thumb Code     4  stm32h7xx_it.o(i.SysTick_Handler)
    SystemClock_Config                       0x080043ad   Thumb Code   210  main.o(i.SystemClock_Config)
    SystemInit                               0x0800448d   Thumb Code   180  system_stm32h7xx.o(i.SystemInit)
    UART_AdvFeatureConfig                    0x080045ad   Thumb Code   200  stm32h7xx_hal_uart.o(i.UART_AdvFeatureConfig)
    UART_CheckIdleState                      0x08004675   Thumb Code   170  stm32h7xx_hal_uart.o(i.UART_CheckIdleState)
    UART_SetConfig                           0x08004775   Thumb Code   876  stm32h7xx_hal_uart.o(i.UART_SetConfig)
    UART_WaitOnFlagUntilTimeout              0x08004b21   Thumb Code   140  stm32h7xx_hal_uart.o(i.UART_WaitOnFlagUntilTimeout)
    UPDC32                                   0x08004bad   Thumb Code    16  crctab.o(i.UPDC32)
    UsageFault_Handler                       0x08004bc1   Thumb Code     2  stm32h7xx_it.o(i.UsageFault_Handler)
    __0fprintf$8                             0x08004bc5   Thumb Code    22  printf8.o(i.__0fprintf$8)
    __1fprintf$8                             0x08004bc5   Thumb Code     0  printf8.o(i.__0fprintf$8)
    __2fprintf                               0x08004bc5   Thumb Code     0  printf8.o(i.__0fprintf$8)
    __0printf$8                              0x08004be1   Thumb Code    22  printf8.o(i.__0printf$8)
    __1printf$8                              0x08004be1   Thumb Code     0  printf8.o(i.__0printf$8)
    __2printf                                0x08004be1   Thumb Code     0  printf8.o(i.__0printf$8)
    __scatterload_copy                       0x08004c23   Thumb Code    14  handlers.o(i.__scatterload_copy)
    __scatterload_null                       0x08004c31   Thumb Code     2  handlers.o(i.__scatterload_null)
    __scatterload_zeroinit                   0x08004c33   Thumb Code    14  handlers.o(i.__scatterload_zeroinit)
    aes_pro                                  0x0800511d   Thumb Code   674  aes_process.o(i.aes_pro)
    cmox_ll_deInit                           0x08005501   Thumb Code     4  cmox_low_level.o(i.cmox_ll_deInit)
    cmox_ll_init                             0x08005505   Thumb Code    36  cmox_low_level.o(i.cmox_ll_init)
    fgetc                                    0x080055f9   Thumb Code    26  bsp_usart.o(i.fgetc)
    fileno                                   0x08005619   Thumb Code     4  file.o(i.fileno)
    find_cmd                                 0x0800561d   Thumb Code    38  command.o(i.find_cmd)
    fopen2                                   0x080056e9   Thumb Code    18  file.o(i.fopen2)
    fputc                                    0x08005701   Thumb Code    18  bsp_usart.o(i.fputc)
    fputs                                    0x08005719   Thumb Code    24  fputs.o(i.fputs)
    fstat                                    0x08005731   Thumb Code    12  file.o(i.fstat)
    fwrite2                                  0x08005741   Thumb Code    36  file.o(i.fwrite2)
    get_cmds                                 0x08005769   Thumb Code     4  command.o(i.get_cmds)
    get_file_size                            0x08005771   Thumb Code     6  file.o(i.get_file_size)
    get_flash                                0x0800577d   Thumb Code     4  bsp_qspi.o(i.get_flash)
    getc                                     0x08005785   Thumb Code     4  getc.o(i.getc)
    interface_go                             0x0800581d   Thumb Code    14  interface_cmd.o(i.interface_go)
    interface_hardware_crc32                 0x0800582d   Thumb Code    16  interface_cmd.o(i.interface_hardware_crc32)
    interface_reboot                         0x08005841   Thumb Code    26  interface_cmd.o(i.interface_reboot)
    io_mode                                  0x08005865   Thumb Code     6  rbsb.o(i.io_mode)
    jump_app                                 0x0800586d   Thumb Code    32  boot.o(i.jump_app)
    main                                     0x08005895   Thumb Code   154  main.o(i.main)
    msh_exec                                 0x08005949   Thumb Code    78  parser.o(i.msh_exec)
    my_getchar                               0x08005a81   Thumb Code    10  bsp_usart.o(i.my_getchar)
    popen                                    0x08005a8b   Thumb Code     4  file.o(i.popen)
    putc                                     0x08005ad9   Thumb Code     4  putc.o(i.putc)
    putc2                                    0x08005add   Thumb Code    18  file.o(i.putc2)
    putdatas                                 0x08005af5   Thumb Code    26  bsp_usart.o(i.putdatas)
    putstr                                   0x08005b15   Thumb Code    22  bsp_usart.o(i.putstr)
    rz                                       0x08005b3d   Thumb Code    32  mrz.o(i.rz)
    rz_init                                  0x08005b79   Thumb Code   214  lrz.o(i.rz_init)
    sendbrk                                  0x08006553   Thumb Code     2  rbsb.o(i.sendbrk)
    shell                                    0x08006661   Thumb Code   560  shell.o(i.shell)
    sleep                                    0x080069a1   Thumb Code     4  file.o(i.sleep)
    str2hex                                  0x080069a5   Thumb Code   100  cmd_flash.o(i.str2hex)
    updcrc                                   0x08006a09   Thumb Code    18  crctab.o(i.updcrc)
    zm_ackbibi                               0x08006a79   Thumb Code    64  zm.o(i.zm_ackbibi)
    zm_do_crc_check                          0x08006ab9   Thumb Code   158  zm.o(i.zm_do_crc_check)
    zm_get_header                            0x08006cf1   Thumb Code   344  zm.o(i.zm_get_header)
    zm_init                                  0x08006e89   Thumb Code    70  zm.o(i.zm_init)
    zm_receive_data                          0x0800711d   Thumb Code   188  zm.o(i.zm_receive_data)
    zm_reclaim_receive_header                0x080071d9   Thumb Code    22  zm.o(i.zm_reclaim_receive_header)
    zm_send_hex_header                       0x080071f1   Thumb Code   186  zm.o(i.zm_send_hex_header)
    zm_set_header_payload                    0x080072ab   Thumb Code    18  zm.o(i.zm_set_header_payload)
    zm_set_header_payload_bytes              0x080072bd   Thumb Code    14  zm.o(i.zm_set_header_payload_bytes)
    zmodem_receive                           0x080072cb   Thumb Code   156  lrz.o(i.zmodem_receive)
    zreadline_canit                          0x08007381   Thumb Code    20  zreadline.o(i.zreadline_canit)
    zreadline_flushline                      0x08007399   Thumb Code     2  zreadline.o(i.zreadline_flushline)
    zreadline_getc                           0x0800739b   Thumb Code    10  zreadline.o(i.zreadline_getc)
    zreadline_init                           0x080073a5   Thumb Code    32  zreadline.o(i.zreadline_init)
    UARTPrescTable                           0x080073c8   Data          24  stm32h7xx_hal_uart.o(.constdata)
    D1CorePrescTable                         0x080073f0   Data          16  system_stm32h7xx.o(.constdata)
    key                                      0x08007400   Data          32  aes_process.o(.constdata)
    iv                                       0x08007420   Data          16  aes_process.o(.constdata)
    Key                                      0x08007430   Data          16  aes_process.o(.constdata)
    IV                                       0x08007440   Data          16  aes_process.o(.constdata)
    Plaintext                                0x08007450   Data          64  aes_process.o(.constdata)
    Expected_Ciphertext                      0x08007490   Data          64  aes_process.o(.constdata)
    __ctype_table                            0x080074d0   Data         129  ctype_o.o(.constdata)
    CMOX_AESFAST_CBC_DEC                     0x0800788c   Data           4  cmox_cbc_aesfast_decrypt.c.o(.rodata)
    CMOX_AESFAST_CBC_DEC_ALGO                0x08007898   Data           4  cmox_cbc_aesfast_decrypt.c.o(.rodata)
    CMOX_AESFAST_CBC_ENC                     0x0800789c   Data           4  cmox_cbc_aesfast_encrypt.c.o(.rodata)
    CMOX_AESFAST_CBC_ENC_ALGO                0x080078a8   Data           4  cmox_cbc_aesfast_encrypt.c.o(.rodata)
    cmox_table                               0x080078ac   Data           8  cmox_init.c.o(.rodata)
    CMOX_AESFAST_DECRYPT_VTABLE              0x080078bc   Data           4  cmox_aesfast_decrypt.c.o(.rodata)
    CMOX_AESFAST_ENCRYPT_VTABLE              0x080078c8   Data           4  cmox_aesfast_encrypt.c.o(.rodata)
    CMOX_AES_ENC_TABLE                       0x08007d54   Data        1024  cmox_aesfast_encrypt.c.o(CMOX_CTA_PROTECTED_DATA)
    CMOX_AES_SBOX                            0x08008154   Data         256  cmox_aes_common.c.o(CMOX_CTA_PROTECTED_DATA)
    CMOX_AES_INV_SBOX                        0x08008254   Data         256  cmox_aes_common.c.o(CMOX_CTA_PROTECTED_DATA)
    Region$$Table$$Base                      0x08008354   Number         0  anon$$obj.o(Region$$Table)
    Region$$Table$$Limit                     0x08008374   Number         0  anon$$obj.o(Region$$Table)
    uwTickFreq                               0x20000000   Data           1  stm32h7xx_hal.o(.data)
    uwTickPrio                               0x20000004   Data           4  stm32h7xx_hal.o(.data)
    uwTick                                   0x20000008   Data           4  stm32h7xx_hal.o(.data)
    SystemCoreClock                          0x2000000c   Data           4  system_stm32h7xx.o(.data)
    SystemD2Clock                            0x20000010   Data           4  system_stm32h7xx.o(.data)
    Papp_size                                0x20000028   Data           4  boot.o(.data)
    psys_parameter                           0x2000002c   Data           4  boot.o(.data)
    JumpToApplication                        0x20000034   Data           4  boot.o(.data)
    sys_parameter                            0x20000038   Data           4  boot.o(.data)
    Sapp_size                                0x2000003c   Data           8  boot.o(.data)
    help_cmd                                 0x20000070   Data          16  cmd_help.o(.data)
    clear_cmd                                0x20000080   Data          16  cmd_clear.o(.data)
    crc32_cmd                                0x20000090   Data          16  cmd_crc32.o(.data)
    flash_cmd                                0x200000a0   Data          16  cmd_flash.o(.data)
    go_cmd                                   0x200000b0   Data          16  cmd_go.o(.data)
    reboot_cmd                               0x200000c0   Data          16  cmd_reboot.o(.data)
    environment_variable                     0x200000d0   Data           3  cmd_setenv.o(.data)
    sevent_cmd                               0x200000d4   Data          16  cmd_setenv.o(.data)
    printeven_cmd                            0x200000e4   Data          16  cmd_setenv.o(.data)
    crctab                                   0x200000f4   Data         512  crctab.o(.data)
    cr3tab                                   0x200002f4   Data        1024  crctab.o(.data)
    rz_cmd                                   0x200006f4   Data          16  mrz.o(.data)
    glob_status                              0x2000072c   Data           4  aes_process.o(.data)
    __stdout                                 0x20000730   Data           4  stdout.o(.data)
    __stderr                                 0x20000734   Data           4  stderr.o(.data)
    hcrc                                     0x20000738   Data          36  crc.o(.bss)
    huart4                                   0x2000075c   Data         148  usart.o(.bss)
    g_shell                                  0x200007f0   Data         492  shell.o(.bss)
    Cbc_Ctx                                  0x200010ec   Data         276  aes_process.o(.bss)
    Computed_Ciphertext                      0x20001200   Data          64  aes_process.o(.bss)
    Computed_Plaintext                       0x20001240   Data          64  aes_process.o(.bss)
    cmox_init_ctxi                           0x20001280   Data           1  cmox_init.c.o(.bss)
    __initial_sp                             0x20009282   Data           0  startup_stm32h750xx.o(STACK)



==============================================================================

Memory Map of the image

  Image Entry point : 0x08000299

  Load Region LR_IROM1 (Base: 0x08000000, Size: 0x00008aac, Max: 0x00020000, ABSOLUTE, COMPRESSED[0x00008a4c])

    Execution Region ER_IROM1 (Exec base: 0x08000000, Load base: 0x08000000, Size: 0x00008374, Max: 0x00020000, ABSOLUTE)

    Exec Addr    Load Addr    Size         Type   Attr      Idx    E Section Name        Object

    0x08000000   0x08000000   0x00000298   Data   RO            3    RESET               startup_stm32h750xx.o
    0x08000298   0x08000298   0x00000000   Code   RO         8754  * .ARM.Collect$$$$00000000  mc_w.l(entry.o)
    0x08000298   0x08000298   0x00000004   Code   RO         9126    .ARM.Collect$$$$00000001  mc_w.l(entry2.o)
    0x0800029c   0x0800029c   0x00000004   Code   RO         9129    .ARM.Collect$$$$00000004  mc_w.l(entry5.o)
    0x080002a0   0x080002a0   0x00000000   Code   RO         9131    .ARM.Collect$$$$00000008  mc_w.l(entry7b.o)
    0x080002a0   0x080002a0   0x00000000   Code   RO         9133    .ARM.Collect$$$$0000000A  mc_w.l(entry8b.o)
    0x080002a0   0x080002a0   0x00000008   Code   RO         9134    .ARM.Collect$$$$0000000B  mc_w.l(entry9a.o)
    0x080002a8   0x080002a8   0x00000000   Code   RO         9136    .ARM.Collect$$$$0000000D  mc_w.l(entry10a.o)
    0x080002a8   0x080002a8   0x00000000   Code   RO         9138    .ARM.Collect$$$$0000000F  mc_w.l(entry11a.o)
    0x080002a8   0x080002a8   0x00000004   Code   RO         9127    .ARM.Collect$$$$00002712  mc_w.l(entry2.o)
    0x080002ac   0x080002ac   0x00000024   Code   RO            4    .text               startup_stm32h750xx.o
    0x080002d0   0x080002d0   0x00000040   Code   RO         8661    .text               libSTM32Cryptographic_CM7.a(cmox_cbc_aesfast_decrypt.c.o)
    0x08000310   0x08000310   0x00000040   Code   RO         8667    .text               libSTM32Cryptographic_CM7.a(cmox_cbc_aesfast_encrypt.c.o)
    0x08000350   0x08000350   0x0000000a   Code   RO         8673    .text               libSTM32Cryptographic_CM7.a(cmox_cbc_common.c.o)
    0x0800035a   0x0800035a   0x00000002   PAD
    0x0800035c   0x0800035c   0x00000020   Code   RO         8674    .text               libSTM32Cryptographic_CM7.a(cmox_cbc_common.c.o)
    0x0800037c   0x0800037c   0x00000024   Code   RO         8675    .text               libSTM32Cryptographic_CM7.a(cmox_cbc_common.c.o)
    0x080003a0   0x080003a0   0x00000028   Code   RO         8676    .text               libSTM32Cryptographic_CM7.a(cmox_cbc_common.c.o)
    0x080003c8   0x080003c8   0x00000034   Code   RO         8677    .text               libSTM32Cryptographic_CM7.a(cmox_cbc_common.c.o)
    0x080003fc   0x080003fc   0x0000000a   Code   RO         8678    .text               libSTM32Cryptographic_CM7.a(cmox_cbc_common.c.o)
    0x08000406   0x08000406   0x00000002   PAD
    0x08000408   0x08000408   0x00000010   Code   RO         8680    .text               libSTM32Cryptographic_CM7.a(cmox_cipher.c.o)
    0x08000418   0x08000418   0x00000010   Code   RO         8681    .text               libSTM32Cryptographic_CM7.a(cmox_cipher.c.o)
    0x08000428   0x08000428   0x0000001c   Code   RO         8682    .text               libSTM32Cryptographic_CM7.a(cmox_cipher.c.o)
    0x08000444   0x08000444   0x0000001c   Code   RO         8683    .text               libSTM32Cryptographic_CM7.a(cmox_cipher.c.o)
    0x08000460   0x08000460   0x00000030   Code   RO         8688    .text               libSTM32Cryptographic_CM7.a(cmox_cipher.c.o)
    0x08000490   0x08000490   0x00000058   Code   RO         8691    .text               libSTM32Cryptographic_CM7.a(cmox_cipher.c.o)
    0x080004e8   0x080004e8   0x00000058   Code   RO         8692    .text               libSTM32Cryptographic_CM7.a(cmox_cipher.c.o)
    0x08000540   0x08000540   0x00000064   Code   RO         8695    .text               libSTM32Cryptographic_CM7.a(cmox_cipher.c.o)
    0x080005a4   0x080005a4   0x00000080   Code   RO         8702    .text               libSTM32Cryptographic_CM7.a(cmox_init.c.o)
    0x08000624   0x08000624   0x00000004   Code   RO         8703    .text               libSTM32Cryptographic_CM7.a(cmox_init.c.o)
    0x08000628   0x08000628   0x00000314   Code   RO         8706    .text               libSTM32Cryptographic_CM7.a(cmox_aesfast_decrypt.c.o)
    0x0800093c   0x0800093c   0x00000150   Code   RO         8707    .text               libSTM32Cryptographic_CM7.a(cmox_aesfast_decrypt.c.o)
    0x08000a8c   0x08000a8c   0x0000031c   Code   RO         8712    .text               libSTM32Cryptographic_CM7.a(cmox_aesfast_encrypt.c.o)
    0x08000da8   0x08000da8   0x0000000c   Code   RO         8717    .text               libSTM32Cryptographic_CM7.a(cmox_cbc_decrypt.c.o)
    0x08000db4   0x08000db4   0x0000000c   Code   RO         8718    .text               libSTM32Cryptographic_CM7.a(cmox_cbc_decrypt.c.o)
    0x08000dc0   0x08000dc0   0x0000000c   Code   RO         8719    .text               libSTM32Cryptographic_CM7.a(cmox_cbc_decrypt.c.o)
    0x08000dcc   0x08000dcc   0x0000000c   Code   RO         8720    .text               libSTM32Cryptographic_CM7.a(cmox_cbc_decrypt.c.o)
    0x08000dd8   0x08000dd8   0x00000010   Code   RO         8721    .text               libSTM32Cryptographic_CM7.a(cmox_cbc_decrypt.c.o)
    0x08000de8   0x08000de8   0x000001e4   Code   RO         8722    .text               libSTM32Cryptographic_CM7.a(cmox_cbc_decrypt.c.o)
    0x08000fcc   0x08000fcc   0x0000000c   Code   RO         8725    .text               libSTM32Cryptographic_CM7.a(cmox_cbc_encrypt.c.o)
    0x08000fd8   0x08000fd8   0x0000000c   Code   RO         8726    .text               libSTM32Cryptographic_CM7.a(cmox_cbc_encrypt.c.o)
    0x08000fe4   0x08000fe4   0x0000000c   Code   RO         8727    .text               libSTM32Cryptographic_CM7.a(cmox_cbc_encrypt.c.o)
    0x08000ff0   0x08000ff0   0x0000000c   Code   RO         8728    .text               libSTM32Cryptographic_CM7.a(cmox_cbc_encrypt.c.o)
    0x08000ffc   0x08000ffc   0x00000168   Code   RO         8729    .text               libSTM32Cryptographic_CM7.a(cmox_cbc_encrypt.c.o)
    0x08001164   0x08001164   0x00000010   Code   RO         8730    .text               libSTM32Cryptographic_CM7.a(cmox_cbc_encrypt.c.o)
    0x08001174   0x08001174   0x0000000e   Code   RO         8732    .text               libSTM32Cryptographic_CM7.a(cmox_cipher_modes.c.o)
    0x08001182   0x08001182   0x00000002   PAD
    0x08001184   0x08001184   0x000003c8   Code   RO         8733    .text               libSTM32Cryptographic_CM7.a(cmox_cipher_modes.c.o)
    0x0800154c   0x0800154c   0x00000038   Code   RO         8734    .text               libSTM32Cryptographic_CM7.a(cmox_cipher_modes.c.o)
    0x08001584   0x08001584   0x00000006   Code   RO         8736    .text               libSTM32Cryptographic_CM7.a(cmox_cipher_modes.c.o)
    0x0800158a   0x0800158a   0x00000006   Code   RO         8737    .text               libSTM32Cryptographic_CM7.a(cmox_cipher_modes.c.o)
    0x08001590   0x08001590   0x00000006   Code   RO         8738    .text               libSTM32Cryptographic_CM7.a(cmox_cipher_modes.c.o)
    0x08001596   0x08001596   0x00000006   Code   RO         8739    .text               libSTM32Cryptographic_CM7.a(cmox_cipher_modes.c.o)
    0x0800159c   0x0800159c   0x00000008   Code   RO         8740    .text               libSTM32Cryptographic_CM7.a(cmox_cipher_modes.c.o)
    0x080015a4   0x080015a4   0x00000008   Code   RO         8741    .text               libSTM32Cryptographic_CM7.a(cmox_cipher_modes.c.o)
    0x080015ac   0x080015ac   0x00000114   Code   RO         8746    .text               libSTM32Cryptographic_CM7.a(cmox_aes_common.c.o)
    0x080016c0   0x080016c0   0x00000028   Code   RO         8749    .text               libSTM32Cryptographic_CM7.a(cmox_cipher_utils.c.o)
    0x080016e8   0x080016e8   0x0000002e   Code   RO         8750    .text               libSTM32Cryptographic_CM7.a(cmox_cipher_utils.c.o)
    0x08001716   0x08001716   0x0000001a   Code   RO         8751    .text               libSTM32Cryptographic_CM7.a(cmox_cipher_utils.c.o)
    0x08001730   0x08001730   0x00000012   Code   RO         8752    .text               libSTM32Cryptographic_CM7.a(cmox_cipher_utils.c.o)
    0x08001742   0x08001742   0x00000062   Code   RO         8779    .text               mc_w.l(uldiv.o)
    0x080017a4   0x080017a4   0x00000008   Code   RO         8781    .text               mc_w.l(ctype_o.o)
    0x080017ac   0x080017ac   0x00000012   Code   RO         8803    .text               mc_w.l(isspace_o.o)
    0x080017be   0x080017be   0x0000000c   Code   RO         8809    .text               mc_w.l(tolower.o)
    0x080017ca   0x080017ca   0x00000040   Code   RO         8813    .text               mc_w.l(memmovea.o)
    0x0800180a   0x0800180a   0x00000024   Code   RO         8815    .text               mc_w.l(memseta.o)
    0x0800182e   0x0800182e   0x0000000e   Code   RO         8817    .text               mc_w.l(strlen.o)
    0x0800183c   0x0800183c   0x0000001c   Code   RO         8819    .text               mc_w.l(strcmp.o)
    0x08001858   0x08001858   0x0000001a   Code   RO         8821    .text               mc_w.l(memcmp.o)
    0x08001872   0x08001872   0x00000012   Code   RO         8823    .text               mc_w.l(strcpy.o)
    0x08001884   0x08001884   0x00000020   Code   RO         8825    .text               mc_w.l(strrchr.o)
    0x080018a4   0x080018a4   0x00000020   Code   RO         8827    .text               mc_w.l(strpbrk.o)
    0x080018c4   0x080018c4   0x00000038   Code   RO         9122    .text               mc_w.l(__0sscanf.o)
    0x080018fc   0x080018fc   0x0000014c   Code   RO         9124    .text               mc_w.l(_scanf_int.o)
    0x08001a48   0x08001a48   0x0000001e   Code   RO         9142    .text               mc_w.l(llshl.o)
    0x08001a66   0x08001a66   0x00000020   Code   RO         9144    .text               mc_w.l(llushr.o)
    0x08001a86   0x08001a86   0x0000001c   Code   RO         9148    .text               mc_w.l(_chval.o)
    0x08001aa2   0x08001aa2   0x00000002   PAD
    0x08001aa4   0x08001aa4   0x00000028   Code   RO         9150    .text               mc_w.l(scanf_char.o)
    0x08001acc   0x08001acc   0x00000040   Code   RO         9152    .text               mc_w.l(_sgetc.o)
    0x08001b0c   0x08001b0c   0x00000024   Code   RO         9165    .text               mc_w.l(init.o)
    0x08001b30   0x08001b30   0x0000032c   Code   RO         9171    .text               mc_w.l(_scanf.o)
    0x08001e5c   0x08001e5c   0x00000056   Code   RO         9186    .text               mc_w.l(__dczerorl2.o)
    0x08001eb2   0x08001eb2   0x00000002   Code   RO          593    i.BusFault_Handler  stm32h7xx_it.o
    0x08001eb4   0x08001eb4   0x00000030   Code   RO          833    i.CRC_Handle_16     stm32h7xx_hal_crc.o
    0x08001ee4   0x08001ee4   0x00000066   Code   RO          834    i.CRC_Handle_8      stm32h7xx_hal_crc.o
    0x08001f4a   0x08001f4a   0x00000002   PAD
    0x08001f4c   0x08001f4c   0x000000e0   Code   RO         6123    i.DeInit_all_bsp_and_IRQ  boot.o
    0x0800202c   0x0800202c   0x00000002   Code   RO          594    i.DebugMon_Handler  stm32h7xx_it.o
    0x0800202e   0x0800202e   0x00000004   Code   RO           13    i.Error_Handler     main.o
    0x08002032   0x08002032   0x0000004c   Code   RO          836    i.HAL_CRC_Calculate  stm32h7xx_hal_crc.o
    0x0800207e   0x0800207e   0x00000002   PAD
    0x08002080   0x08002080   0x0000001c   Code   RO          334    i.HAL_CRC_MspDeInit  crc.o
    0x0800209c   0x0800209c   0x00000170   Code   RO         1409    i.HAL_GPIO_DeInit   stm32h7xx_hal_gpio.o
    0x0800220c   0x0800220c   0x0000022c   Code   RO         1412    i.HAL_GPIO_Init     stm32h7xx_hal_gpio.o
    0x08002438   0x08002438   0x0000000a   Code   RO         1416    i.HAL_GPIO_WritePin  stm32h7xx_hal_gpio.o
    0x08002442   0x08002442   0x00000002   PAD
    0x08002444   0x08002444   0x0000000c   Code   RO         2284    i.HAL_GetREVID      stm32h7xx_hal.o
    0x08002450   0x08002450   0x0000000c   Code   RO         2285    i.HAL_GetTick       stm32h7xx_hal.o
    0x0800245c   0x0800245c   0x00000010   Code   RO         2291    i.HAL_IncTick       stm32h7xx_hal.o
    0x0800246c   0x0800246c   0x0000005c   Code   RO         2292    i.HAL_Init          stm32h7xx_hal.o
    0x080024c8   0x080024c8   0x00000040   Code   RO         2293    i.HAL_InitTick      stm32h7xx_hal.o
    0x08002508   0x08002508   0x0000001c   Code   RO          668    i.HAL_MspInit       stm32h7xx_hal_msp.o
    0x08002524   0x08002524   0x00000040   Code   RO          704    i.HAL_NVIC_SetPriority  stm32h7xx_hal_cortex.o
    0x08002564   0x08002564   0x00000024   Code   RO          705    i.HAL_NVIC_SetPriorityGrouping  stm32h7xx_hal_cortex.o
    0x08002588   0x08002588   0x00000054   Code   RO         2013    i.HAL_PWREx_ConfigSupply  stm32h7xx_hal_pwr_ex.o
    0x080025dc   0x080025dc   0x00000024   Code   RO         1055    i.HAL_RCCEx_GetD3PCLK1Freq  stm32h7xx_hal_rcc_ex.o
    0x08002600   0x08002600   0x00000144   Code   RO         1057    i.HAL_RCCEx_GetPLL2ClockFreq  stm32h7xx_hal_rcc_ex.o
    0x08002744   0x08002744   0x00000144   Code   RO         1058    i.HAL_RCCEx_GetPLL3ClockFreq  stm32h7xx_hal_rcc_ex.o
    0x08002888   0x08002888   0x000009ac   Code   RO         1064    i.HAL_RCCEx_PeriphCLKConfig  stm32h7xx_hal_rcc_ex.o
    0x08003234   0x08003234   0x0000025c   Code   RO          940    i.HAL_RCC_ClockConfig  stm32h7xx_hal_rcc.o
    0x08003490   0x08003490   0x00000044   Code   RO          945    i.HAL_RCC_GetHCLKFreq  stm32h7xx_hal_rcc.o
    0x080034d4   0x080034d4   0x00000024   Code   RO          947    i.HAL_RCC_GetPCLK1Freq  stm32h7xx_hal_rcc.o
    0x080034f8   0x080034f8   0x00000024   Code   RO          948    i.HAL_RCC_GetPCLK2Freq  stm32h7xx_hal_rcc.o
    0x0800351c   0x0800351c   0x00000138   Code   RO          949    i.HAL_RCC_GetSysClockFreq  stm32h7xx_hal_rcc.o
    0x08003654   0x08003654   0x00000582   Code   RO          952    i.HAL_RCC_OscConfig  stm32h7xx_hal_rcc.o
    0x08003bd6   0x08003bd6   0x00000026   Code   RO          709    i.HAL_SYSTICK_Config  stm32h7xx_hal_cortex.o
    0x08003bfc   0x08003bfc   0x00000040   Code   RO         5107    i.HAL_UARTEx_DisableFifoMode  stm32h7xx_hal_uart_ex.o
    0x08003c3c   0x08003c3c   0x0000004c   Code   RO         5116    i.HAL_UARTEx_SetRxFifoThreshold  stm32h7xx_hal_uart_ex.o
    0x08003c88   0x08003c88   0x0000004c   Code   RO         5117    i.HAL_UARTEx_SetTxFifoThreshold  stm32h7xx_hal_uart_ex.o
    0x08003cd4   0x08003cd4   0x0000006a   Code   RO         4716    i.HAL_UART_Init     stm32h7xx_hal_uart.o
    0x08003d3e   0x08003d3e   0x00000002   PAD
    0x08003d40   0x08003d40   0x0000003c   Code   RO          551    i.HAL_UART_MspDeInit  usart.o
    0x08003d7c   0x08003d7c   0x000000b0   Code   RO          552    i.HAL_UART_MspInit  usart.o
    0x08003e2c   0x08003e2c   0x000000e8   Code   RO         4719    i.HAL_UART_Receive  stm32h7xx_hal_uart.o
    0x08003f14   0x08003f14   0x000000b0   Code   RO         4725    i.HAL_UART_Transmit  stm32h7xx_hal_uart.o
    0x08003fc4   0x08003fc4   0x00000002   Code   RO          595    i.HardFault_Handler  stm32h7xx_it.o
    0x08003fc6   0x08003fc6   0x00000002   PAD
    0x08003fc8   0x08003fc8   0x0000012c   Code   RO          306    i.MX_GPIO_Init      gpio.o
    0x080040f4   0x080040f4   0x00000068   Code   RO          553    i.MX_UART4_Init     usart.o
    0x0800415c   0x0800415c   0x00000002   Code   RO          596    i.MemManage_Handler  stm32h7xx_it.o
    0x0800415e   0x0800415e   0x00000002   Code   RO          597    i.NMI_Handler       stm32h7xx_it.o
    0x08004160   0x08004160   0x00000002   Code   RO          598    i.PendSV_Handler    stm32h7xx_it.o
    0x08004162   0x08004162   0x00000002   PAD
    0x08004164   0x08004164   0x00000120   Code   RO         1067    i.RCCEx_PLL2_Config  stm32h7xx_hal_rcc_ex.o
    0x08004284   0x08004284   0x00000120   Code   RO         1068    i.RCCEx_PLL3_Config  stm32h7xx_hal_rcc_ex.o
    0x080043a4   0x080043a4   0x00000002   Code   RO          599    i.SVC_Handler       stm32h7xx_it.o
    0x080043a6   0x080043a6   0x00000004   Code   RO          600    i.SysTick_Handler   stm32h7xx_it.o
    0x080043aa   0x080043aa   0x00000002   PAD
    0x080043ac   0x080043ac   0x000000e0   Code   RO           14    i.SystemClock_Config  main.o
    0x0800448c   0x0800448c   0x000000dc   Code   RO         5226    i.SystemInit        system_stm32h7xx.o
    0x08004568   0x08004568   0x00000044   Code   RO         5121    i.UARTEx_SetNbDataToProcess  stm32h7xx_hal_uart_ex.o
    0x080045ac   0x080045ac   0x000000c8   Code   RO         4730    i.UART_AdvFeatureConfig  stm32h7xx_hal_uart.o
    0x08004674   0x08004674   0x000000aa   Code   RO         4731    i.UART_CheckIdleState  stm32h7xx_hal_uart.o
    0x0800471e   0x0800471e   0x00000002   PAD
    0x08004720   0x08004720   0x00000054   Code   RO         4742    i.UART_EndRxTransfer  stm32h7xx_hal_uart.o
    0x08004774   0x08004774   0x000003ac   Code   RO         4748    i.UART_SetConfig    stm32h7xx_hal_uart.o
    0x08004b20   0x08004b20   0x0000008c   Code   RO         4755    i.UART_WaitOnFlagUntilTimeout  stm32h7xx_hal_uart.o
    0x08004bac   0x08004bac   0x00000014   Code   RO         7787    i.UPDC32            crctab.o
    0x08004bc0   0x08004bc0   0x00000002   Code   RO          601    i.UsageFault_Handler  stm32h7xx_it.o
    0x08004bc2   0x08004bc2   0x00000002   PAD
    0x08004bc4   0x08004bc4   0x0000001c   Code   RO         9039    i.__0fprintf$8      mc_w.l(printf8.o)
    0x08004be0   0x08004be0   0x00000020   Code   RO         9040    i.__0printf$8       mc_w.l(printf8.o)
    0x08004c00   0x08004c00   0x00000022   Code   RO          711    i.__NVIC_SetPriority  stm32h7xx_hal_cortex.o
    0x08004c22   0x08004c22   0x0000000e   Code   RO         9180    i.__scatterload_copy  mc_w.l(handlers.o)
    0x08004c30   0x08004c30   0x00000002   Code   RO         9181    i.__scatterload_null  mc_w.l(handlers.o)
    0x08004c32   0x08004c32   0x0000000e   Code   RO         9182    i.__scatterload_zeroinit  mc_w.l(handlers.o)
    0x08004c40   0x08004c40   0x00000076   Code   RO         7464    i._msh_exec_cmd     parser.o
    0x08004cb6   0x08004cb6   0x00000002   PAD
    0x08004cb8   0x08004cb8   0x00000410   Code   RO         9047    i._printf_core      mc_w.l(printf8.o)
    0x080050c8   0x080050c8   0x00000024   Code   RO         9048    i._printf_post_padding  mc_w.l(printf8.o)
    0x080050ec   0x080050ec   0x0000002e   Code   RO         9049    i._printf_pre_padding  mc_w.l(printf8.o)
    0x0800511a   0x0800511a   0x00000002   PAD
    0x0800511c   0x0800511c   0x000003d0   Code   RO         8414    i.aes_pro           aes_process.o
    0x080054ec   0x080054ec   0x00000014   Code   RO         7542    i.clear             cmd_clear.o
    0x08005500   0x08005500   0x00000004   Code   RO         8625    i.cmox_ll_deInit    cmox_low_level.o
    0x08005504   0x08005504   0x00000028   Code   RO         8626    i.cmox_ll_init      cmox_low_level.o
    0x0800552c   0x0800552c   0x000000cc   Code   RO         7564    i.crc32             cmd_crc32.o
    0x080055f8   0x080055f8   0x00000020   Code   RO         5455    i.fgetc             bsp_usart.o
    0x08005618   0x08005618   0x00000004   Code   RO         8186    i.fileno            file.o
    0x0800561c   0x0800561c   0x0000002c   Code   RO         7502    i.find_cmd          command.o
    0x08005648   0x08005648   0x000000a0   Code   RO         7595    i.flash_f           cmd_flash.o
    0x080056e8   0x080056e8   0x00000018   Code   RO         8187    i.fopen2            file.o
    0x08005700   0x08005700   0x00000018   Code   RO         5456    i.fputc             bsp_usart.o
    0x08005718   0x08005718   0x00000018   Code   RO         8757    i.fputs             mc_w.l(fputs.o)
    0x08005730   0x08005730   0x00000010   Code   RO         8188    i.fstat             file.o
    0x08005740   0x08005740   0x00000028   Code   RO         8189    i.fwrite2           file.o
    0x08005768   0x08005768   0x00000008   Code   RO         7503    i.get_cmds          command.o
    0x08005770   0x08005770   0x0000000c   Code   RO         8190    i.get_file_size     file.o
    0x0800577c   0x0800577c   0x00000008   Code   RO         5341    i.get_flash         bsp_qspi.o
    0x08005784   0x08005784   0x00000004   Code   RO         8761    i.getc              mc_w.l(getc.o)
    0x08005788   0x08005788   0x00000094   Code   RO         7523    i.help_f            cmd_help.o
    0x0800581c   0x0800581c   0x0000000e   Code   RO         7737    i.interface_go      interface_cmd.o
    0x0800582a   0x0800582a   0x00000002   PAD
    0x0800582c   0x0800582c   0x00000014   Code   RO         7738    i.interface_hardware_crc32  interface_cmd.o
    0x08005840   0x08005840   0x00000024   Code   RO         7740    i.interface_reboot  interface_cmd.o
    0x08005864   0x08005864   0x00000006   Code   RO         7943    i.io_mode           rbsb.o
    0x0800586a   0x0800586a   0x00000002   PAD
    0x0800586c   0x0800586c   0x00000028   Code   RO         6134    i.jump_app          boot.o
    0x08005894   0x08005894   0x000000b4   Code   RO           16    i.main              main.o
    0x08005948   0x08005948   0x00000068   Code   RO         7465    i.msh_exec          parser.o
    0x080059b0   0x080059b0   0x000000d0   Code   RO         7466    i.msh_split         parser.o
    0x08005a80   0x08005a80   0x0000000a   Code   RO         5457    i.my_getchar        bsp_usart.o
    0x08005a8a   0x08005a8a   0x00000004   Code   RO         8192    i.popen             file.o
    0x08005a8e   0x08005a8e   0x00000002   PAD
    0x08005a90   0x08005a90   0x00000048   Code   RO         7707    i.printenv          cmd_setenv.o
    0x08005ad8   0x08005ad8   0x00000004   Code   RO         8763    i.putc              mc_w.l(putc.o)
    0x08005adc   0x08005adc   0x00000018   Code   RO         8193    i.putc2             file.o
    0x08005af4   0x08005af4   0x00000020   Code   RO         5458    i.putdatas          bsp_usart.o
    0x08005b14   0x08005b14   0x0000001c   Code   RO         5460    i.putstr            bsp_usart.o
    0x08005b30   0x08005b30   0x00000004   Code   RO         5342    i.qspi_flash_erase  bsp_qspi.o
    0x08005b34   0x08005b34   0x00000004   Code   RO         5343    i.qspi_flash_read   bsp_qspi.o
    0x08005b38   0x08005b38   0x00000004   Code   RO         5344    i.qspi_flash_write  bsp_qspi.o
    0x08005b3c   0x08005b3c   0x0000003c   Code   RO         7920    i.rz                mrz.o
    0x08005b78   0x08005b78   0x000000dc   Code   RO         7807    i.rz_init           lrz.o
    0x08005c54   0x08005c54   0x00000258   Code   RO         7808    i.rz_process_header  lrz.o
    0x08005eac   0x08005eac   0x0000009e   Code   RO         7809    i.rz_receive        lrz.o
    0x08005f4a   0x08005f4a   0x00000002   PAD
    0x08005f4c   0x08005f4c   0x000001f4   Code   RO         7810    i.rz_receive_file   lrz.o
    0x08006140   0x08006140   0x0000008c   Code   RO         7811    i.rz_receive_pathname  lrz.o
    0x080061cc   0x080061cc   0x00000158   Code   RO         7812    i.rz_receive_sector  lrz.o
    0x08006324   0x08006324   0x000000ac   Code   RO         7813    i.rz_receive_sectors  lrz.o
    0x080063d0   0x080063d0   0x00000054   Code   RO         7814    i.rz_write_string_to_file  lrz.o
    0x08006424   0x08006424   0x0000012e   Code   RO         7815    i.rz_zmodem_session_startup  lrz.o
    0x08006552   0x08006552   0x00000002   Code   RO         7944    i.sendbrk           rbsb.o
    0x08006554   0x08006554   0x0000010c   Code   RO         7708    i.setenv            cmd_setenv.o
    0x08006660   0x08006660   0x0000024c   Code   RO         7284    i.shell             shell.o
    0x080068ac   0x080068ac   0x00000040   Code   RO         7285    i.shell_handle_history  shell.o
    0x080068ec   0x080068ec   0x000000b4   Code   RO         7286    i.shell_push_history  shell.o
    0x080069a0   0x080069a0   0x00000004   Code   RO         8194    i.sleep             file.o
    0x080069a4   0x080069a4   0x00000064   Code   RO         7596    i.str2hex           cmd_flash.o
    0x08006a08   0x08006a08   0x00000018   Code   RO         7788    i.updcrc            crctab.o
    0x08006a20   0x08006a20   0x00000058   Code   RO         7816    i.write_modem_escaped_string_to_stdout  lrz.o
    0x08006a78   0x08006a78   0x00000040   Code   RO         7965    i.zm_ackbibi        zm.o
    0x08006ab8   0x08006ab8   0x0000009e   Code   RO         7966    i.zm_do_crc_check   zm.o
    0x08006b56   0x08006b56   0x00000060   Code   RO         7967    i.zm_escape_sequence_init  zm.o
    0x08006bb6   0x08006bb6   0x00000038   Code   RO         7969    i.zm_get_ascii_char  zm.o
    0x08006bee   0x08006bee   0x00000020   Code   RO         7970    i.zm_get_escaped_char  zm.o
    0x08006c0e   0x08006c0e   0x000000e2   Code   RO         7971    i.zm_get_escaped_char_internal  zm.o
    0x08006cf0   0x08006cf0   0x00000158   Code   RO         7972    i.zm_get_header     zm.o
    0x08006e48   0x08006e48   0x0000003e   Code   RO         7973    i.zm_get_hex_encoded_byte  zm.o
    0x08006e86   0x08006e86   0x00000002   PAD
    0x08006e88   0x08006e88   0x0000004c   Code   RO         7975    i.zm_init           zm.o
    0x08006ed4   0x08006ed4   0x00000078   Code   RO         7978    i.zm_read_binary_header  zm.o
    0x08006f4c   0x08006f4c   0x00000078   Code   RO         7979    i.zm_read_binary_header32  zm.o
    0x08006fc4   0x08006fc4   0x000000cc   Code   RO         7980    i.zm_read_data32    zm.o
    0x08007090   0x08007090   0x0000008c   Code   RO         7981    i.zm_read_hex_header  zm.o
    0x0800711c   0x0800711c   0x000000bc   Code   RO         7982    i.zm_receive_data   zm.o
    0x080071d8   0x080071d8   0x00000016   Code   RO         7983    i.zm_reclaim_receive_header  zm.o
    0x080071ee   0x080071ee   0x00000002   PAD
    0x080071f0   0x080071f0   0x000000ba   Code   RO         7989    i.zm_send_hex_header  zm.o
    0x080072aa   0x080072aa   0x00000012   Code   RO         7990    i.zm_set_header_payload  zm.o
    0x080072bc   0x080072bc   0x0000000e   Code   RO         7991    i.zm_set_header_payload_bytes  zm.o
    0x080072ca   0x080072ca   0x0000009c   Code   RO         7817    i.zmodem_receive    lrz.o
    0x08007366   0x08007366   0x00000002   PAD
    0x08007368   0x08007368   0x00000018   Code   RO         7993    i.zputhex           zm.o
    0x08007380   0x08007380   0x00000018   Code   RO         8147    i.zreadline_canit   zreadline.o
    0x08007398   0x08007398   0x00000002   Code   RO         8149    i.zreadline_flushline  zreadline.o
    0x0800739a   0x0800739a   0x0000000a   Code   RO         8150    i.zreadline_getc    zreadline.o
    0x080073a4   0x080073a4   0x00000024   Code   RO         8151    i.zreadline_init    zreadline.o
    0x080073c8   0x080073c8   0x00000018   Data   RO         4756    .constdata          stm32h7xx_hal_uart.o
    0x080073e0   0x080073e0   0x00000010   Data   RO         5122    .constdata          stm32h7xx_hal_uart_ex.o
    0x080073f0   0x080073f0   0x00000010   Data   RO         5227    .constdata          system_stm32h7xx.o
    0x08007400   0x08007400   0x000000d0   Data   RO         8417    .constdata          aes_process.o
    0x080074d0   0x080074d0   0x00000081   Data   RO         8782    .constdata          mc_w.l(ctype_o.o)
    0x08007551   0x08007551   0x00000003   PAD
    0x08007554   0x08007554   0x00000004   Data   RO         8783    .constdata          mc_w.l(ctype_o.o)
    0x08007558   0x08007558   0x0000000c   Data   RO         5345    .conststring        bsp_qspi.o
    0x08007564   0x08007564   0x00000006   Data   RO         7288    .conststring        shell.o
    0x0800756a   0x0800756a   0x00000002   PAD
    0x0800756c   0x0800756c   0x00000071   Data   RO         7524    .conststring        cmd_help.o
    0x080075dd   0x080075dd   0x00000003   PAD
    0x080075e0   0x080075e0   0x0000004e   Data   RO         7543    .conststring        cmd_clear.o
    0x0800762e   0x0800762e   0x00000002   PAD
    0x08007630   0x08007630   0x0000004a   Data   RO         7565    .conststring        cmd_crc32.o
    0x0800767a   0x0800767a   0x00000002   PAD
    0x0800767c   0x0800767c   0x000000ba   Data   RO         7597    .conststring        cmd_flash.o
    0x08007736   0x08007736   0x00000002   PAD
    0x08007738   0x08007738   0x00000037   Data   RO         7632    .conststring        cmd_go.o
    0x0800776f   0x0800776f   0x00000001   PAD
    0x08007770   0x08007770   0x0000004b   Data   RO         7684    .conststring        cmd_reboot.o
    0x080077bb   0x080077bb   0x00000001   PAD
    0x080077bc   0x080077bc   0x0000004b   Data   RO         7709    .conststring        cmd_setenv.o
    0x08007807   0x08007807   0x00000001   PAD
    0x08007808   0x08007808   0x0000003c   Data   RO         7710    .conststring        cmd_setenv.o
    0x08007844   0x08007844   0x00000047   Data   RO         7921    .conststring        mrz.o
    0x0800788b   0x0800788b   0x00000001   PAD
    0x0800788c   0x0800788c   0x00000004   Data   RO         8662    .rodata             libSTM32Cryptographic_CM7.a(cmox_cbc_aesfast_decrypt.c.o)
    0x08007890   0x08007890   0x00000008   Data   RO         8663    .rodata             libSTM32Cryptographic_CM7.a(cmox_cbc_aesfast_decrypt.c.o)
    0x08007898   0x08007898   0x00000004   Data   RO         8664    .rodata             libSTM32Cryptographic_CM7.a(cmox_cbc_aesfast_decrypt.c.o)
    0x0800789c   0x0800789c   0x00000004   Data   RO         8668    .rodata             libSTM32Cryptographic_CM7.a(cmox_cbc_aesfast_encrypt.c.o)
    0x080078a0   0x080078a0   0x00000008   Data   RO         8669    .rodata             libSTM32Cryptographic_CM7.a(cmox_cbc_aesfast_encrypt.c.o)
    0x080078a8   0x080078a8   0x00000004   Data   RO         8670    .rodata             libSTM32Cryptographic_CM7.a(cmox_cbc_aesfast_encrypt.c.o)
    0x080078ac   0x080078ac   0x00000008   Data   RO         8700    .rodata             libSTM32Cryptographic_CM7.a(cmox_init.c.o)
    0x080078b4   0x080078b4   0x00000008   Data   RO         8708    .rodata             libSTM32Cryptographic_CM7.a(cmox_aesfast_decrypt.c.o)
    0x080078bc   0x080078bc   0x00000004   Data   RO         8709    .rodata             libSTM32Cryptographic_CM7.a(cmox_aesfast_decrypt.c.o)
    0x080078c0   0x080078c0   0x00000008   Data   RO         8713    .rodata             libSTM32Cryptographic_CM7.a(cmox_aesfast_encrypt.c.o)
    0x080078c8   0x080078c8   0x00000004   Data   RO         8714    .rodata             libSTM32Cryptographic_CM7.a(cmox_aesfast_encrypt.c.o)
    0x080078cc   0x080078cc   0x0000002c   Data   RO         8716    .rodata             libSTM32Cryptographic_CM7.a(cmox_cbc_decrypt.c.o)
    0x080078f8   0x080078f8   0x0000002c   Data   RO         8724    .rodata             libSTM32Cryptographic_CM7.a(cmox_cbc_encrypt.c.o)
    0x08007924   0x08007924   0x00000028   Data   RO         8747    .rodata             libSTM32Cryptographic_CM7.a(cmox_aes_common.c.o)
    0x0800794c   0x0800794c   0x00000008   Data   RO         8743    .text               libSTM32Cryptographic_CM7.a(cmox_cipher_modes.c.o)
    0x08007954   0x08007954   0x00000400   Data   RO         8705    CMOX_CTA_PROTECTED_DATA  libSTM32Cryptographic_CM7.a(cmox_aesfast_decrypt.c.o)
    0x08007d54   0x08007d54   0x00000400   Data   RO         8711    CMOX_CTA_PROTECTED_DATA  libSTM32Cryptographic_CM7.a(cmox_aesfast_encrypt.c.o)
    0x08008154   0x08008154   0x00000100   Data   RO         8744    CMOX_CTA_PROTECTED_DATA  libSTM32Cryptographic_CM7.a(cmox_aes_common.c.o)
    0x08008254   0x08008254   0x00000100   Data   RO         8745    CMOX_CTA_PROTECTED_DATA  libSTM32Cryptographic_CM7.a(cmox_aes_common.c.o)
    0x08008354   0x08008354   0x00000020   Data   RO         9178    Region$$Table       anon$$obj.o


    Execution Region RW_IRAM1 (Exec base: 0x20000000, Load base: 0x08008374, Size: 0x00009284, Max: 0x00020000, ABSOLUTE, COMPRESSED[0x000006d8])

    Exec Addr    Load Addr    Size         Type   Attr      Idx    E Section Name        Object

    0x20000000   COMPRESSED   0x0000000c   Data   RW         2314    .data               stm32h7xx_hal.o
    0x2000000c   COMPRESSED   0x00000008   Data   RW         5228    .data               system_stm32h7xx.o
    0x20000014   COMPRESSED   0x00000010   Data   RW         5346    .data               bsp_qspi.o
    0x20000024   COMPRESSED   0x00000020   Data   RW         6144    .data               boot.o
    0x20000044   COMPRESSED   0x00000004   Data   RW         7289    .data               shell.o
    0x20000048   COMPRESSED   0x00000028   Data   RW         7504    .data               command.o
    0x20000070   COMPRESSED   0x00000010   Data   RW         7525    .data               cmd_help.o
    0x20000080   COMPRESSED   0x00000010   Data   RW         7544    .data               cmd_clear.o
    0x20000090   COMPRESSED   0x00000010   Data   RW         7566    .data               cmd_crc32.o
    0x200000a0   COMPRESSED   0x00000010   Data   RW         7598    .data               cmd_flash.o
    0x200000b0   COMPRESSED   0x00000010   Data   RW         7633    .data               cmd_go.o
    0x200000c0   COMPRESSED   0x00000010   Data   RW         7685    .data               cmd_reboot.o
    0x200000d0   COMPRESSED   0x00000003   Data   RW         7711    .data               cmd_setenv.o
    0x200000d3   COMPRESSED   0x00000001   PAD
    0x200000d4   COMPRESSED   0x00000010   Data   RW         7712    .data               cmd_setenv.o
    0x200000e4   COMPRESSED   0x00000010   Data   RW         7713    .data               cmd_setenv.o
    0x200000f4   COMPRESSED   0x00000600   Data   RW         7789    .data               crctab.o
    0x200006f4   COMPRESSED   0x00000010   Data   RW         7922    .data               mrz.o
    0x20000704   COMPRESSED   0x00000011   Data   RW         7997    .data               zm.o
    0x20000715   COMPRESSED   0x00000015   Data   RW         8153    .data               zreadline.o
    0x2000072a   COMPRESSED   0x00000002   PAD
    0x2000072c   COMPRESSED   0x00000004   Data   RW         8418    .data               aes_process.o
    0x20000730   COMPRESSED   0x00000004   Data   RW         8777    .data               mc_w.l(stdout.o)
    0x20000734   COMPRESSED   0x00000004   Data   RW         8778    .data               mc_w.l(stderr.o)
    0x20000738        -       0x00000024   Zero   RW          337    .bss                crc.o
    0x2000075c        -       0x00000094   Zero   RW          554    .bss                usart.o
    0x200007f0        -       0x000001ec   Zero   RW         7287    .bss                shell.o
    0x200009dc        -       0x000005ac   Zero   RW         7818    .bss                lrz.o
    0x20000f88        -       0x00000140   Zero   RW         7995    .bss                zm.o
    0x200010c8        -       0x00000018   Zero   RW         8152    .bss                zreadline.o
    0x200010e0        -       0x0000000c   Zero   RW         8195    .bss                file.o
    0x200010ec        -       0x00000194   Zero   RW         8416    .bss                aes_process.o
    0x20001280        -       0x00000001   Zero   RW         8701    .bss                libSTM32Cryptographic_CM7.a(cmox_init.c.o)
    0x20001281   COMPRESSED   0x00000001   PAD
    0x20001282        -       0x00008000   Zero   RW            1    STACK               startup_stm32h750xx.o


==============================================================================

Image component sizes


      Code (inc. data)   RO Data    RW Data    ZI Data      Debug   Object Name

       976        302        208          4        404       7999   aes_process.o
       264         38          0         32          0      45233   boot.o
        20          4         12         16          0       5132   bsp_qspi.o
         0          0          0          0          0       2332   bsp_sd.o
       126         24          0          0          0       4738   bsp_usart.o
        20         12         78         16          0        768   cmd_clear.o
       204        128         74         16          0       3020   cmd_crc32.o
       260         26        186         16          0       2678   cmd_flash.o
         0          0         55         16          0        245   cmd_go.o
       148         38        113         16          0       1639   cmd_help.o
         0          0         75         16          0        257   cmd_reboot.o
       340        196        135         35          0       2288   cmd_setenv.o
        44          4          0          0          0       1672   cmox_low_level.o
        52         10          0         40          0       2217   command.o
        28          8          0          0         36       1211   crc.o
        44         10          0       1536          0       1846   crctab.o
         0          0          0          0          0        652   ff.o
       128         26          0          0         12       7832   file.o
       300         16          0          0          0       1359   gpio.o
        70         14          0          0          0      37840   interface_cmd.o
      2764        102          0          0       1452      20988   lrz.o
       408         40          0          0          0    1289815   main.o
        60         28         71         16          0       2702   mrz.o
       430         64          0          0          0       3983   parser.o
         8          0          0          0          0        992   rbsb.o
       832         50          6          4        492       5693   shell.o
        36          8        664          0      32768        876   startup_stm32h750xx.o
       196         40          0         12          0      23136   stm32h7xx_hal.o
       172         12          0          0          0      39134   stm32h7xx_hal_cortex.o
       226          0          0          0          0       3104   stm32h7xx_hal_crc.o
       934         94          0          0          0       3422   stm32h7xx_hal_gpio.o
        28          6          0          0          0       1018   stm32h7xx_hal_msp.o
        84          6          0          0          0        829   stm32h7xx_hal_pwr_ex.o
      2466        102          0          0          0       7464   stm32h7xx_hal_rcc.o
      3736        118          0          0          0       8177   stm32h7xx_hal_rcc_ex.o
      2048        112         24          0          0      28637   stm32h7xx_hal_uart.o
       284          6         16          0          0       4021   stm32h7xx_hal_uart_ex.o
        20          0          0          0          0       4538   stm32h7xx_it.o
       220         40         16          8          0       1634   system_stm32h7xx.o
       340         44          0          0        148       2765   usart.o
      2150         20          0         17        320      17959   zm.o
        72          8          0         21         24       3362   zreadline.o

    ----------------------------------------------------------------------
     20572       1756       1780       1840      35658    1605207   Object Totals
         0          0         32          0          0          0   (incl. Generated)
        34          0         15          3          2          0   (incl. Padding)

    ----------------------------------------------------------------------

      Code (inc. data)   RO Data    RW Data    ZI Data      Debug   Library Member Name

       276         12        552          0          0          0   cmox_aes_common.c.o
      1124         16       1036          0          0          0   cmox_aesfast_decrypt.c.o
       796          8       1036          0          0          0   cmox_aesfast_encrypt.c.o
        64         12         16          0          0          0   cmox_cbc_aesfast_decrypt.c.o
        64         12         16          0          0          0   cmox_cbc_aesfast_encrypt.c.o
       180         16          0          0          0          0   cmox_cbc_common.c.o
       548         32         44          0          0          0   cmox_cbc_decrypt.c.o
       424         32         44          0          0          0   cmox_cbc_encrypt.c.o
       412         36          0          0          0          0   cmox_cipher.c.o
      1078         40          8          0          0          0   cmox_cipher_modes.c.o
       130          0          0          0          0          0   cmox_cipher_utils.c.o
       132         20          8          0          1          0   cmox_init.c.o
        56          8          0          0          0         84   __0sscanf.o
        86          0          0          0          0          0   __dczerorl2.o
        28          0          0          0          0         68   _chval.o
       812          4          0          0          0        112   _scanf.o
       332          0          0          0          0         96   _scanf_int.o
        64          0          0          0          0         84   _sgetc.o
         8          4        133          0          0         68   ctype_o.o
         0          0          0          0          0          0   entry.o
         0          0          0          0          0          0   entry10a.o
         0          0          0          0          0          0   entry11a.o
         8          4          0          0          0          0   entry2.o
         4          0          0          0          0          0   entry5.o
         0          0          0          0          0          0   entry7b.o
         0          0          0          0          0          0   entry8b.o
         8          4          0          0          0          0   entry9a.o
        24          0          0          0          0         80   fputs.o
         4          0          0          0          0         68   getc.o
        30          0          0          0          0          0   handlers.o
        36          8          0          0          0         68   init.o
        18          0          0          0          0         76   isspace_o.o
        30          0          0          0          0         68   llshl.o
        32          0          0          0          0         68   llushr.o
        26          0          0          0          0         80   memcmp.o
        64          0          0          0          0         76   memmovea.o
        36          0          0          0          0        108   memseta.o
      1182         60          0          0          0        436   printf8.o
         4          0          0          0          0         68   putc.o
        40          8          0          0          0         84   scanf_char.o
         0          0          0          4          0          0   stderr.o
         0          0          0          4          0          0   stdout.o
        28          0          0          0          0         76   strcmp.o
        18          0          0          0          0         68   strcpy.o
        14          0          0          0          0         68   strlen.o
        32          0          0          0          0         76   strpbrk.o
        32          0          0          0          0         68   strrchr.o
        12          0          0          0          0         68   tolower.o
        98          0          0          0          0         92   uldiv.o

    ----------------------------------------------------------------------
      8404        336       2896          8          2       2308   Library Totals
        10          0          3          0          1          0   (incl. Padding)

    ----------------------------------------------------------------------

      Code (inc. data)   RO Data    RW Data    ZI Data      Debug   Library Name

      5228        236       2760          0          1          0   libSTM32Cryptographic_CM7.a
      3166        100        133          8          0       2308   mc_w.l

    ----------------------------------------------------------------------
      8404        336       2896          8          2       2308   Library Totals

    ----------------------------------------------------------------------

==============================================================================


      Code (inc. data)   RO Data    RW Data    ZI Data      Debug   

     28976       2092       4676       1848      35660    1593803   Grand Totals
     28976       2092       4676       1752      35660    1593803   ELF Image Totals (compressed)
     28976       2092       4676       1752          0          0   ROM Totals

==============================================================================

    Total RO  Size (Code + RO Data)                33652 (  32.86kB)
    Total RW  Size (RW Data + ZI Data)             37508 (  36.63kB)
    Total ROM Size (Code + RO Data + RW Data)      35404 (  34.57kB)

==============================================================================

