Component: ARM Compiler 5.06 update 6 (build 750) Tool: armlink [4d35ed]

==============================================================================

Section Cross References

    startup_stm32h750xx.o(RESET) refers to startup_stm32h750xx.o(STACK) for __initial_sp
    startup_stm32h750xx.o(RESET) refers to startup_stm32h750xx.o(.text) for Reset_Handler
    startup_stm32h750xx.o(RESET) refers to stm32h7xx_it.o(i.NMI_Handler) for NMI_Handler
    startup_stm32h750xx.o(RESET) refers to stm32h7xx_it.o(i.HardFault_Handler) for HardFault_Handler
    startup_stm32h750xx.o(RESET) refers to stm32h7xx_it.o(i.MemManage_Handler) for MemManage_Handler
    startup_stm32h750xx.o(RESET) refers to stm32h7xx_it.o(i.BusFault_Handler) for BusFault_Handler
    startup_stm32h750xx.o(RESET) refers to stm32h7xx_it.o(i.UsageFault_Handler) for UsageFault_Handler
    startup_stm32h750xx.o(RESET) refers to stm32h7xx_it.o(i.SVC_Handler) for SVC_Handler
    startup_stm32h750xx.o(RESET) refers to stm32h7xx_it.o(i.DebugMon_Handler) for DebugMon_Handler
    startup_stm32h750xx.o(RESET) refers to stm32h7xx_it.o(i.PendSV_Handler) for PendSV_Handler
    startup_stm32h750xx.o(RESET) refers to stm32h7xx_it.o(i.SysTick_Handler) for SysTick_Handler
    startup_stm32h750xx.o(.text) refers to system_stm32h7xx.o(i.SystemInit) for SystemInit
    startup_stm32h750xx.o(.text) refers to entry.o(.ARM.Collect$$$$00000000) for __main
    main.o(i.SystemClock_Config) refers to memseta.o(.text) for __aeabi_memclr4
    main.o(i.SystemClock_Config) refers to stm32h7xx_hal_pwr_ex.o(i.HAL_PWREx_ConfigSupply) for HAL_PWREx_ConfigSupply
    main.o(i.SystemClock_Config) refers to stm32h7xx_hal_rcc.o(i.HAL_RCC_OscConfig) for HAL_RCC_OscConfig
    main.o(i.SystemClock_Config) refers to stm32h7xx_hal_rcc.o(i.HAL_RCC_ClockConfig) for HAL_RCC_ClockConfig
    main.o(i.clearMemory) refers to memseta.o(.text) for __aeabi_memclr
    main.o(i.main) refers to stm32h7xx_hal.o(i.HAL_Init) for HAL_Init
    main.o(i.main) refers to main.o(i.SystemClock_Config) for SystemClock_Config
    main.o(i.main) refers to gpio.o(i.MX_GPIO_Init) for MX_GPIO_Init
    main.o(i.main) refers to usart.o(i.MX_UART4_Init) for MX_UART4_Init
    main.o(i.main) refers to quadspi.o(i.MX_QUADSPI_Init) for MX_QUADSPI_Init
    main.o(i.main) refers to sdmmc.o(i.MX_SDMMC1_SD_Init) for MX_SDMMC1_SD_Init
    main.o(i.main) refers to fatfs.o(i.MX_FATFS_Init) for MX_FATFS_Init
    main.o(i.main) refers to fmc.o(i.MX_FMC_Init) for MX_FMC_Init
    main.o(i.main) refers to crc.o(i.MX_CRC_Init) for MX_CRC_Init
    main.o(i.main) refers to cryp.o(i.MX_CRYP_Init) for MX_CRYP_Init
    main.o(i.main) refers to bsp_usart.o(i.putstr) for putstr
    main.o(i.main) refers to api_information.o(i.test_clock_info) for test_clock_info
    main.o(i.main) refers to api_information.o(i.test_chip_id_info) for test_chip_id_info
    main.o(i.main) refers to api_information.o(i.test_api_get_falsh_size) for test_api_get_falsh_size
    main.o(i.main) refers to bsp_sdram.o(i.bsp_sdram_init) for bsp_sdram_init
    main.o(i.main) refers to memmovea.o(.text) for __aeabi_memcpy4
    main.o(i.main) refers to memseta.o(.text) for __aeabi_memclr4
    main.o(i.main) refers to stm32h7xx_hal_cryp.o(i.HAL_CRYP_Encrypt) for HAL_CRYP_Encrypt
    main.o(i.main) refers to printf8.o(i.__0printf$8) for __2printf
    main.o(i.main) refers to stm32h7xx_hal_cryp.o(i.HAL_CRYP_Decrypt) for HAL_CRYP_Decrypt
    main.o(i.main) refers to stm32h7xx_hal.o(i.HAL_Delay) for HAL_Delay
    main.o(i.main) refers to shell.o(i.shell) for shell
    main.o(i.main) refers to api_information.o(.data) for sapi_clock_info
    main.o(i.main) refers to cryp.o(.bss) for hcryp
    main.o(i.process_data_blocks) refers to stm32h7xx_hal_cryp.o(i.HAL_CRYP_Encrypt) for HAL_CRYP_Encrypt
    main.o(i.process_data_blocks) refers to printf8.o(i.__0printf$8) for __2printf
    main.o(i.process_data_blocks) refers to stm32h7xx_hal_cryp.o(i.HAL_CRYP_Decrypt) for HAL_CRYP_Decrypt
    main.o(i.process_data_blocks) refers to stm32h7xx_hal.o(i.HAL_Delay) for HAL_Delay
    main.o(i.process_data_blocks) refers to cryp.o(.bss) for hcryp
    gpio.o(i.MX_GPIO_Init) refers to memseta.o(.text) for __aeabi_memclr4
    gpio.o(i.MX_GPIO_Init) refers to stm32h7xx_hal_gpio.o(i.HAL_GPIO_WritePin) for HAL_GPIO_WritePin
    gpio.o(i.MX_GPIO_Init) refers to stm32h7xx_hal_gpio.o(i.HAL_GPIO_Init) for HAL_GPIO_Init
    crc.o(i.MX_CRC_Init) refers to stm32h7xx_hal_crc.o(i.HAL_CRC_Init) for HAL_CRC_Init
    crc.o(i.MX_CRC_Init) refers to main.o(i.Error_Handler) for Error_Handler
    crc.o(i.MX_CRC_Init) refers to crc.o(.bss) for .bss
    cryp.o(i.MX_CRYP_Init) refers to stm32h7xx_hal_cryp.o(i.HAL_CRYP_Init) for HAL_CRYP_Init
    cryp.o(i.MX_CRYP_Init) refers to main.o(i.Error_Handler) for Error_Handler
    cryp.o(i.MX_CRYP_Init) refers to cryp.o(.bss) for .bss
    cryp.o(i.MX_CRYP_Init) refers to cryp.o(.constdata) for .constdata
    fmc.o(i.HAL_FMC_MspInit) refers to memseta.o(.text) for __aeabi_memclr4
[...]
    BDMA_Channel0_IRQHandler                 0x080002c7   Thumb Code     0  startup_stm32h750xx.o(.text)
    BDMA_Channel1_IRQHandler                 0x080002c7   Thumb Code     0  startup_stm32h750xx.o(.text)
    BDMA_Channel2_IRQHandler                 0x080002c7   Thumb Code     0  startup_stm32h750xx.o(.text)
    BDMA_Channel3_IRQHandler                 0x080002c7   Thumb Code     0  startup_stm32h750xx.o(.text)
    BDMA_Channel4_IRQHandler                 0x080002c7   Thumb Code     0  startup_stm32h750xx.o(.text)
    BDMA_Channel5_IRQHandler                 0x080002c7   Thumb Code     0  startup_stm32h750xx.o(.text)
    BDMA_Channel6_IRQHandler                 0x080002c7   Thumb Code     0  startup_stm32h750xx.o(.text)
    BDMA_Channel7_IRQHandler                 0x080002c7   Thumb Code     0  startup_stm32h750xx.o(.text)
    CEC_IRQHandler                           0x080002c7   Thumb Code     0  startup_stm32h750xx.o(.text)
    COMP1_IRQHandler                         0x080002c7   Thumb Code     0  startup_stm32h750xx.o(.text)
    CRS_IRQHandler                           0x080002c7   Thumb Code     0  startup_stm32h750xx.o(.text)
    CRYP_IRQHandler                          0x080002c7   Thumb Code     0  startup_stm32h750xx.o(.text)
    DCMI_IRQHandler                          0x080002c7   Thumb Code     0  startup_stm32h750xx.o(.text)
    DFSDM1_FLT0_IRQHandler                   0x080002c7   Thumb Code     0  startup_stm32h750xx.o(.text)
    DFSDM1_FLT1_IRQHandler                   0x080002c7   Thumb Code     0  startup_stm32h750xx.o(.text)
    DFSDM1_FLT2_IRQHandler                   0x080002c7   Thumb Code     0  startup_stm32h750xx.o(.text)
    DFSDM1_FLT3_IRQHandler                   0x080002c7   Thumb Code     0  startup_stm32h750xx.o(.text)
    DMA1_Stream0_IRQHandler                  0x080002c7   Thumb Code     0  startup_stm32h750xx.o(.text)
    DMA1_Stream1_IRQHandler                  0x080002c7   Thumb Code     0  startup_stm32h750xx.o(.text)
    DMA1_Stream2_IRQHandler                  0x080002c7   Thumb Code     0  startup_stm32h750xx.o(.text)
    DMA1_Stream3_IRQHandler                  0x080002c7   Thumb Code     0  startup_stm32h750xx.o(.text)
    DMA1_Stream4_IRQHandler                  0x080002c7   Thumb Code     0  startup_stm32h750xx.o(.text)
    DMA1_Stream5_IRQHandler                  0x080002c7   Thumb Code     0  startup_stm32h750xx.o(.text)
    DMA1_Stream6_IRQHandler                  0x080002c7   Thumb Code     0  startup_stm32h750xx.o(.text)
    DMA1_Stream7_IRQHandler                  0x080002c7   Thumb Code     0  startup_stm32h750xx.o(.text)
    DMA2D_IRQHandler                         0x080002c7   Thumb Code     0  startup_stm32h750xx.o(.text)
    DMA2_Stream0_IRQHandler                  0x080002c7   Thumb Code     0  startup_stm32h750xx.o(.text)
    DMA2_Stream1_IRQHandler                  0x080002c7   Thumb Code     0  startup_stm32h750xx.o(.text)
    DMA2_Stream2_IRQHandler                  0x080002c7   Thumb Code     0  startup_stm32h750xx.o(.text)
    DMA2_Stream3_IRQHandler                  0x080002c7   Thumb Code     0  startup_stm32h750xx.o(.text)
    DMA2_Stream4_IRQHandler                  0x080002c7   Thumb Code     0  startup_stm32h750xx.o(.text)
    DMA2_Stream5_IRQHandler                  0x080002c7   Thumb Code     0  startup_stm32h750xx.o(.text)
    DMA2_Stream6_IRQHandler                  0x080002c7   Thumb Code     0  startup_stm32h750xx.o(.text)
    DMA2_Stream7_IRQHandler                  0x080002c7   Thumb Code     0  startup_stm32h750xx.o(.text)
    DMAMUX1_OVR_IRQHandler                   0x080002c7   Thumb Code     0  startup_stm32h750xx.o(.text)
    DMAMUX2_OVR_IRQHandler                   0x080002c7   Thumb Code     0  startup_stm32h750xx.o(.text)
    ECC_IRQHandler                           0x080002c7   Thumb Code     0  startup_stm32h750xx.o(.text)
    ETH_IRQHandler                           0x080002c7   Thumb Code     0  startup_stm32h750xx.o(.text)
    ETH_WKUP_IRQHandler                      0x080002c7   Thumb Code     0  startup_stm32h750xx.o(.text)
    EXTI0_IRQHandler                         0x080002c7   Thumb Code     0  startup_stm32h750xx.o(.text)
    EXTI15_10_IRQHandler                     0x080002c7   Thumb Code     0  startup_stm32h750xx.o(.text)
    EXTI1_IRQHandler                         0x080002c7   Thumb Code     0  startup_stm32h750xx.o(.text)
    EXTI2_IRQHandler                         0x080002c7   Thumb Code     0  startup_stm32h750xx.o(.text)
    EXTI3_IRQHandler                         0x080002c7   Thumb Code     0  startup_stm32h750xx.o(.text)
    EXTI4_IRQHandler                         0x080002c7   Thumb Code     0  startup_stm32h750xx.o(.text)
    EXTI9_5_IRQHandler                       0x080002c7   Thumb Code     0  startup_stm32h750xx.o(.text)
    FDCAN1_IT0_IRQHandler                    0x080002c7   Thumb Code     0  startup_stm32h750xx.o(.text)
    FDCAN1_IT1_IRQHandler                    0x080002c7   Thumb Code     0  startup_stm32h750xx.o(.text)
    FDCAN2_IT0_IRQHandler                    0x080002c7   Thumb Code     0  startup_stm32h750xx.o(.text)
    FDCAN2_IT1_IRQHandler                    0x080002c7   Thumb Code     0  startup_stm32h750xx.o(.text)
    FDCAN_CAL_IRQHandler                     0x080002c7   Thumb Code     0  startup_stm32h750xx.o(.text)
    FLASH_IRQHandler                         0x080002c7   Thumb Code     0  startup_stm32h750xx.o(.text)
    FMC_IRQHandler                           0x080002c7   Thumb Code     0  startup_stm32h750xx.o(.text)
    FPU_IRQHandler                           0x080002c7   Thumb Code     0  startup_stm32h750xx.o(.text)
    HASH_RNG_IRQHandler                      0x080002c7   Thumb Code     0  startup_stm32h750xx.o(.text)
    HRTIM1_FLT_IRQHandler                    0x080002c7   Thumb Code     0  startup_stm32h750xx.o(.text)
    HRTIM1_Master_IRQHandler                 0x080002c7   Thumb Code     0  startup_stm32h750xx.o(.text)
    HRTIM1_TIMA_IRQHandler                   0x080002c7   Thumb Code     0  startup_stm32h750xx.o(.text)
    HRTIM1_TIMB_IRQHandler                   0x080002c7   Thumb Code     0  startup_stm32h750xx.o(.text)
    HRTIM1_TIMC_IRQHandler                   0x080002c7   Thumb Code     0  startup_stm32h750xx.o(.text)
    HRTIM1_TIMD_IRQHandler                   0x080002c7   Thumb Code     0  startup_stm32h750xx.o(.text)
    HRTIM1_TIME_IRQHandler                   0x080002c7   Thumb Code     0  startup_stm32h750xx.o(.text)
    HSEM1_IRQHandler                         0x080002c7   Thumb Code     0  startup_stm32h750xx.o(.text)
    I2C1_ER_IRQHandler                       0x080002c7   Thumb Code     0  startup_stm32h750xx.o(.text)
    I2C1_EV_IRQHandler                       0x080002c7   Thumb Code     0  startup_stm32h750xx.o(.text)
    I2C2_ER_IRQHandler                       0x080002c7   Thumb Code     0  startup_stm32h750xx.o(.text)
    I2C2_EV_IRQHandler                       0x080002c7   Thumb Code     0  startup_stm32h750xx.o(.text)
    I2C3_ER_IRQHandler                       0x080002c7   Thumb Code     0  startup_stm32h750xx.o(.text)
    I2C3_EV_IRQHandler                       0x080002c7   Thumb Code     0  startup_stm32h750xx.o(.text)
    I2C4_ER_IRQHandler                       0x080002c7   Thumb Code     0  startup_stm32h750xx.o(.text)
    I2C4_EV_IRQHandler                       0x080002c7   Thumb Code     0  startup_stm32h750xx.o(.text)
    JPEG_IRQHandler                          0x080002c7   Thumb Code     0  startup_stm32h750xx.o(.text)
    LPTIM1_IRQHandler                        0x080002c7   Thumb Code     0  startup_stm32h750xx.o(.text)
    LPTIM2_IRQHandler                        0x080002c7   Thumb Code     0  startup_stm32h750xx.o(.text)
    LPTIM3_IRQHandler                        0x080002c7   Thumb Code     0  startup_stm32h750xx.o(.text)
    LPTIM4_IRQHandler                        0x080002c7   Thumb Code     0  startup_stm32h750xx.o(.text)
    LPTIM5_IRQHandler                        0x080002c7   Thumb Code     0  startup_stm32h750xx.o(.text)
    LPUART1_IRQHandler                       0x080002c7   Thumb Code     0  startup_stm32h750xx.o(.text)
    LTDC_ER_IRQHandler                       0x080002c7   Thumb Code     0  startup_stm32h750xx.o(.text)
    LTDC_IRQHandler                          0x080002c7   Thumb Code     0  startup_stm32h750xx.o(.text)
    MDIOS_IRQHandler                         0x080002c7   Thumb Code     0  startup_stm32h750xx.o(.text)
    MDIOS_WKUP_IRQHandler                    0x080002c7   Thumb Code     0  startup_stm32h750xx.o(.text)
    MDMA_IRQHandler                          0x080002c7   Thumb Code     0  startup_stm32h750xx.o(.text)
    OTG_FS_EP1_IN_IRQHandler                 0x080002c7   Thumb Code     0  startup_stm32h750xx.o(.text)
    OTG_FS_EP1_OUT_IRQHandler                0x080002c7   Thumb Code     0  startup_stm32h750xx.o(.text)
    OTG_FS_IRQHandler                        0x080002c7   Thumb Code     0  startup_stm32h750xx.o(.text)
    OTG_FS_WKUP_IRQHandler                   0x080002c7   Thumb Code     0  startup_stm32h750xx.o(.text)
    OTG_HS_EP1_IN_IRQHandler                 0x080002c7   Thumb Code     0  startup_stm32h750xx.o(.text)
    OTG_HS_EP1_OUT_IRQHandler                0x080002c7   Thumb Code     0  startup_stm32h750xx.o(.text)
    OTG_HS_IRQHandler                        0x080002c7   Thumb Code     0  startup_stm32h750xx.o(.text)
    OTG_HS_WKUP_IRQHandler                   0x080002c7   Thumb Code     0  startup_stm32h750xx.o(.text)
    PVD_AVD_IRQHandler                       0x080002c7   Thumb Code     0  startup_stm32h750xx.o(.text)
    QUADSPI_IRQHandler                       0x080002c7   Thumb Code     0  startup_stm32h750xx.o(.text)
    RCC_IRQHandler                           0x080002c7   Thumb Code     0  startup_stm32h750xx.o(.text)
    RTC_Alarm_IRQHandler                     0x080002c7   Thumb Code     0  startup_stm32h750xx.o(.text)
    RTC_WKUP_IRQHandler                      0x080002c7   Thumb Code     0  startup_stm32h750xx.o(.text)
    SAI1_IRQHandler                          0x080002c7   Thumb Code     0  startup_stm32h750xx.o(.text)
    SAI2_IRQHandler                          0x080002c7   Thumb Code     0  startup_stm32h750xx.o(.text)
    SAI3_IRQHandler                          0x080002c7   Thumb Code     0  startup_stm32h750xx.o(.text)
    SAI4_IRQHandler                          0x080002c7   Thumb Code     0  startup_stm32h750xx.o(.text)
    SDMMC1_IRQHandler                        0x080002c7   Thumb Code     0  startup_stm32h750xx.o(.text)
    SDMMC2_IRQHandler                        0x080002c7   Thumb Code     0  startup_stm32h750xx.o(.text)
    SPDIF_RX_IRQHandler                      0x080002c7   Thumb Code     0  startup_stm32h750xx.o(.text)
    SPI1_IRQHandler                          0x080002c7   Thumb Code     0  startup_stm32h750xx.o(.text)
    SPI2_IRQHandler                          0x080002c7   Thumb Code     0  startup_stm32h750xx.o(.text)
    SPI3_IRQHandler                          0x080002c7   Thumb Code     0  startup_stm32h750xx.o(.text)
    SPI4_IRQHandler                          0x080002c7   Thumb Code     0  startup_stm32h750xx.o(.text)
    SPI5_IRQHandler                          0x080002c7   Thumb Code     0  startup_stm32h750xx.o(.text)
    SPI6_IRQHandler                          0x080002c7   Thumb Code     0  startup_stm32h750xx.o(.text)
    SWPMI1_IRQHandler                        0x080002c7   Thumb Code     0  startup_stm32h750xx.o(.text)
    TAMP_STAMP_IRQHandler                    0x080002c7   Thumb Code     0  startup_stm32h750xx.o(.text)
    TIM15_IRQHandler                         0x080002c7   Thumb Code     0  startup_stm32h750xx.o(.text)
    TIM16_IRQHandler                         0x080002c7   Thumb Code     0  startup_stm32h750xx.o(.text)
    TIM17_IRQHandler                         0x080002c7   Thumb Code     0  startup_stm32h750xx.o(.text)
    TIM1_BRK_IRQHandler                      0x080002c7   Thumb Code     0  startup_stm32h750xx.o(.text)
    TIM1_CC_IRQHandler                       0x080002c7   Thumb Code     0  startup_stm32h750xx.o(.text)
    TIM1_TRG_COM_IRQHandler                  0x080002c7   Thumb Code     0  startup_stm32h750xx.o(.text)
    TIM1_UP_IRQHandler                       0x080002c7   Thumb Code     0  startup_stm32h750xx.o(.text)
    TIM2_IRQHandler                          0x080002c7   Thumb Code     0  startup_stm32h750xx.o(.text)
    TIM3_IRQHandler                          0x080002c7   Thumb Code     0  startup_stm32h750xx.o(.text)
    TIM4_IRQHandler                          0x080002c7   Thumb Code     0  startup_stm32h750xx.o(.text)
    TIM5_IRQHandler                          0x080002c7   Thumb Code     0  startup_stm32h750xx.o(.text)
    TIM6_DAC_IRQHandler                      0x080002c7   Thumb Code     0  startup_stm32h750xx.o(.text)
    TIM7_IRQHandler                          0x080002c7   Thumb Code     0  startup_stm32h750xx.o(.text)
    TIM8_BRK_TIM12_IRQHandler                0x080002c7   Thumb Code     0  startup_stm32h750xx.o(.text)
    TIM8_CC_IRQHandler                       0x080002c7   Thumb Code     0  startup_stm32h750xx.o(.text)
    TIM8_TRG_COM_TIM14_IRQHandler            0x080002c7   Thumb Code     0  startup_stm32h750xx.o(.text)
    TIM8_UP_TIM13_IRQHandler                 0x080002c7   Thumb Code     0  startup_stm32h750xx.o(.text)
    UART4_IRQHandler                         0x080002c7   Thumb Code     0  startup_stm32h750xx.o(.text)
    UART5_IRQHandler                         0x080002c7   Thumb Code     0  startup_stm32h750xx.o(.text)
    UART7_IRQHandler                         0x080002c7   Thumb Code     0  startup_stm32h750xx.o(.text)
    UART8_IRQHandler                         0x080002c7   Thumb Code     0  startup_stm32h750xx.o(.text)
    USART1_IRQHandler                        0x080002c7   Thumb Code     0  startup_stm32h750xx.o(.text)
    USART2_IRQHandler                        0x080002c7   Thumb Code     0  startup_stm32h750xx.o(.text)
    USART3_IRQHandler                        0x080002c7   Thumb Code     0  startup_stm32h750xx.o(.text)
    USART6_IRQHandler                        0x080002c7   Thumb Code     0  startup_stm32h750xx.o(.text)
    WAKEUP_PIN_IRQHandler                    0x080002c7   Thumb Code     0  startup_stm32h750xx.o(.text)
    WWDG_IRQHandler                          0x080002c7   Thumb Code     0  startup_stm32h750xx.o(.text)
    __aeabi_uldivmod                         0x080002d1   Thumb Code    98  uldiv.o(.text)
    __rt_ctype_table                         0x08000335   Thumb Code     4  ctype_o.o(.text)
    isspace                                  0x0800033d   Thumb Code    18  isspace_o.o(.text)
    tolower                                  0x0800034f   Thumb Code    12  tolower.o(.text)
    ___aeabi_memcpy8$move                    0x0800035b   Thumb Code     0  memmovea.o(.text)
    __aeabi_memcpy                           0x0800035b   Thumb Code    64  memmovea.o(.text)
    __aeabi_memcpy4                          0x0800035b   Thumb Code     0  memmovea.o(.text)
    __aeabi_memmove                          0x0800035b   Thumb Code     0  memmovea.o(.text)
    __aeabi_memmove4                         0x0800035b   Thumb Code     0  memmovea.o(.text)
    __aeabi_memmove8                         0x0800035b   Thumb Code     0  memmovea.o(.text)
    __aeabi_memset                           0x0800039b   Thumb Code    14  memseta.o(.text)
    __aeabi_memset4                          0x0800039b   Thumb Code     0  memseta.o(.text)
    __aeabi_memset8                          0x0800039b   Thumb Code     0  memseta.o(.text)
    __aeabi_memclr                           0x080003a9   Thumb Code     4  memseta.o(.text)
    __aeabi_memclr4                          0x080003a9   Thumb Code     0  memseta.o(.text)
    __aeabi_memclr8                          0x080003a9   Thumb Code     0  memseta.o(.text)
    _memset$wrapper                          0x080003ad   Thumb Code    18  memseta.o(.text)
    strlen                                   0x080003bf   Thumb Code    14  strlen.o(.text)
    strcmp                                   0x080003cd   Thumb Code    28  strcmp.o(.text)
    memcmp                                   0x080003e9   Thumb Code    26  memcmp.o(.text)
    strcpy                                   0x08000403   Thumb Code    18  strcpy.o(.text)
    strrchr                                  0x08000415   Thumb Code    32  strrchr.o(.text)
    strpbrk                                  0x08000435   Thumb Code    32  strpbrk.o(.text)
    __0sscanf                                0x08000455   Thumb Code    48  __0sscanf.o(.text)
    _scanf_int                               0x0800048d   Thumb Code   332  _scanf_int.o(.text)
    __aeabi_llsl                             0x080005d9   Thumb Code    30  llshl.o(.text)
    _ll_shift_l                              0x080005d9   Thumb Code     0  llshl.o(.text)
    __aeabi_llsr                             0x080005f7   Thumb Code    32  llushr.o(.text)
    _ll_ushift_r                             0x080005f7   Thumb Code     0  llushr.o(.text)
    _chval                                   0x08000617   Thumb Code    28  _chval.o(.text)
    __vfscanf_char                           0x08000641   Thumb Code    20  scanf_char.o(.text)
    _sgetc                                   0x0800065d   Thumb Code    30  _sgetc.o(.text)
    _sbackspace                              0x0800067b   Thumb Code    34  _sgetc.o(.text)
    __scatterload                            0x0800069d   Thumb Code    28  init.o(.text)
    __scatterload_rt2                        0x0800069d   Thumb Code     0  init.o(.text)
    __vfscanf                                0x080006c1   Thumb Code   808  _scanf.o(.text)
    __decompress                             0x080009ed   Thumb Code     0  __dczerorl2.o(.text)
    __decompress1                            0x080009ed   Thumb Code    86  __dczerorl2.o(.text)
    BSP_PlatformIsDetected                   0x08000a45   Thumb Code    20  fatfs_platform.o(i.BSP_PlatformIsDetected)
    BSP_SD_GetCardInfo                       0x08000a5d   Thumb Code     8  bsp_driver_sd.o(i.BSP_SD_GetCardInfo)
    BSP_SD_GetCardState                      0x08000a69   Thumb Code    20  bsp_driver_sd.o(i.BSP_SD_GetCardState)
    BSP_SD_Init                              0x08000a81   Thumb Code    42  bsp_driver_sd.o(i.BSP_SD_Init)
    BSP_SD_IsDetected                        0x08000ab1   Thumb Code    26  bsp_driver_sd.o(i.BSP_SD_IsDetected)
    BSP_SD_ReadBlocks                        0x08000acd   Thumb Code    26  bsp_driver_sd.o(i.BSP_SD_ReadBlocks)
    BSP_SD_WriteBlocks                       0x08000aed   Thumb Code    26  bsp_driver_sd.o(i.BSP_SD_WriteBlocks)
    BusFault_Handler                         0x08000b0d   Thumb Code     2  stm32h7xx_it.o(i.BusFault_Handler)
    DeInit_all_bsp_and_IRQ                   0x08001b0d   Thumb Code   188  boot.o(i.DeInit_all_bsp_and_IRQ)
    DebugMon_Handler                         0x08001be5   Thumb Code     2  stm32h7xx_it.o(i.DebugMon_Handler)
    Error_Handler                            0x08001be7   Thumb Code     4  main.o(i.Error_Handler)
    FATFS_LinkDriver                         0x08001beb   Thumb Code     6  ff_gen_drv.o(i.FATFS_LinkDriver)
    FATFS_LinkDriverEx                       0x08001bf1   Thumb Code    58  ff_gen_drv.o(i.FATFS_LinkDriverEx)
    FMC_SDRAM_Init                           0x08001c31   Thumb Code   106  stm32h7xx_ll_fmc.o(i.FMC_SDRAM_Init)
    FMC_SDRAM_ProgramRefreshRate             0x08001c9b   Thumb Code    18  stm32h7xx_ll_fmc.o(i.FMC_SDRAM_ProgramRefreshRate)
    FMC_SDRAM_SendCommand                    0x08001cad   Thumb Code    38  stm32h7xx_ll_fmc.o(i.FMC_SDRAM_SendCommand)
    FMC_SDRAM_Timing_Init                    0x08001cd5   Thumb Code   164  stm32h7xx_ll_fmc.o(i.FMC_SDRAM_Timing_Init)
    HAL_CRCEx_Polynomial_Set                 0x08001d85   Thumb Code    84  stm32h7xx_hal_crc_ex.o(i.HAL_CRCEx_Polynomial_Set)
    HAL_CRC_Calculate                        0x08001dd9   Thumb Code    76  stm32h7xx_hal_crc.o(i.HAL_CRC_Calculate)
    HAL_CRC_Init                             0x08001e25   Thumb Code   114  stm32h7xx_hal_crc.o(i.HAL_CRC_Init)
    HAL_CRC_MspInit                          0x08001e9d   Thumb Code    30  crc.o(i.HAL_CRC_MspInit)
    HAL_CRYP_Decrypt                         0x08001ec5   Thumb Code   296  stm32h7xx_hal_cryp.o(i.HAL_CRYP_Decrypt)
    HAL_CRYP_Encrypt                         0x08001ff1   Thumb Code   296  stm32h7xx_hal_cryp.o(i.HAL_CRYP_Encrypt)
    HAL_CRYP_ErrorCallback                   0x0800211d   Thumb Code     2  stm32h7xx_hal_cryp.o(i.HAL_CRYP_ErrorCallback)
    HAL_CRYP_Init                            0x08002121   Thumb Code    80  stm32h7xx_hal_cryp.o(i.HAL_CRYP_Init)
    HAL_CRYP_MspInit                         0x08002175   Thumb Code    30  cryp.o(i.HAL_CRYP_MspInit)
    HAL_Delay                                0x0800219d   Thumb Code    32  stm32h7xx_hal.o(i.HAL_Delay)
    HAL_GPIO_DeInit                          0x080022ad   Thumb Code   324  stm32h7xx_hal_gpio.o(i.HAL_GPIO_DeInit)
    HAL_GPIO_Init                            0x0800241d   Thumb Code   506  stm32h7xx_hal_gpio.o(i.HAL_GPIO_Init)
    HAL_GPIO_ReadPin                         0x08002649   Thumb Code    10  stm32h7xx_hal_gpio.o(i.HAL_GPIO_ReadPin)
    HAL_GPIO_WritePin                        0x08002653   Thumb Code    10  stm32h7xx_hal_gpio.o(i.HAL_GPIO_WritePin)
    HAL_GetREVID                             0x0800265d   Thumb Code     8  stm32h7xx_hal.o(i.HAL_GetREVID)
    HAL_GetTick                              0x08002669   Thumb Code     6  stm32h7xx_hal.o(i.HAL_GetTick)
    HAL_IncTick                              0x08002675   Thumb Code    12  stm32h7xx_hal.o(i.HAL_IncTick)
    HAL_Init                                 0x08002685   Thumb Code    74  stm32h7xx_hal.o(i.HAL_Init)
    HAL_InitTick                             0x080026e1   Thumb Code    56  stm32h7xx_hal.o(i.HAL_InitTick)
    HAL_MspInit                              0x08002721   Thumb Code    22  stm32h7xx_hal_msp.o(i.HAL_MspInit)
    HAL_NVIC_SetPriority                     0x0800273d   Thumb Code    60  stm32h7xx_hal_cortex.o(i.HAL_NVIC_SetPriority)
    HAL_NVIC_SetPriorityGrouping             0x0800277d   Thumb Code    28  stm32h7xx_hal_cortex.o(i.HAL_NVIC_SetPriorityGrouping)
    HAL_PWREx_ConfigSupply                   0x080027a1   Thumb Code    78  stm32h7xx_hal_pwr_ex.o(i.HAL_PWREx_ConfigSupply)
    HAL_QSPI_Init                            0x080027f5   Thumb Code   162  stm32h7xx_hal_qspi.o(i.HAL_QSPI_Init)
    HAL_QSPI_MspInit                         0x080028a1   Thumb Code   194  quadspi.o(i.HAL_QSPI_MspInit)
    HAL_RCCEx_GetD3PCLK1Freq                 0x08002975   Thumb Code    26  stm32h7xx_hal_rcc_ex.o(i.HAL_RCCEx_GetD3PCLK1Freq)
    HAL_RCCEx_GetPLL1ClockFreq               0x08002999   Thumb Code   298  stm32h7xx_hal_rcc_ex.o(i.HAL_RCCEx_GetPLL1ClockFreq)
    HAL_RCCEx_GetPLL2ClockFreq               0x08002ae1   Thumb Code   296  stm32h7xx_hal_rcc_ex.o(i.HAL_RCCEx_GetPLL2ClockFreq)
    HAL_RCCEx_GetPLL3ClockFreq               0x08002c25   Thumb Code   296  stm32h7xx_hal_rcc_ex.o(i.HAL_RCCEx_GetPLL3ClockFreq)
    HAL_RCCEx_GetPeriphCLKFreq               0x08002d69   Thumb Code   692  stm32h7xx_hal_rcc_ex.o(i.HAL_RCCEx_GetPeriphCLKFreq)
    HAL_RCCEx_PeriphCLKConfig                0x08003031   Thumb Code  2472  stm32h7xx_hal_rcc_ex.o(i.HAL_RCCEx_PeriphCLKConfig)
    HAL_RCC_ClockConfig                      0x080039dd   Thumb Code   580  stm32h7xx_hal_rcc.o(i.HAL_RCC_ClockConfig)
    HAL_RCC_GetHCLKFreq                      0x08003c39   Thumb Code    52  stm32h7xx_hal_rcc.o(i.HAL_RCC_GetHCLKFreq)
    HAL_RCC_GetPCLK1Freq                     0x08003c7d   Thumb Code    26  stm32h7xx_hal_rcc.o(i.HAL_RCC_GetPCLK1Freq)
    HAL_RCC_GetPCLK2Freq                     0x08003ca1   Thumb Code    26  stm32h7xx_hal_rcc.o(i.HAL_RCC_GetPCLK2Freq)
    HAL_RCC_GetSysClockFreq                  0x08003cc5   Thumb Code   278  stm32h7xx_hal_rcc.o(i.HAL_RCC_GetSysClockFreq)
    HAL_RCC_OscConfig                        0x08003dfd   Thumb Code  1410  stm32h7xx_hal_rcc.o(i.HAL_RCC_OscConfig)
    HAL_SDRAM_Init                           0x08004381   Thumb Code    76  stm32h7xx_hal_sdram.o(i.HAL_SDRAM_Init)
    HAL_SDRAM_MspInit                        0x080043d1   Thumb Code     4  fmc.o(i.HAL_SDRAM_MspInit)
    HAL_SDRAM_ProgramRefreshRate             0x080043d5   Thumb Code    46  stm32h7xx_hal_sdram.o(i.HAL_SDRAM_ProgramRefreshRate)
    HAL_SDRAM_SendCommand                    0x08004405   Thumb Code    60  stm32h7xx_hal_sdram.o(i.HAL_SDRAM_SendCommand)
    HAL_SD_ConfigWideBusOperation            0x08004441   Thumb Code   378  stm32h7xx_hal_sd.o(i.HAL_SD_ConfigWideBusOperation)
    HAL_SD_GetCardCSD                        0x080045c9   Thumb Code   440  stm32h7xx_hal_sd.o(i.HAL_SD_GetCardCSD)
    HAL_SD_GetCardInfo                       0x08004785   Thumb Code    36  stm32h7xx_hal_sd.o(i.HAL_SD_GetCardInfo)
    HAL_SD_GetCardState                      0x080047a9   Thumb Code    44  stm32h7xx_hal_sd.o(i.HAL_SD_GetCardState)
    HAL_SD_GetCardStatus                     0x080047d5   Thumb Code   200  stm32h7xx_hal_sd.o(i.HAL_SD_GetCardStatus)
    HAL_SD_Init                              0x080048a1   Thumb Code   154  stm32h7xx_hal_sd.o(i.HAL_SD_Init)
    HAL_SD_InitCard                          0x0800493d   Thumb Code   158  stm32h7xx_hal_sd.o(i.HAL_SD_InitCard)
    HAL_SD_MspDeInit                         0x080049e9   Thumb Code    44  sdmmc.o(i.HAL_SD_MspDeInit)
    HAL_SD_MspInit                           0x08004a25   Thumb Code   188  sdmmc.o(i.HAL_SD_MspInit)
    HAL_SD_ReadBlocks                        0x08004af1   Thumb Code   444  stm32h7xx_hal_sd.o(i.HAL_SD_ReadBlocks)
    HAL_SD_WriteBlocks                       0x08004cb5   Thumb Code   466  stm32h7xx_hal_sd.o(i.HAL_SD_WriteBlocks)
    HAL_SYSTICK_Config                       0x08004e91   Thumb Code    38  stm32h7xx_hal_cortex.o(i.HAL_SYSTICK_Config)
    HAL_UARTEx_DisableFifoMode               0x08004eb7   Thumb Code    64  stm32h7xx_hal_uart_ex.o(i.HAL_UARTEx_DisableFifoMode)
    HAL_UARTEx_SetRxFifoThreshold            0x08004ef7   Thumb Code    76  stm32h7xx_hal_uart_ex.o(i.HAL_UARTEx_SetRxFifoThreshold)
    HAL_UARTEx_SetTxFifoThreshold            0x08004f43   Thumb Code    76  stm32h7xx_hal_uart_ex.o(i.HAL_UARTEx_SetTxFifoThreshold)
    HAL_UART_Init                            0x08004f8f   Thumb Code   106  stm32h7xx_hal_uart.o(i.HAL_UART_Init)
    HAL_UART_MspDeInit                       0x08004ff9   Thumb Code    44  usart.o(i.HAL_UART_MspDeInit)
    HAL_UART_MspInit                         0x08005035   Thumb Code   158  usart.o(i.HAL_UART_MspInit)
    HAL_UART_Receive                         0x080050e5   Thumb Code   232  stm32h7xx_hal_uart.o(i.HAL_UART_Receive)
    HAL_UART_Transmit                        0x080051cd   Thumb Code   176  stm32h7xx_hal_uart.o(i.HAL_UART_Transmit)
    HardFault_Handler                        0x0800527d   Thumb Code     2  stm32h7xx_it.o(i.HardFault_Handler)
    MX_CRC_Init                              0x08005281   Thumb Code    50  crc.o(i.MX_CRC_Init)
    MX_CRYP_Init                             0x080052bd   Thumb Code    46  cryp.o(i.MX_CRYP_Init)
    MX_FATFS_Init                            0x080052f9   Thumb Code    18  fatfs.o(i.MX_FATFS_Init)
    MX_FMC_Init                              0x08005315   Thumb Code    84  fmc.o(i.MX_FMC_Init)
    MX_GPIO_Init                             0x08005371   Thumb Code   284  gpio.o(i.MX_GPIO_Init)
    MX_QUADSPI_Init                          0x0800549d   Thumb Code    48  quadspi.o(i.MX_QUADSPI_Init)
    MX_SDMMC1_SD_Init                        0x080054d5   Thumb Code    28  sdmmc.o(i.MX_SDMMC1_SD_Init)
    MX_UART4_Init                            0x080054f9   Thumb Code    94  usart.o(i.MX_UART4_Init)
    MemManage_Handler                        0x08005561   Thumb Code     2  stm32h7xx_it.o(i.MemManage_Handler)
    NMI_Handler                              0x08005563   Thumb Code     2  stm32h7xx_it.o(i.NMI_Handler)
    PendSV_Handler                           0x08005565   Thumb Code     2  stm32h7xx_it.o(i.PendSV_Handler)
    SDMMC_CmdAppCommand                      0x080057f1   Thumb Code    52  stm32h7xx_ll_sdmmc.o(i.SDMMC_CmdAppCommand)
    SDMMC_CmdAppOperCommand                  0x08005825   Thumb Code    46  stm32h7xx_ll_sdmmc.o(i.SDMMC_CmdAppOperCommand)
    SDMMC_CmdBlockLength                     0x08005853   Thumb Code    50  stm32h7xx_ll_sdmmc.o(i.SDMMC_CmdBlockLength)
    SDMMC_CmdBusWidth                        0x08005885   Thumb Code    52  stm32h7xx_ll_sdmmc.o(i.SDMMC_CmdBusWidth)
    SDMMC_CmdGoIdleState                     0x080058b9   Thumb Code    74  stm32h7xx_ll_sdmmc.o(i.SDMMC_CmdGoIdleState)
    SDMMC_CmdOperCond                        0x0800590d   Thumb Code    40  stm32h7xx_ll_sdmmc.o(i.SDMMC_CmdOperCond)
    SDMMC_CmdReadMultiBlock                  0x08005935   Thumb Code    52  stm32h7xx_ll_sdmmc.o(i.SDMMC_CmdReadMultiBlock)
    SDMMC_CmdReadSingleBlock                 0x08005969   Thumb Code    52  stm32h7xx_ll_sdmmc.o(i.SDMMC_CmdReadSingleBlock)
    SDMMC_CmdSelDesel                        0x0800599d   Thumb Code    52  stm32h7xx_ll_sdmmc.o(i.SDMMC_CmdSelDesel)
    SDMMC_CmdSendCID                         0x080059d1   Thumb Code    44  stm32h7xx_ll_sdmmc.o(i.SDMMC_CmdSendCID)
    SDMMC_CmdSendCSD                         0x080059fd   Thumb Code    48  stm32h7xx_ll_sdmmc.o(i.SDMMC_CmdSendCSD)
    SDMMC_CmdSendSCR                         0x08005a2d   Thumb Code    50  stm32h7xx_ll_sdmmc.o(i.SDMMC_CmdSendSCR)
    SDMMC_CmdSendStatus                      0x08005a5f   Thumb Code    52  stm32h7xx_ll_sdmmc.o(i.SDMMC_CmdSendStatus)
    SDMMC_CmdSetRelAdd                       0x08005a93   Thumb Code    50  stm32h7xx_ll_sdmmc.o(i.SDMMC_CmdSetRelAdd)
    SDMMC_CmdStatusRegister                  0x08005ac5   Thumb Code    50  stm32h7xx_ll_sdmmc.o(i.SDMMC_CmdStatusRegister)
    SDMMC_CmdStopTransfer                    0x08005af9   Thumb Code    78  stm32h7xx_ll_sdmmc.o(i.SDMMC_CmdStopTransfer)
    SDMMC_CmdWriteMultiBlock                 0x08005b4d   Thumb Code    52  stm32h7xx_ll_sdmmc.o(i.SDMMC_CmdWriteMultiBlock)
    SDMMC_CmdWriteSingleBlock                0x08005b81   Thumb Code    52  stm32h7xx_ll_sdmmc.o(i.SDMMC_CmdWriteSingleBlock)
    SDMMC_ConfigData                         0x08005bb5   Thumb Code    38  stm32h7xx_ll_sdmmc.o(i.SDMMC_ConfigData)
    SDMMC_GetCmdResp1                        0x08005bdd   Thumb Code   280  stm32h7xx_ll_sdmmc.o(i.SDMMC_GetCmdResp1)
    SDMMC_GetCmdResp2                        0x08005d01   Thumb Code    76  stm32h7xx_ll_sdmmc.o(i.SDMMC_GetCmdResp2)
    SDMMC_GetCmdResp3                        0x08005d55   Thumb Code    62  stm32h7xx_ll_sdmmc.o(i.SDMMC_GetCmdResp3)
    SDMMC_GetCmdResp6                        0x08005d9d   Thumb Code   130  stm32h7xx_ll_sdmmc.o(i.SDMMC_GetCmdResp6)
    SDMMC_GetCmdResp7                        0x08005e29   Thumb Code    82  stm32h7xx_ll_sdmmc.o(i.SDMMC_GetCmdResp7)
    SDMMC_GetPowerState                      0x08005e81   Thumb Code     8  stm32h7xx_ll_sdmmc.o(i.SDMMC_GetPowerState)
    SDMMC_GetResponse                        0x08005e89   Thumb Code     6  stm32h7xx_ll_sdmmc.o(i.SDMMC_GetResponse)
    SDMMC_Init                               0x08005e91   Thumb Code    28  stm32h7xx_ll_sdmmc.o(i.SDMMC_Init)
    SDMMC_PowerState_ON                      0x08005eb1   Thumb Code    12  stm32h7xx_ll_sdmmc.o(i.SDMMC_PowerState_ON)
    SDMMC_ReadFIFO                           0x08005ebd   Thumb Code     6  stm32h7xx_ll_sdmmc.o(i.SDMMC_ReadFIFO)
    SDMMC_SendCommand                        0x08005ec5   Thumb Code    34  stm32h7xx_ll_sdmmc.o(i.SDMMC_SendCommand)
    SDMMC_WriteFIFO                          0x08005eed   Thumb Code    10  stm32h7xx_ll_sdmmc.o(i.SDMMC_WriteFIFO)
    SDRAM_InitSequence                       0x08005ef9   Thumb Code   118  bsp_sdram.o(i.SDRAM_InitSequence)
    SD_initialize                            0x0800630d   Thumb Code    28  sd_diskio.o(i.SD_initialize)
    SD_ioctl                                 0x0800632d   Thumb Code    84  sd_diskio.o(i.SD_ioctl)
    SD_read                                  0x08006385   Thumb Code    38  sd_diskio.o(i.SD_read)
    SD_status                                0x080063ab   Thumb Code     4  sd_diskio.o(i.SD_status)
    SD_write                                 0x080063b1   Thumb Code    38  sd_diskio.o(i.SD_write)
    SVC_Handler                              0x080063d7   Thumb Code     2  stm32h7xx_it.o(i.SVC_Handler)
    SysTick_Handler                          0x080063d9   Thumb Code     4  stm32h7xx_it.o(i.SysTick_Handler)
    SystemClock_Config                       0x080063dd   Thumb Code   210  main.o(i.SystemClock_Config)
    SystemInit                               0x080064bd   Thumb Code   180  system_stm32h7xx.o(i.SystemInit)
    UART_AdvFeatureConfig                    0x080065dd   Thumb Code   200  stm32h7xx_hal_uart.o(i.UART_AdvFeatureConfig)
    UART_CheckIdleState                      0x080066a5   Thumb Code   170  stm32h7xx_hal_uart.o(i.UART_CheckIdleState)
    UART_SetConfig                           0x080067a5   Thumb Code   876  stm32h7xx_hal_uart.o(i.UART_SetConfig)
    UART_WaitOnFlagUntilTimeout              0x08006b51   Thumb Code   140  stm32h7xx_hal_uart.o(i.UART_WaitOnFlagUntilTimeout)
    UPDC32                                   0x08006bdd   Thumb Code    16  crctab.o(i.UPDC32)
    UsageFault_Handler                       0x08006bf1   Thumb Code     2  stm32h7xx_it.o(i.UsageFault_Handler)
    __0fprintf$8                             0x08006bf5   Thumb Code    22  printf8.o(i.__0fprintf$8)
    __1fprintf$8                             0x08006bf5   Thumb Code     0  printf8.o(i.__0fprintf$8)
    __2fprintf                               0x08006bf5   Thumb Code     0  printf8.o(i.__0fprintf$8)
    __0printf$8                              0x08006c11   Thumb Code    22  printf8.o(i.__0printf$8)
    __1printf$8                              0x08006c11   Thumb Code     0  printf8.o(i.__0printf$8)
    __2printf                                0x08006c11   Thumb Code     0  printf8.o(i.__0printf$8)
    __scatterload_copy                       0x08006c53   Thumb Code    14  handlers.o(i.__scatterload_copy)
    __scatterload_null                       0x08006c61   Thumb Code     2  handlers.o(i.__scatterload_null)
    __scatterload_zeroinit                   0x08006c63   Thumb Code    14  handlers.o(i.__scatterload_zeroinit)
    api_get_chipid                           0x0800715d   Thumb Code    48  api_information.o(i.api_get_chipid)
    api_get_flash_size                       0x08007191   Thumb Code     6  api_information.o(i.api_get_flash_size)
    bsp_sdram_init                           0x0800719d   Thumb Code   126  bsp_sdram.o(i.bsp_sdram_init)
    fgetc                                    0x08007339   Thumb Code    26  bsp_usart.o(i.fgetc)
    fileno                                   0x08007359   Thumb Code     4  file.o(i.fileno)
    find_cmd                                 0x0800735d   Thumb Code    38  command.o(i.find_cmd)
    fopen2                                   0x08007429   Thumb Code    18  file.o(i.fopen2)
    fputc                                    0x08007441   Thumb Code    18  bsp_usart.o(i.fputc)
    fputs                                    0x08007459   Thumb Code    24  fputs.o(i.fputs)
    fstat                                    0x08007471   Thumb Code    12  file.o(i.fstat)
    fwrite2                                  0x08007481   Thumb Code    36  file.o(i.fwrite2)
    get_cmds                                 0x080074a9   Thumb Code     4  command.o(i.get_cmds)
    get_file_size                            0x080074b1   Thumb Code     6  file.o(i.get_file_size)
    get_flash                                0x080074bd   Thumb Code     4  bsp_qspi.o(i.get_flash)
    get_stm32h7_HCLKFreq                     0x080074c5   Thumb Code     4  bsp_information.o(i.get_stm32h7_HCLKFreq)
    get_stm32h7_PCLK1Freq                    0x080074c9   Thumb Code     4  bsp_information.o(i.get_stm32h7_PCLK1Freq)
    get_stm32h7_PCLK2Freq                    0x080074cd   Thumb Code     4  bsp_information.o(i.get_stm32h7_PCLK2Freq)
    get_stm32h7_SysClockFreq                 0x080074d1   Thumb Code     4  bsp_information.o(i.get_stm32h7_SysClockFreq)
    getc                                     0x080074d5   Thumb Code     4  getc.o(i.getc)
    interface_go                             0x0800756d   Thumb Code    20  interface_cmd.o(i.interface_go)
    interface_hardware_crc32                 0x08007591   Thumb Code    16  interface_cmd.o(i.interface_hardware_crc32)
    interface_reboot                         0x080075a5   Thumb Code    26  interface_cmd.o(i.interface_reboot)
    io_mode                                  0x080075c9   Thumb Code     6  rbsb.o(i.io_mode)
    jump_app                                 0x080075d1   Thumb Code    36  boot.o(i.jump_app)
    main                                     0x080075fd   Thumb Code   274  main.o(i.main)
    msh_exec                                 0x080077e5   Thumb Code    78  parser.o(i.msh_exec)
    my_getchar                               0x0800791d   Thumb Code    10  bsp_usart.o(i.my_getchar)
    popen                                    0x08007927   Thumb Code     4  file.o(i.popen)
    putc                                     0x08007975   Thumb Code     4  putc.o(i.putc)
    putc2                                    0x08007979   Thumb Code    18  file.o(i.putc2)
    putdatas                                 0x08007991   Thumb Code    26  bsp_usart.o(i.putdatas)
    putstr                                   0x080079b1   Thumb Code    22  bsp_usart.o(i.putstr)
    rz                                       0x080079d9   Thumb Code    32  mrz.o(i.rz)
    rz_init                                  0x08007a15   Thumb Code   214  lrz.o(i.rz_init)
    sendbrk                                  0x080083ef   Thumb Code     2  rbsb.o(i.sendbrk)
    shell                                    0x080084fd   Thumb Code   560  shell.o(i.shell)
    sleep                                    0x0800883d   Thumb Code     4  file.o(i.sleep)
    str2hex                                  0x08008841   Thumb Code   100  cmd_flash.o(i.str2hex)
    test_api_get_falsh_size                  0x080088a5   Thumb Code    20  api_information.o(i.test_api_get_falsh_size)
    test_chip_id_info                        0x080088d5   Thumb Code    42  api_information.o(i.test_chip_id_info)
    test_clock_info                          0x08008921   Thumb Code    66  api_information.o(i.test_clock_info)
    updcrc                                   0x080089c5   Thumb Code    18  crctab.o(i.updcrc)
    zm_ackbibi                               0x08008a35   Thumb Code    64  zm.o(i.zm_ackbibi)
    zm_do_crc_check                          0x08008a75   Thumb Code   158  zm.o(i.zm_do_crc_check)
    zm_get_header                            0x08008cad   Thumb Code   344  zm.o(i.zm_get_header)
    zm_init                                  0x08008e45   Thumb Code    70  zm.o(i.zm_init)
    zm_receive_data                          0x080090d9   Thumb Code   188  zm.o(i.zm_receive_data)
    zm_reclaim_receive_header                0x08009195   Thumb Code    22  zm.o(i.zm_reclaim_receive_header)
    zm_send_hex_header                       0x080091ad   Thumb Code   186  zm.o(i.zm_send_hex_header)
    zm_set_header_payload                    0x08009267   Thumb Code    18  zm.o(i.zm_set_header_payload)
    zm_set_header_payload_bytes              0x08009279   Thumb Code    14  zm.o(i.zm_set_header_payload_bytes)
    zmodem_receive                           0x08009287   Thumb Code   156  lrz.o(i.zmodem_receive)
    zreadline_canit                          0x0800933d   Thumb Code    20  zreadline.o(i.zreadline_canit)
    zreadline_flushline                      0x08009355   Thumb Code     2  zreadline.o(i.zreadline_flushline)
    zreadline_getc                           0x08009357   Thumb Code    10  zreadline.o(i.zreadline_getc)
    zreadline_init                           0x08009361   Thumb Code    32  zreadline.o(i.zreadline_init)
    UARTPrescTable                           0x080093c4   Data          24  stm32h7xx_hal_uart.o(.constdata)
    D1CorePrescTable                         0x080093ec   Data          16  system_stm32h7xx.o(.constdata)
    SD_Driver                                0x080093fc   Data          20  sd_diskio.o(.constdata)
    __ctype_table                            0x08009410   Data         129  ctype_o.o(.constdata)
    Region$$Table$$Base                      0x080097cc   Number         0  anon$$obj.o(Region$$Table)
    Region$$Table$$Limit                     0x080097ec   Number         0  anon$$obj.o(Region$$Table)
    uwTickFreq                               0x20000008   Data           1  stm32h7xx_hal.o(.data)
    uwTickPrio                               0x2000000c   Data           4  stm32h7xx_hal.o(.data)
    uwTick                                   0x20000010   Data           4  stm32h7xx_hal.o(.data)
    SystemCoreClock                          0x20000014   Data           4  system_stm32h7xx.o(.data)
    SystemD2Clock                            0x20000018   Data           4  system_stm32h7xx.o(.data)
    Papp_size                                0x20000030   Data           4  boot.o(.data)
    psys_parameter                           0x20000034   Data           4  boot.o(.data)
    JumpToApplication                        0x2000003c   Data           4  boot.o(.data)
    sys_parameter                            0x20000040   Data           4  boot.o(.data)
    Sapp_size                                0x20000044   Data           8  boot.o(.data)
    sapi_clock_info                          0x2000004c   Data          16  api_information.o(.data)
    sapi_chip_id_info                        0x2000005c   Data           4  api_information.o(.data)
    sapi_get_falsh_size                      0x20000060   Data           4  api_information.o(.data)
    retSD                                    0x20000065   Data           1  fatfs.o(.data)
    SDPath                                   0x20000066   Data           4  fatfs.o(.data)
    help_cmd                                 0x20000098   Data          16  cmd_help.o(.data)
    clear_cmd                                0x200000a8   Data          16  cmd_clear.o(.data)
    crc32_cmd                                0x200000b8   Data          16  cmd_crc32.o(.data)
    flash_cmd                                0x200000c8   Data          16  cmd_flash.o(.data)
    go_cmd                                   0x200000d8   Data          16  cmd_go.o(.data)
    reboot_cmd                               0x200000e8   Data          16  cmd_reboot.o(.data)
    environment_variable                     0x200000f8   Data           3  cmd_setenv.o(.data)
    sevent_cmd                               0x200000fc   Data          16  cmd_setenv.o(.data)
    printeven_cmd                            0x2000010c   Data          16  cmd_setenv.o(.data)
    crctab                                   0x2000011c   Data         512  crctab.o(.data)
    cr3tab                                   0x2000031c   Data        1024  crctab.o(.data)
    rz_cmd                                   0x2000071c   Data          16  mrz.o(.data)
    __stdout                                 0x20000754   Data           4  stdout.o(.data)
    __stderr                                 0x20000758   Data           4  stderr.o(.data)
    hcrc                                     0x2000075c   Data          36  crc.o(.bss)
    hcryp                                    0x20000780   Data          96  cryp.o(.bss)
    hsdram1                                  0x200007e0   Data          52  fmc.o(.bss)
    hqspi                                    0x20000814   Data          76  quadspi.o(.bss)
    hsd1                                     0x20000860   Data         124  sdmmc.o(.bss)
    huart4                                   0x200008dc   Data         148  usart.o(.bss)
    disk                                     0x20000980   Data          12  ff_gen_drv.o(.bss)
    g_shell                                  0x2000098c   Data         492  shell.o(.bss)
    __initial_sp                             0x20001a88   Data           0  startup_stm32h750xx.o(STACK)



==============================================================================

Memory Map of the image

  Image Entry point : 0x08000299

  Load Region LR_IROM1 (Base: 0x08000000, Size: 0x00009f48, Max: 0x00020000, ABSOLUTE, COMPRESSED[0x00009edc])

    Execution Region ER_IROM1 (Exec base: 0x08000000, Load base: 0x08000000, Size: 0x000097ec, Max: 0x00020000, ABSOLUTE)

    Exec Addr    Load Addr    Size         Type   Attr      Idx    E Section Name        Object

    0x08000000   0x08000000   0x00000298   Data   RO            3    RESET               startup_stm32h750xx.o
    0x08000298   0x08000298   0x00000000   Code   RO         8209  * .ARM.Collect$$$$00000000  mc_w.l(entry.o)
    0x08000298   0x08000298   0x00000004   Code   RO         8581    .ARM.Collect$$$$00000001  mc_w.l(entry2.o)
    0x0800029c   0x0800029c   0x00000004   Code   RO         8584    .ARM.Collect$$$$00000004  mc_w.l(entry5.o)
    0x080002a0   0x080002a0   0x00000000   Code   RO         8586    .ARM.Collect$$$$00000008  mc_w.l(entry7b.o)
    0x080002a0   0x080002a0   0x00000000   Code   RO         8588    .ARM.Collect$$$$0000000A  mc_w.l(entry8b.o)
    0x080002a0   0x080002a0   0x00000008   Code   RO         8589    .ARM.Collect$$$$0000000B  mc_w.l(entry9a.o)
    0x080002a8   0x080002a8   0x00000000   Code   RO         8591    .ARM.Collect$$$$0000000D  mc_w.l(entry10a.o)
    0x080002a8   0x080002a8   0x00000000   Code   RO         8593    .ARM.Collect$$$$0000000F  mc_w.l(entry11a.o)
    0x080002a8   0x080002a8   0x00000004   Code   RO         8582    .ARM.Collect$$$$00002712  mc_w.l(entry2.o)
    0x080002ac   0x080002ac   0x00000024   Code   RO            4    .text               startup_stm32h750xx.o
    0x080002d0   0x080002d0   0x00000062   Code   RO         8234    .text               mc_w.l(uldiv.o)
    0x08000332   0x08000332   0x00000002   PAD
    0x08000334   0x08000334   0x00000008   Code   RO         8236    .text               mc_w.l(ctype_o.o)
    0x0800033c   0x0800033c   0x00000012   Code   RO         8258    .text               mc_w.l(isspace_o.o)
    0x0800034e   0x0800034e   0x0000000c   Code   RO         8264    .text               mc_w.l(tolower.o)
    0x0800035a   0x0800035a   0x00000040   Code   RO         8268    .text               mc_w.l(memmovea.o)
    0x0800039a   0x0800039a   0x00000024   Code   RO         8270    .text               mc_w.l(memseta.o)
    0x080003be   0x080003be   0x0000000e   Code   RO         8272    .text               mc_w.l(strlen.o)
    0x080003cc   0x080003cc   0x0000001c   Code   RO         8274    .text               mc_w.l(strcmp.o)
    0x080003e8   0x080003e8   0x0000001a   Code   RO         8276    .text               mc_w.l(memcmp.o)
    0x08000402   0x08000402   0x00000012   Code   RO         8278    .text               mc_w.l(strcpy.o)
    0x08000414   0x08000414   0x00000020   Code   RO         8280    .text               mc_w.l(strrchr.o)
    0x08000434   0x08000434   0x00000020   Code   RO         8282    .text               mc_w.l(strpbrk.o)
    0x08000454   0x08000454   0x00000038   Code   RO         8577    .text               mc_w.l(__0sscanf.o)
    0x0800048c   0x0800048c   0x0000014c   Code   RO         8579    .text               mc_w.l(_scanf_int.o)
    0x080005d8   0x080005d8   0x0000001e   Code   RO         8597    .text               mc_w.l(llshl.o)
    0x080005f6   0x080005f6   0x00000020   Code   RO         8599    .text               mc_w.l(llushr.o)
    0x08000616   0x08000616   0x0000001c   Code   RO         8603    .text               mc_w.l(_chval.o)
    0x08000632   0x08000632   0x00000002   PAD
    0x08000634   0x08000634   0x00000028   Code   RO         8605    .text               mc_w.l(scanf_char.o)
    0x0800065c   0x0800065c   0x00000040   Code   RO         8607    .text               mc_w.l(_sgetc.o)
    0x0800069c   0x0800069c   0x00000024   Code   RO         8620    .text               mc_w.l(init.o)
    0x080006c0   0x080006c0   0x0000032c   Code   RO         8626    .text               mc_w.l(_scanf.o)
    0x080009ec   0x080009ec   0x00000056   Code   RO         8641    .text               mc_w.l(__dczerorl2.o)
    0x08000a42   0x08000a42   0x00000002   PAD
    0x08000a44   0x08000a44   0x00000018   Code   RO         6482    i.BSP_PlatformIsDetected  fatfs_platform.o
    0x08000a5c   0x08000a5c   0x0000000c   Code   RO         6309    i.BSP_SD_GetCardInfo  bsp_driver_sd.o
    0x08000a68   0x08000a68   0x00000018   Code   RO         6310    i.BSP_SD_GetCardState  bsp_driver_sd.o
    0x08000a80   0x08000a80   0x00000030   Code   RO         6312    i.BSP_SD_Init       bsp_driver_sd.o
    0x08000ab0   0x08000ab0   0x0000001a   Code   RO         6313    i.BSP_SD_IsDetected  bsp_driver_sd.o
    0x08000aca   0x08000aca   0x00000002   PAD
    0x08000acc   0x08000acc   0x00000020   Code   RO         6314    i.BSP_SD_ReadBlocks  bsp_driver_sd.o
    0x08000aec   0x08000aec   0x00000020   Code   RO         6317    i.BSP_SD_WriteBlocks  bsp_driver_sd.o
    0x08000b0c   0x08000b0c   0x00000002   Code   RO          581    i.BusFault_Handler  stm32h7xx_it.o
    0x08000b0e   0x08000b0e   0x00000002   PAD
    0x08000b10   0x08000b10   0x00000030   Code   RO          821    i.CRC_Handle_16     stm32h7xx_hal_crc.o
    0x08000b40   0x08000b40   0x00000066   Code   RO          822    i.CRC_Handle_8      stm32h7xx_hal_crc.o
    0x08000ba6   0x08000ba6   0x00000002   PAD
    0x08000ba8   0x08000ba8   0x000002f6   Code   RO         3164    i.CRYP_AESCCM_Process  stm32h7xx_hal_cryp.o
    0x08000e9e   0x08000e9e   0x0000022e   Code   RO         3167    i.CRYP_AESGCM_Process  stm32h7xx_hal_cryp.o
    0x080010cc   0x080010cc   0x000000e4   Code   RO         3170    i.CRYP_AES_Decrypt  stm32h7xx_hal_cryp.o
    0x080011b0   0x080011b0   0x00000080   Code   RO         3173    i.CRYP_AES_Encrypt  stm32h7xx_hal_cryp.o
    0x08001230   0x08001230   0x000000d4   Code   RO         3176    i.CRYP_AES_ProcessData  stm32h7xx_hal_cryp.o
    0x08001304   0x08001304   0x0000019c   Code   RO         3180    i.CRYP_GCMCCM_SetHeaderPhase  stm32h7xx_hal_cryp.o
    0x080014a0   0x080014a0   0x000000a2   Code   RO         3185    i.CRYP_SetKey       stm32h7xx_hal_cryp.o
    0x08001542   0x08001542   0x000000ca   Code   RO         3187    i.CRYP_TDES_Process  stm32h7xx_hal_cryp.o
    0x0800160c   0x0800160c   0x0000002e   Code   RO         3188    i.CRYP_WaitOnBUSYFlag  stm32h7xx_hal_cryp.o
    0x0800163a   0x0800163a   0x0000002e   Code   RO         3189    i.CRYP_WaitOnIFEMFlag  stm32h7xx_hal_cryp.o
    0x08001668   0x08001668   0x0000002e   Code   RO         3190    i.CRYP_WaitOnOFNEFlag  stm32h7xx_hal_cryp.o
    0x08001696   0x08001696   0x00000002   PAD
    0x08001698   0x08001698   0x00000472   Code   RO         3191    i.CRYP_Workaround   stm32h7xx_hal_cryp.o
    0x08001b0a   0x08001b0a   0x00000002   PAD
    0x08001b0c   0x08001b0c   0x000000d8   Code   RO         5816    i.DeInit_all_bsp_and_IRQ  boot.o
    0x08001be4   0x08001be4   0x00000002   Code   RO          582    i.DebugMon_Handler  stm32h7xx_it.o
    0x08001be6   0x08001be6   0x00000004   Code   RO           13    i.Error_Handler     main.o
    0x08001bea   0x08001bea   0x00000006   Code   RO         6956    i.FATFS_LinkDriver  ff_gen_drv.o
    0x08001bf0   0x08001bf0   0x00000040   Code   RO         6957    i.FATFS_LinkDriverEx  ff_gen_drv.o
    0x08001c30   0x08001c30   0x0000006a   Code   RO         3476    i.FMC_SDRAM_Init    stm32h7xx_ll_fmc.o
    0x08001c9a   0x08001c9a   0x00000012   Code   RO         3477    i.FMC_SDRAM_ProgramRefreshRate  stm32h7xx_ll_fmc.o
    0x08001cac   0x08001cac   0x00000026   Code   RO         3478    i.FMC_SDRAM_SendCommand  stm32h7xx_ll_fmc.o
    0x08001cd2   0x08001cd2   0x00000002   PAD
    0x08001cd4   0x08001cd4   0x000000b0   Code   RO         3480    i.FMC_SDRAM_Timing_Init  stm32h7xx_ll_fmc.o
    0x08001d84   0x08001d84   0x00000054   Code   RO          893    i.HAL_CRCEx_Polynomial_Set  stm32h7xx_hal_crc_ex.o
    0x08001dd8   0x08001dd8   0x0000004c   Code   RO          824    i.HAL_CRC_Calculate  stm32h7xx_hal_crc.o
    0x08001e24   0x08001e24   0x00000078   Code   RO          827    i.HAL_CRC_Init      stm32h7xx_hal_crc.o
    0x08001e9c   0x08001e9c   0x00000028   Code   RO          323    i.HAL_CRC_MspInit   crc.o
    0x08001ec4   0x08001ec4   0x0000012c   Code   RO         3193    i.HAL_CRYP_Decrypt  stm32h7xx_hal_cryp.o
    0x08001ff0   0x08001ff0   0x0000012c   Code   RO         3196    i.HAL_CRYP_Encrypt  stm32h7xx_hal_cryp.o
    0x0800211c   0x0800211c   0x00000002   Code   RO         3199    i.HAL_CRYP_ErrorCallback  stm32h7xx_hal_cryp.o
    0x0800211e   0x0800211e   0x00000002   PAD
    0x08002120   0x08002120   0x00000054   Code   RO         3205    i.HAL_CRYP_Init     stm32h7xx_hal_cryp.o
    0x08002174   0x08002174   0x00000028   Code   RO          365    i.HAL_CRYP_MspInit  cryp.o
    0x0800219c   0x0800219c   0x00000024   Code   RO         2261    i.HAL_Delay         stm32h7xx_hal.o
    0x080021c0   0x080021c0   0x000000ec   Code   RO          407    i.HAL_FMC_MspInit   fmc.o
    0x080022ac   0x080022ac   0x00000170   Code   RO         1397    i.HAL_GPIO_DeInit   stm32h7xx_hal_gpio.o
    0x0800241c   0x0800241c   0x0000022c   Code   RO         1400    i.HAL_GPIO_Init     stm32h7xx_hal_gpio.o
    0x08002648   0x08002648   0x0000000a   Code   RO         1402    i.HAL_GPIO_ReadPin  stm32h7xx_hal_gpio.o
    0x08002652   0x08002652   0x0000000a   Code   RO         1404    i.HAL_GPIO_WritePin  stm32h7xx_hal_gpio.o
    0x0800265c   0x0800265c   0x0000000c   Code   RO         2272    i.HAL_GetREVID      stm32h7xx_hal.o
    0x08002668   0x08002668   0x0000000c   Code   RO         2273    i.HAL_GetTick       stm32h7xx_hal.o
    0x08002674   0x08002674   0x00000010   Code   RO         2279    i.HAL_IncTick       stm32h7xx_hal.o
    0x08002684   0x08002684   0x0000005c   Code   RO         2280    i.HAL_Init          stm32h7xx_hal.o
    0x080026e0   0x080026e0   0x00000040   Code   RO         2281    i.HAL_InitTick      stm32h7xx_hal.o
    0x08002720   0x08002720   0x0000001c   Code   RO          656    i.HAL_MspInit       stm32h7xx_hal_msp.o
    0x0800273c   0x0800273c   0x00000040   Code   RO          692    i.HAL_NVIC_SetPriority  stm32h7xx_hal_cortex.o
    0x0800277c   0x0800277c   0x00000024   Code   RO          693    i.HAL_NVIC_SetPriorityGrouping  stm32h7xx_hal_cortex.o
    0x080027a0   0x080027a0   0x00000054   Code   RO         2001    i.HAL_PWREx_ConfigSupply  stm32h7xx_hal_pwr_ex.o
    0x080027f4   0x080027f4   0x000000ac   Code   RO         3797    i.HAL_QSPI_Init     stm32h7xx_hal_qspi.o
    0x080028a0   0x080028a0   0x000000d4   Code   RO          456    i.HAL_QSPI_MspInit  quadspi.o
    0x08002974   0x08002974   0x00000024   Code   RO         1043    i.HAL_RCCEx_GetD3PCLK1Freq  stm32h7xx_hal_rcc_ex.o
    0x08002998   0x08002998   0x00000148   Code   RO         1044    i.HAL_RCCEx_GetPLL1ClockFreq  stm32h7xx_hal_rcc_ex.o
    0x08002ae0   0x08002ae0   0x00000144   Code   RO         1045    i.HAL_RCCEx_GetPLL2ClockFreq  stm32h7xx_hal_rcc_ex.o
    0x08002c24   0x08002c24   0x00000144   Code   RO         1046    i.HAL_RCCEx_GetPLL3ClockFreq  stm32h7xx_hal_rcc_ex.o
    0x08002d68   0x08002d68   0x000002c8   Code   RO         1048    i.HAL_RCCEx_GetPeriphCLKFreq  stm32h7xx_hal_rcc_ex.o
    0x08003030   0x08003030   0x000009ac   Code   RO         1052    i.HAL_RCCEx_PeriphCLKConfig  stm32h7xx_hal_rcc_ex.o
    0x080039dc   0x080039dc   0x0000025c   Code   RO          928    i.HAL_RCC_ClockConfig  stm32h7xx_hal_rcc.o
    0x08003c38   0x08003c38   0x00000044   Code   RO          933    i.HAL_RCC_GetHCLKFreq  stm32h7xx_hal_rcc.o
    0x08003c7c   0x08003c7c   0x00000024   Code   RO          935    i.HAL_RCC_GetPCLK1Freq  stm32h7xx_hal_rcc.o
    0x08003ca0   0x08003ca0   0x00000024   Code   RO          936    i.HAL_RCC_GetPCLK2Freq  stm32h7xx_hal_rcc.o
    0x08003cc4   0x08003cc4   0x00000138   Code   RO          937    i.HAL_RCC_GetSysClockFreq  stm32h7xx_hal_rcc.o
    0x08003dfc   0x08003dfc   0x00000582   Code   RO          940    i.HAL_RCC_OscConfig  stm32h7xx_hal_rcc.o
    0x0800437e   0x0800437e   0x00000002   PAD
    0x08004380   0x08004380   0x00000050   Code   RO         3617    i.HAL_SDRAM_Init    stm32h7xx_hal_sdram.o
    0x080043d0   0x080043d0   0x00000004   Code   RO          409    i.HAL_SDRAM_MspInit  fmc.o
    0x080043d4   0x080043d4   0x0000002e   Code   RO         3620    i.HAL_SDRAM_ProgramRefreshRate  stm32h7xx_hal_sdram.o
    0x08004402   0x08004402   0x00000002   PAD
    0x08004404   0x08004404   0x0000003c   Code   RO         3626    i.HAL_SDRAM_SendCommand  stm32h7xx_hal_sdram.o
    0x08004440   0x08004440   0x00000188   Code   RO         4370    i.HAL_SD_ConfigWideBusOperation  stm32h7xx_hal_sd.o
    0x080045c8   0x080045c8   0x000001bc   Code   RO         4375    i.HAL_SD_GetCardCSD  stm32h7xx_hal_sd.o
    0x08004784   0x08004784   0x00000024   Code   RO         4376    i.HAL_SD_GetCardInfo  stm32h7xx_hal_sd.o
    0x080047a8   0x080047a8   0x0000002c   Code   RO         4377    i.HAL_SD_GetCardState  stm32h7xx_hal_sd.o
    0x080047d4   0x080047d4   0x000000cc   Code   RO         4378    i.HAL_SD_GetCardStatus  stm32h7xx_hal_sd.o
    0x080048a0   0x080048a0   0x0000009a   Code   RO         4382    i.HAL_SD_Init       stm32h7xx_hal_sd.o
    0x0800493a   0x0800493a   0x00000002   PAD
    0x0800493c   0x0800493c   0x000000ac   Code   RO         4383    i.HAL_SD_InitCard   stm32h7xx_hal_sd.o
    0x080049e8   0x080049e8   0x0000003c   Code   RO          497    i.HAL_SD_MspDeInit  sdmmc.o
    0x08004a24   0x08004a24   0x000000cc   Code   RO          498    i.HAL_SD_MspInit    sdmmc.o
    0x08004af0   0x08004af0   0x000001c4   Code   RO         4386    i.HAL_SD_ReadBlocks  stm32h7xx_hal_sd.o
    0x08004cb4   0x08004cb4   0x000001dc   Code   RO         4391    i.HAL_SD_WriteBlocks  stm32h7xx_hal_sd.o
    0x08004e90   0x08004e90   0x00000026   Code   RO          697    i.HAL_SYSTICK_Config  stm32h7xx_hal_cortex.o
    0x08004eb6   0x08004eb6   0x00000040   Code   RO         5095    i.HAL_UARTEx_DisableFifoMode  stm32h7xx_hal_uart_ex.o
    0x08004ef6   0x08004ef6   0x0000004c   Code   RO         5104    i.HAL_UARTEx_SetRxFifoThreshold  stm32h7xx_hal_uart_ex.o
    0x08004f42   0x08004f42   0x0000004c   Code   RO         5105    i.HAL_UARTEx_SetTxFifoThreshold  stm32h7xx_hal_uart_ex.o
    0x08004f8e   0x08004f8e   0x0000006a   Code   RO         4704    i.HAL_UART_Init     stm32h7xx_hal_uart.o
    0x08004ff8   0x08004ff8   0x0000003c   Code   RO          539    i.HAL_UART_MspDeInit  usart.o
    0x08005034   0x08005034   0x000000b0   Code   RO          540    i.HAL_UART_MspInit  usart.o
    0x080050e4   0x080050e4   0x000000e8   Code   RO         4707    i.HAL_UART_Receive  stm32h7xx_hal_uart.o
    0x080051cc   0x080051cc   0x000000b0   Code   RO         4713    i.HAL_UART_Transmit  stm32h7xx_hal_uart.o
    0x0800527c   0x0800527c   0x00000002   Code   RO          583    i.HardFault_Handler  stm32h7xx_it.o
    0x0800527e   0x0800527e   0x00000002   PAD
    0x08005280   0x08005280   0x0000003c   Code   RO          324    i.MX_CRC_Init       crc.o
    0x080052bc   0x080052bc   0x0000003c   Code   RO          366    i.MX_CRYP_Init      cryp.o
    0x080052f8   0x080052f8   0x0000001c   Code   RO         6506    i.MX_FATFS_Init     fatfs.o
    0x08005314   0x08005314   0x0000005c   Code   RO          410    i.MX_FMC_Init       fmc.o
    0x08005370   0x08005370   0x0000012c   Code   RO          294    i.MX_GPIO_Init      gpio.o
    0x0800549c   0x0800549c   0x00000038   Code   RO          457    i.MX_QUADSPI_Init   quadspi.o
    0x080054d4   0x080054d4   0x00000024   Code   RO          499    i.MX_SDMMC1_SD_Init  sdmmc.o
    0x080054f8   0x080054f8   0x00000068   Code   RO          541    i.MX_UART4_Init     usart.o
    0x08005560   0x08005560   0x00000002   Code   RO          584    i.MemManage_Handler  stm32h7xx_it.o
    0x08005562   0x08005562   0x00000002   Code   RO          585    i.NMI_Handler       stm32h7xx_it.o
    0x08005564   0x08005564   0x00000002   Code   RO          586    i.PendSV_Handler    stm32h7xx_it.o
    0x08005566   0x08005566   0x00000048   Code   RO         3819    i.QSPI_WaitFlagStateUntilTimeout  stm32h7xx_hal_qspi.o
    0x080055ae   0x080055ae   0x00000002   PAD
    0x080055b0   0x080055b0   0x00000120   Code   RO         1055    i.RCCEx_PLL2_Config  stm32h7xx_hal_rcc_ex.o
    0x080056d0   0x080056d0   0x00000120   Code   RO         1056    i.RCCEx_PLL3_Config  stm32h7xx_hal_rcc_ex.o
    0x080057f0   0x080057f0   0x00000034   Code   RO         4022    i.SDMMC_CmdAppCommand  stm32h7xx_ll_sdmmc.o
    0x08005824   0x08005824   0x0000002e   Code   RO         4023    i.SDMMC_CmdAppOperCommand  stm32h7xx_ll_sdmmc.o
    0x08005852   0x08005852   0x00000032   Code   RO         4024    i.SDMMC_CmdBlockLength  stm32h7xx_ll_sdmmc.o
    0x08005884   0x08005884   0x00000034   Code   RO         4025    i.SDMMC_CmdBusWidth  stm32h7xx_ll_sdmmc.o
    0x080058b8   0x080058b8   0x00000054   Code   RO         4029    i.SDMMC_CmdGoIdleState  stm32h7xx_ll_sdmmc.o
    0x0800590c   0x0800590c   0x00000028   Code   RO         4031    i.SDMMC_CmdOperCond  stm32h7xx_ll_sdmmc.o
    0x08005934   0x08005934   0x00000034   Code   RO         4032    i.SDMMC_CmdReadMultiBlock  stm32h7xx_ll_sdmmc.o
    0x08005968   0x08005968   0x00000034   Code   RO         4033    i.SDMMC_CmdReadSingleBlock  stm32h7xx_ll_sdmmc.o
    0x0800599c   0x0800599c   0x00000034   Code   RO         4036    i.SDMMC_CmdSelDesel  stm32h7xx_ll_sdmmc.o
    0x080059d0   0x080059d0   0x0000002c   Code   RO         4037    i.SDMMC_CmdSendCID  stm32h7xx_ll_sdmmc.o
    0x080059fc   0x080059fc   0x00000030   Code   RO         4038    i.SDMMC_CmdSendCSD  stm32h7xx_ll_sdmmc.o
    0x08005a2c   0x08005a2c   0x00000032   Code   RO         4040    i.SDMMC_CmdSendSCR  stm32h7xx_ll_sdmmc.o
    0x08005a5e   0x08005a5e   0x00000034   Code   RO         4041    i.SDMMC_CmdSendStatus  stm32h7xx_ll_sdmmc.o
    0x08005a92   0x08005a92   0x00000032   Code   RO         4042    i.SDMMC_CmdSetRelAdd  stm32h7xx_ll_sdmmc.o
    0x08005ac4   0x08005ac4   0x00000032   Code   RO         4045    i.SDMMC_CmdStatusRegister  stm32h7xx_ll_sdmmc.o
    0x08005af6   0x08005af6   0x00000002   PAD
    0x08005af8   0x08005af8   0x00000054   Code   RO         4046    i.SDMMC_CmdStopTransfer  stm32h7xx_ll_sdmmc.o
    0x08005b4c   0x08005b4c   0x00000034   Code   RO         4049    i.SDMMC_CmdWriteMultiBlock  stm32h7xx_ll_sdmmc.o
    0x08005b80   0x08005b80   0x00000034   Code   RO         4050    i.SDMMC_CmdWriteSingleBlock  stm32h7xx_ll_sdmmc.o
    0x08005bb4   0x08005bb4   0x00000026   Code   RO         4051    i.SDMMC_ConfigData  stm32h7xx_ll_sdmmc.o
    0x08005bda   0x08005bda   0x00000002   PAD
    0x08005bdc   0x08005bdc   0x00000124   Code   RO         4052    i.SDMMC_GetCmdResp1  stm32h7xx_ll_sdmmc.o
    0x08005d00   0x08005d00   0x00000054   Code   RO         4053    i.SDMMC_GetCmdResp2  stm32h7xx_ll_sdmmc.o
    0x08005d54   0x08005d54   0x00000048   Code   RO         4054    i.SDMMC_GetCmdResp3  stm32h7xx_ll_sdmmc.o
    0x08005d9c   0x08005d9c   0x0000008c   Code   RO         4055    i.SDMMC_GetCmdResp6  stm32h7xx_ll_sdmmc.o
    0x08005e28   0x08005e28   0x00000058   Code   RO         4056    i.SDMMC_GetCmdResp7  stm32h7xx_ll_sdmmc.o
    0x08005e80   0x08005e80   0x00000008   Code   RO         4060    i.SDMMC_GetPowerState  stm32h7xx_ll_sdmmc.o
    0x08005e88   0x08005e88   0x00000006   Code   RO         4061    i.SDMMC_GetResponse  stm32h7xx_ll_sdmmc.o
    0x08005e8e   0x08005e8e   0x00000002   PAD
    0x08005e90   0x08005e90   0x00000020   Code   RO         4062    i.SDMMC_Init        stm32h7xx_ll_sdmmc.o
    0x08005eb0   0x08005eb0   0x0000000c   Code   RO         4065    i.SDMMC_PowerState_ON  stm32h7xx_ll_sdmmc.o
    0x08005ebc   0x08005ebc   0x00000006   Code   RO         4066    i.SDMMC_ReadFIFO    stm32h7xx_ll_sdmmc.o
    0x08005ec2   0x08005ec2   0x00000002   PAD
    0x08005ec4   0x08005ec4   0x00000028   Code   RO         4067    i.SDMMC_SendCommand  stm32h7xx_ll_sdmmc.o
    0x08005eec   0x08005eec   0x0000000a   Code   RO         4069    i.SDMMC_WriteFIFO   stm32h7xx_ll_sdmmc.o
    0x08005ef6   0x08005ef6   0x00000002   PAD
    0x08005ef8   0x08005ef8   0x00000080   Code   RO         5686    i.SDRAM_InitSequence  bsp_sdram.o
    0x08005f78   0x08005f78   0x00000020   Code   RO         6422    i.SD_CheckStatus    sd_diskio.o
    0x08005f98   0x08005f98   0x000000e4   Code   RO         4394    i.SD_FindSCR        stm32h7xx_hal_sd.o
    0x0800607c   0x0800607c   0x000000f6   Code   RO         4395    i.SD_InitCard       stm32h7xx_hal_sd.o
    0x08006172   0x08006172   0x00000002   PAD
    0x08006174   0x08006174   0x000000b4   Code   RO         4396    i.SD_PowerON        stm32h7xx_hal_sd.o
    0x08006228   0x08006228   0x000000e4   Code   RO         4397    i.SD_SendSDStatus   stm32h7xx_hal_sd.o
    0x0800630c   0x0800630c   0x00000020   Code   RO         6423    i.SD_initialize     sd_diskio.o
    0x0800632c   0x0800632c   0x00000058   Code   RO         6424    i.SD_ioctl          sd_diskio.o
    0x08006384   0x08006384   0x00000026   Code   RO         6425    i.SD_read           sd_diskio.o
    0x080063aa   0x080063aa   0x00000004   Code   RO         6426    i.SD_status         sd_diskio.o
    0x080063ae   0x080063ae   0x00000002   PAD
    0x080063b0   0x080063b0   0x00000026   Code   RO         6427    i.SD_write          sd_diskio.o
    0x080063d6   0x080063d6   0x00000002   Code   RO          587    i.SVC_Handler       stm32h7xx_it.o
    0x080063d8   0x080063d8   0x00000004   Code   RO          588    i.SysTick_Handler   stm32h7xx_it.o
    0x080063dc   0x080063dc   0x000000e0   Code   RO           14    i.SystemClock_Config  main.o
    0x080064bc   0x080064bc   0x000000dc   Code   RO         5214    i.SystemInit        system_stm32h7xx.o
    0x08006598   0x08006598   0x00000044   Code   RO         5109    i.UARTEx_SetNbDataToProcess  stm32h7xx_hal_uart_ex.o
    0x080065dc   0x080065dc   0x000000c8   Code   RO         4718    i.UART_AdvFeatureConfig  stm32h7xx_hal_uart.o
    0x080066a4   0x080066a4   0x000000aa   Code   RO         4719    i.UART_CheckIdleState  stm32h7xx_hal_uart.o
    0x0800674e   0x0800674e   0x00000002   PAD
    0x08006750   0x08006750   0x00000054   Code   RO         4730    i.UART_EndRxTransfer  stm32h7xx_hal_uart.o
    0x080067a4   0x080067a4   0x000003ac   Code   RO         4736    i.UART_SetConfig    stm32h7xx_hal_uart.o
    0x08006b50   0x08006b50   0x0000008c   Code   RO         4743    i.UART_WaitOnFlagUntilTimeout  stm32h7xx_hal_uart.o
    0x08006bdc   0x08006bdc   0x00000014   Code   RO         7582    i.UPDC32            crctab.o
    0x08006bf0   0x08006bf0   0x00000002   Code   RO          589    i.UsageFault_Handler  stm32h7xx_it.o
    0x08006bf2   0x08006bf2   0x00000002   PAD
    0x08006bf4   0x08006bf4   0x0000001c   Code   RO         8494    i.__0fprintf$8      mc_w.l(printf8.o)
    0x08006c10   0x08006c10   0x00000020   Code   RO         8495    i.__0printf$8       mc_w.l(printf8.o)
    0x08006c30   0x08006c30   0x00000022   Code   RO          699    i.__NVIC_SetPriority  stm32h7xx_hal_cortex.o
    0x08006c52   0x08006c52   0x0000000e   Code   RO         8635    i.__scatterload_copy  mc_w.l(handlers.o)
    0x08006c60   0x08006c60   0x00000002   Code   RO         8636    i.__scatterload_null  mc_w.l(handlers.o)
    0x08006c62   0x08006c62   0x0000000e   Code   RO         8637    i.__scatterload_zeroinit  mc_w.l(handlers.o)
    0x08006c70   0x08006c70   0x00000076   Code   RO         7259    i._msh_exec_cmd     parser.o
    0x08006ce6   0x08006ce6   0x00000002   PAD
    0x08006ce8   0x08006ce8   0x00000410   Code   RO         8502    i._printf_core      mc_w.l(printf8.o)
    0x080070f8   0x080070f8   0x00000024   Code   RO         8503    i._printf_post_padding  mc_w.l(printf8.o)
    0x0800711c   0x0800711c   0x0000002e   Code   RO         8504    i._printf_pre_padding  mc_w.l(printf8.o)
    0x0800714a   0x0800714a   0x00000004   Code   RO         6225    i.api_get_HCLKFreq  api_information.o
    0x0800714e   0x0800714e   0x00000004   Code   RO         6226    i.api_get_PCLK1Freq  api_information.o
    0x08007152   0x08007152   0x00000004   Code   RO         6227    i.api_get_PCLK2Freq  api_information.o
    0x08007156   0x08007156   0x00000004   Code   RO         6228    i.api_get_SysClockFreq  api_information.o
    0x0800715a   0x0800715a   0x00000002   PAD
    0x0800715c   0x0800715c   0x00000034   Code   RO         6229    i.api_get_chipid    api_information.o
    0x08007190   0x08007190   0x0000000c   Code   RO         6230    i.api_get_flash_size  api_information.o
    0x0800719c   0x0800719c   0x000000bc   Code   RO         5687    i.bsp_sdram_init    bsp_sdram.o
    0x08007258   0x08007258   0x00000014   Code   RO         7337    i.clear             cmd_clear.o
    0x0800726c   0x0800726c   0x000000cc   Code   RO         7359    i.crc32             cmd_crc32.o
    0x08007338   0x08007338   0x00000020   Code   RO         5451    i.fgetc             bsp_usart.o
    0x08007358   0x08007358   0x00000004   Code   RO         7981    i.fileno            file.o
    0x0800735c   0x0800735c   0x0000002c   Code   RO         7297    i.find_cmd          command.o
    0x08007388   0x08007388   0x000000a0   Code   RO         7390    i.flash_f           cmd_flash.o
    0x08007428   0x08007428   0x00000018   Code   RO         7982    i.fopen2            file.o
    0x08007440   0x08007440   0x00000018   Code   RO         5452    i.fputc             bsp_usart.o
    0x08007458   0x08007458   0x00000018   Code   RO         8212    i.fputs             mc_w.l(fputs.o)
    0x08007470   0x08007470   0x00000010   Code   RO         7983    i.fstat             file.o
    0x08007480   0x08007480   0x00000028   Code   RO         7984    i.fwrite2           file.o
    0x080074a8   0x080074a8   0x00000008   Code   RO         7298    i.get_cmds          command.o
    0x080074b0   0x080074b0   0x0000000c   Code   RO         7985    i.get_file_size     file.o
    0x080074bc   0x080074bc   0x00000008   Code   RO         5329    i.get_flash         bsp_qspi.o
    0x080074c4   0x080074c4   0x00000004   Code   RO         5769    i.get_stm32h7_HCLKFreq  bsp_information.o
    0x080074c8   0x080074c8   0x00000004   Code   RO         5770    i.get_stm32h7_PCLK1Freq  bsp_information.o
    0x080074cc   0x080074cc   0x00000004   Code   RO         5771    i.get_stm32h7_PCLK2Freq  bsp_information.o
    0x080074d0   0x080074d0   0x00000004   Code   RO         5772    i.get_stm32h7_SysClockFreq  bsp_information.o
    0x080074d4   0x080074d4   0x00000004   Code   RO         8216    i.getc              mc_w.l(getc.o)
    0x080074d8   0x080074d8   0x00000094   Code   RO         7318    i.help_f            cmd_help.o
    0x0800756c   0x0800756c   0x00000024   Code   RO         7532    i.interface_go      interface_cmd.o
    0x08007590   0x08007590   0x00000014   Code   RO         7533    i.interface_hardware_crc32  interface_cmd.o
    0x080075a4   0x080075a4   0x00000024   Code   RO         7535    i.interface_reboot  interface_cmd.o
    0x080075c8   0x080075c8   0x00000006   Code   RO         7738    i.io_mode           rbsb.o
    0x080075ce   0x080075ce   0x00000002   PAD
    0x080075d0   0x080075d0   0x0000002c   Code   RO         5827    i.jump_app          boot.o
    0x080075fc   0x080075fc   0x000001e8   Code   RO           16    i.main              main.o
    0x080077e4   0x080077e4   0x00000068   Code   RO         7260    i.msh_exec          parser.o
    0x0800784c   0x0800784c   0x000000d0   Code   RO         7261    i.msh_split         parser.o
    0x0800791c   0x0800791c   0x0000000a   Code   RO         5453    i.my_getchar        bsp_usart.o
    0x08007926   0x08007926   0x00000004   Code   RO         7987    i.popen             file.o
    0x0800792a   0x0800792a   0x00000002   PAD
    0x0800792c   0x0800792c   0x00000048   Code   RO         7502    i.printenv          cmd_setenv.o
    0x08007974   0x08007974   0x00000004   Code   RO         8218    i.putc              mc_w.l(putc.o)
    0x08007978   0x08007978   0x00000018   Code   RO         7988    i.putc2             file.o
    0x08007990   0x08007990   0x00000020   Code   RO         5454    i.putdatas          bsp_usart.o
    0x080079b0   0x080079b0   0x0000001c   Code   RO         5456    i.putstr            bsp_usart.o
    0x080079cc   0x080079cc   0x00000004   Code   RO         5331    i.qspi_flash_erase  bsp_qspi.o
    0x080079d0   0x080079d0   0x00000004   Code   RO         5332    i.qspi_flash_read   bsp_qspi.o
    0x080079d4   0x080079d4   0x00000004   Code   RO         5333    i.qspi_flash_write  bsp_qspi.o
    0x080079d8   0x080079d8   0x0000003c   Code   RO         7715    i.rz                mrz.o
    0x08007a14   0x08007a14   0x000000dc   Code   RO         7602    i.rz_init           lrz.o
    0x08007af0   0x08007af0   0x00000258   Code   RO         7603    i.rz_process_header  lrz.o
    0x08007d48   0x08007d48   0x0000009e   Code   RO         7604    i.rz_receive        lrz.o
    0x08007de6   0x08007de6   0x00000002   PAD
    0x08007de8   0x08007de8   0x000001f4   Code   RO         7605    i.rz_receive_file   lrz.o
    0x08007fdc   0x08007fdc   0x0000008c   Code   RO         7606    i.rz_receive_pathname  lrz.o
    0x08008068   0x08008068   0x00000158   Code   RO         7607    i.rz_receive_sector  lrz.o
    0x080081c0   0x080081c0   0x000000ac   Code   RO         7608    i.rz_receive_sectors  lrz.o
    0x0800826c   0x0800826c   0x00000054   Code   RO         7609    i.rz_write_string_to_file  lrz.o
    0x080082c0   0x080082c0   0x0000012e   Code   RO         7610    i.rz_zmodem_session_startup  lrz.o
    0x080083ee   0x080083ee   0x00000002   Code   RO         7739    i.sendbrk           rbsb.o
    0x080083f0   0x080083f0   0x0000010c   Code   RO         7503    i.setenv            cmd_setenv.o
    0x080084fc   0x080084fc   0x0000024c   Code   RO         7079    i.shell             shell.o
    0x08008748   0x08008748   0x00000040   Code   RO         7080    i.shell_handle_history  shell.o
    0x08008788   0x08008788   0x000000b4   Code   RO         7081    i.shell_push_history  shell.o
    0x0800883c   0x0800883c   0x00000004   Code   RO         7989    i.sleep             file.o
    0x08008840   0x08008840   0x00000064   Code   RO         7391    i.str2hex           cmd_flash.o
    0x080088a4   0x080088a4   0x00000030   Code   RO         6231    i.test_api_get_falsh_size  api_information.o
    0x080088d4   0x080088d4   0x0000004c   Code   RO         6232    i.test_chip_id_info  api_information.o
    0x08008920   0x08008920   0x000000a4   Code   RO         6233    i.test_clock_info   api_information.o
    0x080089c4   0x080089c4   0x00000018   Code   RO         7583    i.updcrc            crctab.o
    0x080089dc   0x080089dc   0x00000058   Code   RO         7611    i.write_modem_escaped_string_to_stdout  lrz.o
    0x08008a34   0x08008a34   0x00000040   Code   RO         7760    i.zm_ackbibi        zm.o
    0x08008a74   0x08008a74   0x0000009e   Code   RO         7761    i.zm_do_crc_check   zm.o
    0x08008b12   0x08008b12   0x00000060   Code   RO         7762    i.zm_escape_sequence_init  zm.o
    0x08008b72   0x08008b72   0x00000038   Code   RO         7764    i.zm_get_ascii_char  zm.o
    0x08008baa   0x08008baa   0x00000020   Code   RO         7765    i.zm_get_escaped_char  zm.o
    0x08008bca   0x08008bca   0x000000e2   Code   RO         7766    i.zm_get_escaped_char_internal  zm.o
    0x08008cac   0x08008cac   0x00000158   Code   RO         7767    i.zm_get_header     zm.o
    0x08008e04   0x08008e04   0x0000003e   Code   RO         7768    i.zm_get_hex_encoded_byte  zm.o
    0x08008e42   0x08008e42   0x00000002   PAD
    0x08008e44   0x08008e44   0x0000004c   Code   RO         7770    i.zm_init           zm.o
    0x08008e90   0x08008e90   0x00000078   Code   RO         7773    i.zm_read_binary_header  zm.o
    0x08008f08   0x08008f08   0x00000078   Code   RO         7774    i.zm_read_binary_header32  zm.o
    0x08008f80   0x08008f80   0x000000cc   Code   RO         7775    i.zm_read_data32    zm.o
    0x0800904c   0x0800904c   0x0000008c   Code   RO         7776    i.zm_read_hex_header  zm.o
    0x080090d8   0x080090d8   0x000000bc   Code   RO         7777    i.zm_receive_data   zm.o
    0x08009194   0x08009194   0x00000016   Code   RO         7778    i.zm_reclaim_receive_header  zm.o
    0x080091aa   0x080091aa   0x00000002   PAD
    0x080091ac   0x080091ac   0x000000ba   Code   RO         7784    i.zm_send_hex_header  zm.o
    0x08009266   0x08009266   0x00000012   Code   RO         7785    i.zm_set_header_payload  zm.o
    0x08009278   0x08009278   0x0000000e   Code   RO         7786    i.zm_set_header_payload_bytes  zm.o
    0x08009286   0x08009286   0x0000009c   Code   RO         7612    i.zmodem_receive    lrz.o
    0x08009322   0x08009322   0x00000002   PAD
    0x08009324   0x08009324   0x00000018   Code   RO         7788    i.zputhex           zm.o
    0x0800933c   0x0800933c   0x00000018   Code   RO         7942    i.zreadline_canit   zreadline.o
    0x08009354   0x08009354   0x00000002   Code   RO         7944    i.zreadline_flushline  zreadline.o
    0x08009356   0x08009356   0x0000000a   Code   RO         7945    i.zreadline_getc    zreadline.o
    0x08009360   0x08009360   0x00000024   Code   RO         7946    i.zreadline_init    zreadline.o
    0x08009384   0x08009384   0x00000030   Data   RO          368    .constdata          cryp.o
    0x080093b4   0x080093b4   0x00000010   Data   RO         3210    .constdata          stm32h7xx_hal_cryp.o
    0x080093c4   0x080093c4   0x00000018   Data   RO         4744    .constdata          stm32h7xx_hal_uart.o
    0x080093dc   0x080093dc   0x00000010   Data   RO         5110    .constdata          stm32h7xx_hal_uart_ex.o
    0x080093ec   0x080093ec   0x00000010   Data   RO         5215    .constdata          system_stm32h7xx.o
    0x080093fc   0x080093fc   0x00000014   Data   RO         6428    .constdata          sd_diskio.o
    0x08009410   0x08009410   0x00000081   Data   RO         8237    .constdata          mc_w.l(ctype_o.o)
    0x08009491   0x08009491   0x00000003   PAD
    0x08009494   0x08009494   0x00000004   Data   RO         8238    .constdata          mc_w.l(ctype_o.o)
    0x08009498   0x08009498   0x0000000c   Data   RO         5334    .conststring        bsp_qspi.o
    0x080094a4   0x080094a4   0x00000006   Data   RO         7083    .conststring        shell.o
    0x080094aa   0x080094aa   0x00000002   PAD
    0x080094ac   0x080094ac   0x00000071   Data   RO         7319    .conststring        cmd_help.o
    0x0800951d   0x0800951d   0x00000003   PAD
    0x08009520   0x08009520   0x0000004e   Data   RO         7338    .conststring        cmd_clear.o
    0x0800956e   0x0800956e   0x00000002   PAD
    0x08009570   0x08009570   0x0000004a   Data   RO         7360    .conststring        cmd_crc32.o
    0x080095ba   0x080095ba   0x00000002   PAD
    0x080095bc   0x080095bc   0x000000ba   Data   RO         7392    .conststring        cmd_flash.o
    0x08009676   0x08009676   0x00000002   PAD
    0x08009678   0x08009678   0x00000037   Data   RO         7427    .conststring        cmd_go.o
    0x080096af   0x080096af   0x00000001   PAD
    0x080096b0   0x080096b0   0x0000004b   Data   RO         7479    .conststring        cmd_reboot.o
    0x080096fb   0x080096fb   0x00000001   PAD
    0x080096fc   0x080096fc   0x0000004b   Data   RO         7504    .conststring        cmd_setenv.o
    0x08009747   0x08009747   0x00000001   PAD
    0x08009748   0x08009748   0x0000003c   Data   RO         7505    .conststring        cmd_setenv.o
    0x08009784   0x08009784   0x00000047   Data   RO         7716    .conststring        mrz.o
    0x080097cb   0x080097cb   0x00000001   PAD
    0x080097cc   0x080097cc   0x00000020   Data   RO         8633    Region$$Table       anon$$obj.o


    Execution Region RW_IRAM1 (Exec base: 0x20000000, Load base: 0x080097ec, Size: 0x00001a88, Max: 0x00020000, ABSOLUTE, COMPRESSED[0x000006f0])

    Exec Addr    Load Addr    Size         Type   Attr      Idx    E Section Name        Object

    0x20000000   COMPRESSED   0x00000008   Data   RW          412    .data               fmc.o
    0x20000008   COMPRESSED   0x0000000c   Data   RW         2302    .data               stm32h7xx_hal.o
    0x20000014   COMPRESSED   0x00000008   Data   RW         5216    .data               system_stm32h7xx.o
    0x2000001c   COMPRESSED   0x00000010   Data   RW         5335    .data               bsp_qspi.o
    0x2000002c   COMPRESSED   0x00000020   Data   RW         5837    .data               boot.o
    0x2000004c   COMPRESSED   0x00000010   Data   RW         6234    .data               api_information.o
    0x2000005c   COMPRESSED   0x00000008   Data   RW         6235    .data               api_information.o
    0x20000064   COMPRESSED   0x00000001   Data   RW         6429    .data               sd_diskio.o
    0x20000065   COMPRESSED   0x00000005   Data   RW         6510    .data               fatfs.o
    0x2000006a   COMPRESSED   0x00000002   PAD
    0x2000006c   COMPRESSED   0x00000004   Data   RW         7084    .data               shell.o
    0x20000070   COMPRESSED   0x00000028   Data   RW         7299    .data               command.o
    0x20000098   COMPRESSED   0x00000010   Data   RW         7320    .data               cmd_help.o
    0x200000a8   COMPRESSED   0x00000010   Data   RW         7339    .data               cmd_clear.o
    0x200000b8   COMPRESSED   0x00000010   Data   RW         7361    .data               cmd_crc32.o
    0x200000c8   COMPRESSED   0x00000010   Data   RW         7393    .data               cmd_flash.o
    0x200000d8   COMPRESSED   0x00000010   Data   RW         7428    .data               cmd_go.o
    0x200000e8   COMPRESSED   0x00000010   Data   RW         7480    .data               cmd_reboot.o
    0x200000f8   COMPRESSED   0x00000003   Data   RW         7506    .data               cmd_setenv.o
    0x200000fb   COMPRESSED   0x00000001   PAD
    0x200000fc   COMPRESSED   0x00000010   Data   RW         7507    .data               cmd_setenv.o
    0x2000010c   COMPRESSED   0x00000010   Data   RW         7508    .data               cmd_setenv.o
    0x2000011c   COMPRESSED   0x00000600   Data   RW         7584    .data               crctab.o
    0x2000071c   COMPRESSED   0x00000010   Data   RW         7717    .data               mrz.o
    0x2000072c   COMPRESSED   0x00000011   Data   RW         7792    .data               zm.o
    0x2000073d   COMPRESSED   0x00000015   Data   RW         7948    .data               zreadline.o
    0x20000752   COMPRESSED   0x00000002   PAD
    0x20000754   COMPRESSED   0x00000004   Data   RW         8232    .data               mc_w.l(stdout.o)
    0x20000758   COMPRESSED   0x00000004   Data   RW         8233    .data               mc_w.l(stderr.o)
    0x2000075c        -       0x00000024   Zero   RW          325    .bss                crc.o
    0x20000780        -       0x00000060   Zero   RW          367    .bss                cryp.o
    0x200007e0        -       0x00000034   Zero   RW          411    .bss                fmc.o
    0x20000814        -       0x0000004c   Zero   RW          458    .bss                quadspi.o
    0x20000860        -       0x0000007c   Zero   RW          500    .bss                sdmmc.o
    0x200008dc        -       0x00000094   Zero   RW          542    .bss                usart.o
    0x20000970        -       0x00000010   Zero   RW         5689    .bss                bsp_sdram.o
    0x20000980        -       0x0000000c   Zero   RW         6960    .bss                ff_gen_drv.o
    0x2000098c        -       0x000001ec   Zero   RW         7082    .bss                shell.o
    0x20000b78        -       0x000005ac   Zero   RW         7613    .bss                lrz.o
    0x20001124        -       0x00000140   Zero   RW         7790    .bss                zm.o
    0x20001264        -       0x00000018   Zero   RW         7947    .bss                zreadline.o
    0x2000127c        -       0x0000000c   Zero   RW         7990    .bss                file.o
    0x20001288        -       0x00000800   Zero   RW            1    STACK               startup_stm32h750xx.o


==============================================================================

Image component sizes


      Code (inc. data)   RO Data    RW Data    ZI Data      Debug   Object Name

       368        170          0         24          0       6998   api_information.o
       260         36          0         32          0      45168   boot.o
       174         26          0          0          0       4477   bsp_driver_sd.o
        16          0          0          0          0       2146   bsp_information.o
        20          4         12         16          0       5790   bsp_qspi.o
         0          0          0          0          0       2332   bsp_sd.o
       316         72          0          0         16       2142   bsp_sdram.o
       126         24          0          0          0       4738   bsp_usart.o
        20         12         78         16          0        768   cmd_clear.o
       204        128         74         16          0       3020   cmd_crc32.o
       260         26        186         16          0       2678   cmd_flash.o
         0          0         55         16          0        245   cmd_go.o
       148         38        113         16          0       1639   cmd_help.o
         0          0         75         16          0        257   cmd_reboot.o
       340        196        135         35          0       2288   cmd_setenv.o
        52         10          0         40          0       2217   command.o
       100         20          0          0         36       1839   crc.o
        44         10          0       1536          0       1846   crctab.o
       100         24         48          0         96       1914   cryp.o
        28         10          0          5          0       1298   fatfs.o
        24          4          0          0          0        613   fatfs_platform.o
         0          0          0          0          0        652   ff.o
        70          6          0          0         12       1803   ff_gen_drv.o
       128         26          0          0         12       7832   file.o
       332         42          0          8         52       2616   fmc.o
       300         16          0          0          0       1359   gpio.o
        92         30          0          0          0      37844   interface_cmd.o
      2764        102          0          0       1452      20988   lrz.o
       716        228          0          0          0    1354259   main.o
        60         28         71         16          0       2702   mrz.o
       430         64          0          0          0       3983   parser.o
       268         26          0          0         76       2157   quadspi.o
         8          0          0          0          0        992   rbsb.o
       232         14         20          1          0       5052   sd_diskio.o
       300         40          0          0        124       2695   sdmmc.o
       832         50          6          4        492       5693   shell.o
        36          8        664          0       2048        876   startup_stm32h750xx.o
       232         44          0         12          0      23812   stm32h7xx_hal.o
       172         12          0          0          0      39134   stm32h7xx_hal_cortex.o
       346          6          0          0          0       3915   stm32h7xx_hal_crc.o
        84          0          0          0          0       1483   stm32h7xx_hal_crc_ex.o
      4622         20         16          0          0      18903   stm32h7xx_hal_cryp.o
       944         94          0          0          0       4121   stm32h7xx_hal_gpio.o
        28          6          0          0          0       1018   stm32h7xx_hal_msp.o
        84          6          0          0          0        829   stm32h7xx_hal_pwr_ex.o
       244         10          0          0          0       2942   stm32h7xx_hal_qspi.o
      2466        102          0          0          0       7464   stm32h7xx_hal_rcc.o
      4776        174          0          0          0      10947   stm32h7xx_hal_rcc_ex.o
      3256         68          0          0          0      16495   stm32h7xx_hal_sd.o
       186          4          0          0          0       3136   stm32h7xx_hal_sdram.o
      2048        112         24          0          0      28637   stm32h7xx_hal_uart.o
       284          6         16          0          0       4021   stm32h7xx_hal_uart_ex.o
        20          0          0          0          0       4538   stm32h7xx_it.o
       338         12          0          0          0       4528   stm32h7xx_ll_fmc.o
      1790         72          0          0          0      25902   stm32h7xx_ll_sdmmc.o
       220         40         16          8          0       1634   system_stm32h7xx.o
       340         44          0          0        148       2765   usart.o
      2150         20          0         17        320      17959   zm.o
        72          8          0         21         24       3362   zreadline.o

    ----------------------------------------------------------------------
     33928       2350       1656       1876       4908    1773461   Object Totals
         0          0         32          0          0          0   (incl. Generated)
        58          0         15          5          0          0   (incl. Padding)

    ----------------------------------------------------------------------

      Code (inc. data)   RO Data    RW Data    ZI Data      Debug   Library Member Name

        56          8          0          0          0         84   __0sscanf.o
        86          0          0          0          0          0   __dczerorl2.o
        28          0          0          0          0         68   _chval.o
       812          4          0          0          0        112   _scanf.o
       332          0          0          0          0         96   _scanf_int.o
        64          0          0          0          0         84   _sgetc.o
         8          4        133          0          0         68   ctype_o.o
         0          0          0          0          0          0   entry.o
         0          0          0          0          0          0   entry10a.o
         0          0          0          0          0          0   entry11a.o
         8          4          0          0          0          0   entry2.o
         4          0          0          0          0          0   entry5.o
         0          0          0          0          0          0   entry7b.o
         0          0          0          0          0          0   entry8b.o
         8          4          0          0          0          0   entry9a.o
        24          0          0          0          0         80   fputs.o
         4          0          0          0          0         68   getc.o
        30          0          0          0          0          0   handlers.o
        36          8          0          0          0         68   init.o
        18          0          0          0          0         76   isspace_o.o
        30          0          0          0          0         68   llshl.o
        32          0          0          0          0         68   llushr.o
        26          0          0          0          0         80   memcmp.o
        64          0          0          0          0         76   memmovea.o
        36          0          0          0          0        108   memseta.o
      1182         60          0          0          0        436   printf8.o
         4          0          0          0          0         68   putc.o
        40          8          0          0          0         84   scanf_char.o
         0          0          0          4          0          0   stderr.o
         0          0          0          4          0          0   stdout.o
        28          0          0          0          0         76   strcmp.o
        18          0          0          0          0         68   strcpy.o
        14          0          0          0          0         68   strlen.o
        32          0          0          0          0         76   strpbrk.o
        32          0          0          0          0         68   strrchr.o
        12          0          0          0          0         68   tolower.o
        98          0          0          0          0         92   uldiv.o

    ----------------------------------------------------------------------
      3172        100        136          8          0       2308   Library Totals
         6          0          3          0          0          0   (incl. Padding)

    ----------------------------------------------------------------------

      Code (inc. data)   RO Data    RW Data    ZI Data      Debug   Library Name

      3166        100        133          8          0       2308   mc_w.l

    ----------------------------------------------------------------------
      3172        100        136          8          0       2308   Library Totals

    ----------------------------------------------------------------------

==============================================================================


      Code (inc. data)   RO Data    RW Data    ZI Data      Debug   

     37100       2450       1792       1884       4908    1750657   Grand Totals
     37100       2450       1792       1776       4908    1750657   ELF Image Totals (compressed)
     37100       2450       1792       1776          0          0   ROM Totals

==============================================================================

    Total RO  Size (Code + RO Data)                38892 (  37.98kB)
    Total RW  Size (RW Data + ZI Data)              6792 (   6.63kB)
    Total ROM Size (Code + RO Data + RW Data)      40668 (  39.71kB)

==============================================================================

