<html>
<body>
<pre>
<h1>µVision Build Log</h1>
<h2>Tool Versions:</h2>
IDE-Version: ¶ÃVision V5.28.0.0
Copyright (C) 2019 ARM Ltd and ARM Germany GmbH. All rights reserved.
License Information: 1 1, 1, LIC=76F5U-S6INI-FWB2N-YI6GF-7LG2Z-TECWC
 
Tool Versions:
Toolchain:       MDK-ARM Plus  Version: 5.28.0.0
Toolchain Path:  D:\software_work\keil5\ARM\ARMCLANG\Bin
C Compiler:      ArmClang.exe V6.12
Assembler:       Armasm.exe V6.12
Linker/Locator:  ArmLink.exe V6.12
Library Manager: ArmAr.exe V6.12
Hex Converter:   FromElf.exe V6.12
CPU DLL:         SARMCM3.DLL V5.28.0.0
Dialog DLL:      DCM.DLL V1.17.3.0
Target DLL:      STLink\ST-LINKIII-KEIL_SWO.dll V3.0.6.0
Dialog DLL:      TCM.DLL V1.36.2.0
 
<h2>Project:</h2>
F:\œ¬‘ÿ\en.STM32CubeExpansion_Crypto\STM32CubeExpansion_Crypto_V4.1.0\Projects\NUCLEO-H743ZI\Applications\Cipher\AES_CBC_EncryptDecrypt\MDK-ARM\Project.uvprojx
Project File Date:  12/27/2023

<h2>Output:</h2>
*** Using Compiler 'V6.12', folder: 'D:\software_work\keil5\ARM\ARMCLANG\Bin'
Build target 'STM32H743ZI-Nucleo_AES_CBC_EncryptDecrypt'
compiling cmox_low_level.c...
compiling stm32h7xx_it.c...
compiling stm32h7xx_hal_cortex.c...
compiling stm32h7xx_hal.c...
compiling stm32h7xx_hal_pwr.c...
compiling stm32h7xx_nucleo_144.c...
compiling stm32h7xx_hal_msp.c...
compiling stm32h7xx_hal_rcc.c...
compiling stm32h7xx_hal_gpio.c...
compiling main.c...
compiling stm32h7xx_hal_pwr_ex.c...
assembling startup_stm32h743xx.s...
compiling stm32h7xx_hal_rcc_ex.c...
compiling system_stm32h7xx.c...
linking...
Program Size: Code=10912 RO-data=3640 RW-data=28 ZI-data=1540  
"STM32H743ZI-Nucleo\Exe\Project.axf" - 0 Error(s), 0 Warning(s).

<h2>Software Packages used:</h2>

Package Vendor: ARM
                http://www.keil.com/pack/ARM.CMSIS.5.9.0.pack
                ARM.CMSIS.5.9.0
                CMSIS (Common Microcontroller Software Interface Standard)
   * Component: CORE Version: 5.6.0

Package Vendor: Keil
                http://www.keil.com/pack/Keil.STM32H7xx_DFP.3.0.0.pack
                Keil.STM32H7xx_DFP.3.0.0
                STMicroelectronics STM32H7 Series Device Support and Examples

<h2>Collection of Component include folders:</h2>
  .\RTE\_STM32H743ZI-Nucleo_AES_CBC_EncryptDecrypt
  D:\software_work\keil5\ARM\CMSIS\5.9.0\CMSIS\Core\Include
  D:\software_work\keil5\Keil\STM32H7xx_DFP\3.0.0\Drivers\CMSIS\Device\ST\STM32H7xx\Include

<h2>Collection of Component Files used:</h2>

   * Component: ARM::CMSIS:CORE:5.6.0
      Include file:  CMSIS\Core\Include\tz_context.h
Build Time Elapsed:  00:00:05
</pre>
</body>
</html>
